Component: ARM Compiler 5.05 update 1 (build 106) Tool: armlink [4d0efa]

==============================================================================

Section Cross References

    main.o(i.main) refers to _printf_pad.o(.text) for _printf_pre_padding
    main.o(i.main) refers to _printf_percent.o(.ARM.Collect$$_printf_percent$$00000000) for _printf_percent
    main.o(i.main) refers to _printf_d.o(.ARM.Collect$$_printf_percent$$00000009) for _printf_d
    main.o(i.main) refers to _printf_f.o(.ARM.Collect$$_printf_percent$$00000003) for _printf_f
    main.o(i.main) refers to _printf_dec.o(.text) for _printf_int_dec
    main.o(i.main) refers to printf1.o(x$fpl$printf1) for _printf_fp_dec
    main.o(i.main) refers to usart.o(i.uart_init) for uart_init
    main.o(i.main) refers to delay.o(i.delay_init) for delay_init
    main.o(i.main) refers to led.o(i.LED_Init) for LED_Init
    main.o(i.main) refers to timer.o(i.TIM_Int_Init) for TIM_Int_Init
    main.o(i.main) refers to myiic.o(i.IIC_Init) for IIC_Init
    main.o(i.main) refers to delay.o(i.delay_ms) for delay_ms
    main.o(i.main) refers to noretval__2printf.o(.text) for __2printf
    main.o(i.main) refers to myiic.o(i.INIT_HMC5883) for INIT_HMC5883
    main.o(i.main) refers to myiic.o(i.IIC_Single_Read) for IIC_Single_Read
    main.o(i.main) refers to dflt_clz.o(x$fpl$dflt) for __aeabi_i2d
    main.o(i.main) refers to ddiv.o(x$fpl$ddiv) for __aeabi_ddiv
    main.o(i.main) refers to daddsub_clz.o(x$fpl$dsub) for __aeabi_dsub
    main.o(i.main) refers to dfix.o(x$fpl$dfix) for __aeabi_d2iz
    main.o(i.main) refers to atan2.o(i.atan2) for atan2
    main.o(i.main) refers to dmul.o(x$fpl$dmul) for __aeabi_dmul
    main.o(i.main) refers to daddsub_clz.o(x$fpl$dadd) for __aeabi_dadd
    main.o(i.main) refers to myiic.o(.data) for BUF
    system_stm32f10x.o(i.SetSysClock) refers to system_stm32f10x.o(i.SetSysClockTo72) for SetSysClockTo72
    system_stm32f10x.o(i.SystemCoreClockUpdate) refers to system_stm32f10x.o(.data) for SystemCoreClock
    system_stm32f10x.o(i.SystemInit) refers to system_stm32f10x.o(i.SetSysClock) for SetSysClock
    delay.o(i.delay_init) refers to misc.o(i.SysTick_CLKSourceConfig) for SysTick_CLKSourceConfig
    delay.o(i.delay_init) refers to system_stm32f10x.o(.data) for SystemCoreClock
    delay.o(i.delay_init) refers to delay.o(.data) for fac_us
    delay.o(i.delay_ms) refers to delay.o(.data) for fac_ms
    delay.o(i.delay_us) refers to delay.o(.data) for fac_us
    usart.o(i.USART1_IRQHandler) refers (Special) to use_no_semi_2.o(.text) for __use_no_semihosting
    usart.o(i.USART1_IRQHandler) refers to stm32f10x_usart.o(i.USART_GetITStatus) for USART_GetITStatus
    usart.o(i.USART1_IRQHandler) refers to stm32f10x_usart.o(i.USART_ReceiveData) for USART_ReceiveData
    usart.o(i.USART1_IRQHandler) refers to usart.o(.data) for USART_RX_STA
    usart.o(i.USART1_IRQHandler) refers to usart.o(.bss) for USART_RX_BUF
    usart.o(i._sys_exit) refers (Special) to use_no_semi_2.o(.text) for __use_no_semihosting
    usart.o(i.fputc) refers (Special) to use_no_semi_2.o(.text) for __use_no_semihosting
    usart.o(i.uart_init) refers (Special) to use_no_semi_2.o(.text) for __use_no_semihosting
    usart.o(i.uart_init) refers to stm32f10x_rcc.o(i.RCC_APB2PeriphClockCmd) for RCC_APB2PeriphClockCmd
    usart.o(i.uart_init) refers to stm32f10x_gpio.o(i.GPIO_Init) for GPIO_Init
    usart.o(i.uart_init) refers to misc.o(i.NVIC_Init) for NVIC_Init
    usart.o(i.uart_init) refers to stm32f10x_usart.o(i.USART_Init) for USART_Init
    usart.o(i.uart_init) refers to stm32f10x_usart.o(i.USART_ITConfig) for USART_ITConfig
    usart.o(i.uart_init) refers to stm32f10x_usart.o(i.USART_Cmd) for USART_Cmd
    usart.o(.bss) refers (Special) to use_no_semi_2.o(.text) for __use_no_semihosting
    usart.o(.data) refers (Special) to use_no_semi_2.o(.text) for __use_no_semihosting
    startup_stm32f10x_hd.o(STACK) refers (Special) to heapauxi.o(.text) for __use_two_region_memory
    startup_stm32f10x_hd.o(HEAP) refers (Special) to heapauxi.o(.text) for __use_two_region_memory
    startup_stm32f10x_hd.o(RESET) refers (Special) to heapauxi.o(.text) for __use_two_region_memory
    startup_stm32f10x_hd.o(RESET) refers to startup_stm32f10x_hd.o(STACK) for __initial_sp
    startup_stm32f10x_hd.o(RESET) refers to startup_stm32f10x_hd.o(.text) for Reset_Handler
    startup_stm32f10x_hd.o(RESET) refers to stm32f10x_it.o(i.NMI_Handler) for NMI_Handler
    startup_stm32f10x_hd.o(RESET) refers to stm32f10x_it.o(i.HardFault_Handler) for HardFault_Handler
    startup_stm32f10x_hd.o(RESET) refers to stm32f10x_it.o(i.MemManage_Handler) for MemManage_Handler
    startup_stm32f10x_hd.o(RESET) refers to stm32f10x_it.o(i.BusFault_Handler) for BusFault_Handler
    startup_stm32f10x_hd.o(RESET) refers to stm32f10x_it.o(i.UsageFault_Handler) for UsageFault_Handler
[...]
    Removing stm32f10x_tim.o(i.TIM_SetCompare2), (4 bytes).
    Removing stm32f10x_tim.o(i.TIM_SetCompare3), (4 bytes).
    Removing stm32f10x_tim.o(i.TIM_SetCompare4), (6 bytes).
    Removing stm32f10x_tim.o(i.TIM_SetCounter), (4 bytes).
    Removing stm32f10x_tim.o(i.TIM_SetIC1Prescaler), (18 bytes).
    Removing stm32f10x_tim.o(i.TIM_SetIC2Prescaler), (26 bytes).
    Removing stm32f10x_tim.o(i.TIM_SetIC3Prescaler), (18 bytes).
    Removing stm32f10x_tim.o(i.TIM_SetIC4Prescaler), (26 bytes).
    Removing stm32f10x_tim.o(i.TIM_TIxExternalClockConfig), (62 bytes).
    Removing stm32f10x_tim.o(i.TIM_TimeBaseStructInit), (18 bytes).
    Removing stm32f10x_tim.o(i.TIM_UpdateDisableConfig), (24 bytes).
    Removing stm32f10x_tim.o(i.TIM_UpdateRequestConfig), (24 bytes).
    Removing stm32f10x_usart.o(i.USART_ClearFlag), (18 bytes).
    Removing stm32f10x_usart.o(i.USART_ClearITPendingBit), (30 bytes).
    Removing stm32f10x_usart.o(i.USART_ClockInit), (34 bytes).
    Removing stm32f10x_usart.o(i.USART_ClockStructInit), (12 bytes).
    Removing stm32f10x_usart.o(i.USART_DMACmd), (18 bytes).
    Removing stm32f10x_usart.o(i.USART_DeInit), (156 bytes).
    Removing stm32f10x_usart.o(i.USART_GetFlagStatus), (26 bytes).
    Removing stm32f10x_usart.o(i.USART_HalfDuplexCmd), (24 bytes).
    Removing stm32f10x_usart.o(i.USART_IrDACmd), (24 bytes).
    Removing stm32f10x_usart.o(i.USART_IrDAConfig), (18 bytes).
    Removing stm32f10x_usart.o(i.USART_LINBreakDetectLengthConfig), (18 bytes).
    Removing stm32f10x_usart.o(i.USART_LINCmd), (24 bytes).
    Removing stm32f10x_usart.o(i.USART_OneBitMethodCmd), (24 bytes).
    Removing stm32f10x_usart.o(i.USART_OverSampling8Cmd), (22 bytes).
    Removing stm32f10x_usart.o(i.USART_ReceiverWakeUpCmd), (24 bytes).
    Removing stm32f10x_usart.o(i.USART_SendBreak), (10 bytes).
    Removing stm32f10x_usart.o(i.USART_SendData), (8 bytes).
    Removing stm32f10x_usart.o(i.USART_SetAddress), (18 bytes).
    Removing stm32f10x_usart.o(i.USART_SetGuardTime), (16 bytes).
    Removing stm32f10x_usart.o(i.USART_SetPrescaler), (16 bytes).
    Removing stm32f10x_usart.o(i.USART_SmartCardCmd), (24 bytes).
    Removing stm32f10x_usart.o(i.USART_SmartCardNACKCmd), (24 bytes).
    Removing stm32f10x_usart.o(i.USART_StructInit), (24 bytes).
    Removing stm32f10x_usart.o(i.USART_WakeUpConfig), (18 bytes).
    Removing stm32f10x_wwdg.o(i.WWDG_ClearFlag), (12 bytes).
    Removing stm32f10x_wwdg.o(i.WWDG_DeInit), (22 bytes).
    Removing stm32f10x_wwdg.o(i.WWDG_Enable), (16 bytes).
    Removing stm32f10x_wwdg.o(i.WWDG_EnableIT), (12 bytes).
    Removing stm32f10x_wwdg.o(i.WWDG_GetFlagStatus), (12 bytes).
    Removing stm32f10x_wwdg.o(i.WWDG_SetCounter), (16 bytes).
    Removing stm32f10x_wwdg.o(i.WWDG_SetPrescaler), (24 bytes).
    Removing stm32f10x_wwdg.o(i.WWDG_SetWindowValue), (40 bytes).
    Removing myiic.o(i.Multiple_read), (88 bytes).
    Removing delay_5883.o(i.Delay), (10 bytes).
    Removing delay_5883.o(i.Delayms), (24 bytes).
    Removing delay_5883.o(i.I2C_delay), (14 bytes).
    Removing delay_5883.o(i.delay5ms), (14 bytes).
    Removing iic_5883.o(i.I2C_Ack), (60 bytes).
    Removing iic_5883.o(i.I2C_GPIO_Config), (56 bytes).
    Removing iic_5883.o(i.I2C_NoAck), (60 bytes).
    Removing iic_5883.o(i.I2C_RadeByte), (88 bytes).
    Removing iic_5883.o(i.I2C_SendByte), (92 bytes).
    Removing iic_5883.o(i.I2C_Start), (96 bytes).
    Removing iic_5883.o(i.I2C_Stop), (60 bytes).
    Removing iic_5883.o(i.I2C_WaitAck), (92 bytes).
    Removing signal_5883.o(i.Single_Read), (92 bytes).
    Removing signal_5883.o(i.Single_Write), (70 bytes).
    Removing signal_5883.o(i.conversion), (12 bytes).
    Removing signal_5883.o(i.read_hmc5883l), (280 bytes).
    Removing signal_5883.o(.data), (4 bytes).

480 unused section(s) (total 19272 bytes) removed from the image.

==============================================================================

Image Symbol Table

    Local Symbols

    Symbol Name                              Value     Ov Type        Size  Object(Section)

    ../clib/angel/boardlib.s                 0x00000000   Number         0  boardinit3.o ABSOLUTE
    ../clib/angel/boardlib.s                 0x00000000   Number         0  boardinit2.o ABSOLUTE
    ../clib/angel/boardlib.s                 0x00000000   Number         0  boardinit1.o ABSOLUTE
    ../clib/angel/boardlib.s                 0x00000000   Number         0  boardshut.o ABSOLUTE
    ../clib/angel/handlers.s                 0x00000000   Number         0  __scatter_zi.o ABSOLUTE
    ../clib/angel/handlers.s                 0x00000000   Number         0  __scatter_copy.o ABSOLUTE
    ../clib/angel/kernel.s                   0x00000000   Number         0  __rtentry2.o ABSOLUTE
    ../clib/angel/kernel.s                   0x00000000   Number         0  rtexit2.o ABSOLUTE
    ../clib/angel/kernel.s                   0x00000000   Number         0  __rtentry4.o ABSOLUTE
    ../clib/angel/kernel.s                   0x00000000   Number         0  rtexit.o ABSOLUTE
    ../clib/angel/kernel.s                   0x00000000   Number         0  __rtentry.o ABSOLUTE
    ../clib/angel/rt.s                       0x00000000   Number         0  rt_locale.o ABSOLUTE
    ../clib/angel/rt.s                       0x00000000   Number         0  rt_locale_intlibspace.o ABSOLUTE
    ../clib/angel/rt.s                       0x00000000   Number         0  rt_errno_addr_intlibspace.o ABSOLUTE
    ../clib/angel/rt.s                       0x00000000   Number         0  rt_raise.o ABSOLUTE
    ../clib/angel/rt.s                       0x00000000   Number         0  rt_errno_addr.o ABSOLUTE
    ../clib/angel/scatter.s                  0x00000000   Number         0  __scatter.o ABSOLUTE
    ../clib/angel/startup.s                  0x00000000   Number         0  __main.o ABSOLUTE
    ../clib/angel/sys.s                      0x00000000   Number         0  use_no_semi_2.o ABSOLUTE
    ../clib/angel/sys.s                      0x00000000   Number         0  use_no_semi.o ABSOLUTE
    ../clib/angel/sys.s                      0x00000000   Number         0  sys_stackheap_outer.o ABSOLUTE
    ../clib/angel/sys.s                      0x00000000   Number         0  libspace.o ABSOLUTE
    ../clib/angel/sys.s                      0x00000000   Number         0  indicate_semi.o ABSOLUTE
    ../clib/angel/sysapp.c                   0x00000000   Number         0  sys_command.o ABSOLUTE
    ../clib/angel/sysapp.c                   0x00000000   Number         0  sys_wrch.o ABSOLUTE
    ../clib/armsys.c                         0x00000000   Number         0  _get_argv_nomalloc.o ABSOLUTE
    ../clib/armsys.c                         0x00000000   Number         0  no_argv.o ABSOLUTE
    ../clib/armsys.c                         0x00000000   Number         0  argv_veneer.o ABSOLUTE
    ../clib/armsys.c                         0x00000000   Number         0  argv_veneer.o ABSOLUTE
    ../clib/bigflt.c                         0x00000000   Number         0  bigflt0.o ABSOLUTE
    ../clib/btod.s                           0x00000000   Number         0  btod.o ABSOLUTE
    ../clib/fenv.c                           0x00000000   Number         0  _rserrno.o ABSOLUTE
    ../clib/heapalloc.c                      0x00000000   Number         0  hrguard.o ABSOLUTE
    ../clib/heapaux.c                        0x00000000   Number         0  heapauxi.o ABSOLUTE
    ../clib/libinit.s                        0x00000000   Number         0  libinit.o ABSOLUTE
    ../clib/libinit.s                        0x00000000   Number         0  libshutdown2.o ABSOLUTE
    ../clib/libinit.s                        0x00000000   Number         0  libshutdown.o ABSOLUTE
    ../clib/libinit.s                        0x00000000   Number         0  libinit2.o ABSOLUTE
    ../clib/locale.s                         0x00000000   Number         0  lc_numeric_c.o ABSOLUTE
    ../clib/longlong.s                       0x00000000   Number         0  lludiv10.o ABSOLUTE
    ../clib/memcpset.s                       0x00000000   Number         0  strcmpv7m.o ABSOLUTE
    ../clib/misc.s                           0x00000000   Number         0  printf_stubs.o ABSOLUTE
    ../clib/printf.c                         0x00000000   Number         0  _printf_pad.o ABSOLUTE
    ../clib/printf.c                         0x00000000   Number         0  _printf_dec.o ABSOLUTE
    ../clib/printf.c                         0x00000000   Number         0  __printf_flags.o ABSOLUTE
    ../clib/printf.c                         0x00000000   Number         0  __printf_ss.o ABSOLUTE
    ../clib/printf.c                         0x00000000   Number         0  __printf_flags_ss_wp.o ABSOLUTE
    ../clib/printf.c                         0x00000000   Number         0  __printf_wp.o ABSOLUTE
    ../clib/printf.c                         0x00000000   Number         0  __2printf.o ABSOLUTE
    ../clib/printf.c                         0x00000000   Number         0  __printf_flags_wp.o ABSOLUTE
    ../clib/printf.c                         0x00000000   Number         0  __printf_ss_wp.o ABSOLUTE
    ../clib/printf.c                         0x00000000   Number         0  _printf_fp_infnan.o ABSOLUTE
    ../clib/printf.c                         0x00000000   Number         0  __printf_nopercent.o ABSOLUTE
    ../clib/printf.c                         0x00000000   Number         0  _printf_char_common.o ABSOLUTE
    ../clib/printf.c                         0x00000000   Number         0  __printf_flags_ss.o ABSOLUTE
    ../clib/printf.c                         0x00000000   Number         0  _printf_fp_dec.o ABSOLUTE
    ../clib/printf.c                         0x00000000   Number         0  _printf_intcommon.o ABSOLUTE
    ../clib/printf.c                         0x00000000   Number         0  __printf.o ABSOLUTE
    ../clib/printf.c                         0x00000000   Number         0  noretval__2printf.o ABSOLUTE
    ../clib/printf.c                         0x00000000   Number         0  _printf_char_file.o ABSOLUTE
    ../clib/printf_percent.s                 0x00000000   Number         0  _printf_d.o ABSOLUTE
    ../clib/printf_percent.s                 0x00000000   Number         0  _printf_percent.o ABSOLUTE
    ../clib/printf_percent.s                 0x00000000   Number         0  _printf_f.o ABSOLUTE
    ../clib/printf_percent.s                 0x00000000   Number         0  _printf_percent_end.o ABSOLUTE
    ../clib/signal.c                         0x00000000   Number         0  defsig_rtmem_inner.o ABSOLUTE
    ../clib/signal.c                         0x00000000   Number         0  __raise.o ABSOLUTE
    ../clib/signal.c                         0x00000000   Number         0  defsig_general.o ABSOLUTE
    ../clib/signal.c                         0x00000000   Number         0  defsig_abrt_inner.o ABSOLUTE
    ../clib/signal.c                         0x00000000   Number         0  defsig_fpe_inner.o ABSOLUTE
    ../clib/signal.c                         0x00000000   Number         0  defsig_rtred_inner.o ABSOLUTE
    ../clib/signal.c                         0x00000000   Number         0  defsig_stak_inner.o ABSOLUTE
    ../clib/signal.c                         0x00000000   Number         0  defsig_pvfn_inner.o ABSOLUTE
    ../clib/signal.c                         0x00000000   Number         0  defsig_cppl_inner.o ABSOLUTE
    ../clib/signal.c                         0x00000000   Number         0  defsig_segv_inner.o ABSOLUTE
    ../clib/signal.c                         0x00000000   Number         0  defsig_other.o ABSOLUTE
    ../clib/signal.c                         0x00000000   Number         0  defsig_exit.o ABSOLUTE
    ../clib/signal.c                         0x00000000   Number         0  defsig_rtmem_outer.o ABSOLUTE
    ../clib/signal.c                         0x00000000   Number         0  defsig_rtmem_formal.o ABSOLUTE
    ../clib/signal.s                         0x00000000   Number         0  defsig.o ABSOLUTE
    ../clib/stdio.c                          0x00000000   Number         0  ferror_locked.o ABSOLUTE
    ../clib/stdio.c                          0x00000000   Number         0  ferror.o ABSOLUTE
    ../clib/stdlib.c                         0x00000000   Number         0  exit.o ABSOLUTE
    ../fplib/daddsub.s                       0x00000000   Number         0  daddsub_clz.o ABSOLUTE
    ../fplib/dcheck1.s                       0x00000000   Number         0  dcheck1.o ABSOLUTE
    ../fplib/ddiv.s                          0x00000000   Number         0  ddiv.o ABSOLUTE
    ../fplib/dfix.s                          0x00000000   Number         0  dfix.o ABSOLUTE
    ../fplib/dfixu.s                         0x00000000   Number         0  dfixu.o ABSOLUTE
    ../fplib/dflt.s                          0x00000000   Number         0  dflt_clz.o ABSOLUTE
    ../fplib/dmul.s                          0x00000000   Number         0  dmul.o ABSOLUTE
    ../fplib/dnaninf.s                       0x00000000   Number         0  dnaninf.o ABSOLUTE
    ../fplib/dretinf.s                       0x00000000   Number         0  dretinf.o ABSOLUTE
    ../fplib/fpinit.s                        0x00000000   Number         0  fpinit.o ABSOLUTE
    ../fplib/istatus.s                       0x00000000   Number         0  istatus.o ABSOLUTE
    ../fplib/printf1.s                       0x00000000   Number         0  printf1.o ABSOLUTE
    ../fplib/retnan.s                        0x00000000   Number         0  retnan.o ABSOLUTE
    ../fplib/scalbn.s                        0x00000000   Number         0  scalbn.o ABSOLUTE
    ../fplib/trapv.s                         0x00000000   Number         0  trapv.o ABSOLUTE
    ../fplib/usenofp.s                       0x00000000   Number         0  usenofp.o ABSOLUTE
    ../mathlib/atan.c                        0x00000000   Number         0  atan_x.o ABSOLUTE
    ../mathlib/atan.c                        0x00000000   Number         0  atan.o ABSOLUTE
    ../mathlib/atan2.c                       0x00000000   Number         0  atan2.o ABSOLUTE
    ../mathlib/atan2.c                       0x00000000   Number         0  atan2_x.o ABSOLUTE
    ../mathlib/dunder.c                      0x00000000   Number         0  dunder.o ABSOLUTE
    ../mathlib/fpclassify.c                  0x00000000   Number         0  fpclassify.o ABSOLUTE
    ../mathlib/poly.c                        0x00000000   Number         0  poly.o ABSOLUTE
    ../mathlib/qnan.c                        0x00000000   Number         0  qnan.o ABSOLUTE
    ..\CORE\core_cm3.c                       0x00000000   Number         0  core_cm3.o ABSOLUTE
    ..\CORE\startup_stm32f10x_hd.s           0x00000000   Number         0  startup_stm32f10x_hd.o ABSOLUTE
    ..\HARDWARE\DELAY_5883L\delay_5883.c     0x00000000   Number         0  delay_5883.o ABSOLUTE
    ..\HARDWARE\IIC\myiic.c                  0x00000000   Number         0  myiic.o ABSOLUTE
    ..\HARDWARE\IIC_5883L\IIC_5883.c         0x00000000   Number         0  iic_5883.o ABSOLUTE
    ..\HARDWARE\LED\led.c                    0x00000000   Number         0  led.o ABSOLUTE
    ..\HARDWARE\SIGNAL_5883L\signal_5883.c   0x00000000   Number         0  signal_5883.o ABSOLUTE
    ..\HARDWARE\TIMER\timer.c                0x00000000   Number         0  timer.o ABSOLUTE
    ..\STM32F10x_FWLib\src\misc.c            0x00000000   Number         0  misc.o ABSOLUTE
    ..\STM32F10x_FWLib\src\stm32f10x_adc.c   0x00000000   Number         0  stm32f10x_adc.o ABSOLUTE
    ..\STM32F10x_FWLib\src\stm32f10x_bkp.c   0x00000000   Number         0  stm32f10x_bkp.o ABSOLUTE
    ..\STM32F10x_FWLib\src\stm32f10x_can.c   0x00000000   Number         0  stm32f10x_can.o ABSOLUTE
    ..\STM32F10x_FWLib\src\stm32f10x_cec.c   0x00000000   Number         0  stm32f10x_cec.o ABSOLUTE
    ..\STM32F10x_FWLib\src\stm32f10x_crc.c   0x00000000   Number         0  stm32f10x_crc.o ABSOLUTE
    ..\STM32F10x_FWLib\src\stm32f10x_dac.c   0x00000000   Number         0  stm32f10x_dac.o ABSOLUTE
    ..\STM32F10x_FWLib\src\stm32f10x_dbgmcu.c 0x00000000   Number         0  stm32f10x_dbgmcu.o ABSOLUTE
    ..\STM32F10x_FWLib\src\stm32f10x_dma.c   0x00000000   Number         0  stm32f10x_dma.o ABSOLUTE
    ..\STM32F10x_FWLib\src\stm32f10x_exti.c  0x00000000   Number         0  stm32f10x_exti.o ABSOLUTE
    ..\STM32F10x_FWLib\src\stm32f10x_flash.c 0x00000000   Number         0  stm32f10x_flash.o ABSOLUTE
    ..\STM32F10x_FWLib\src\stm32f10x_fsmc.c  0x00000000   Number         0  stm32f10x_fsmc.o ABSOLUTE
    ..\STM32F10x_FWLib\src\stm32f10x_gpio.c  0x00000000   Number         0  stm32f10x_gpio.o ABSOLUTE
    ..\STM32F10x_FWLib\src\stm32f10x_i2c.c   0x00000000   Number         0  stm32f10x_i2c.o ABSOLUTE
    ..\STM32F10x_FWLib\src\stm32f10x_iwdg.c  0x00000000   Number         0  stm32f10x_iwdg.o ABSOLUTE
    ..\STM32F10x_FWLib\src\stm32f10x_pwr.c   0x00000000   Number         0  stm32f10x_pwr.o ABSOLUTE
    ..\STM32F10x_FWLib\src\stm32f10x_rcc.c   0x00000000   Number         0  stm32f10x_rcc.o ABSOLUTE
    ..\STM32F10x_FWLib\src\stm32f10x_rtc.c   0x00000000   Number         0  stm32f10x_rtc.o ABSOLUTE
    ..\STM32F10x_FWLib\src\stm32f10x_sdio.c  0x00000000   Number         0  stm32f10x_sdio.o ABSOLUTE
    ..\STM32F10x_FWLib\src\stm32f10x_spi.c   0x00000000   Number         0  stm32f10x_spi.o ABSOLUTE
    ..\STM32F10x_FWLib\src\stm32f10x_tim.c   0x00000000   Number         0  stm32f10x_tim.o ABSOLUTE
    ..\STM32F10x_FWLib\src\stm32f10x_usart.c 0x00000000   Number         0  stm32f10x_usart.o ABSOLUTE
    ..\STM32F10x_FWLib\src\stm32f10x_wwdg.c  0x00000000   Number         0  stm32f10x_wwdg.o ABSOLUTE
    ..\SYSTEM\delay\delay.c                  0x00000000   Number         0  delay.o ABSOLUTE
    ..\SYSTEM\sys\sys.c                      0x00000000   Number         0  sys.o ABSOLUTE
    ..\SYSTEM\usart\usart.c                  0x00000000   Number         0  usart.o ABSOLUTE
    ..\\CORE\\core_cm3.c                     0x00000000   Number         0  core_cm3.o ABSOLUTE
    ..\\SYSTEM\\sys\\sys.c                   0x00000000   Number         0  sys.o ABSOLUTE
    dc.s                                     0x00000000   Number         0  dc.o ABSOLUTE
    main.c                                   0x00000000   Number         0  main.o ABSOLUTE
    stm32f10x_it.c                           0x00000000   Number         0  stm32f10x_it.o ABSOLUTE
    system_stm32f10x.c                       0x00000000   Number         0  system_stm32f10x.o ABSOLUTE
    RESET                                    0x08000000   Section      304  startup_stm32f10x_hd.o(RESET)
    !!!main                                  0x08000130   Section        8  __main.o(!!!main)
    !!!scatter                               0x08000138   Section       52  __scatter.o(!!!scatter)
    !!handler_copy                           0x0800016c   Section       26  __scatter_copy.o(!!handler_copy)
    !!handler_zi                             0x08000188   Section       28  __scatter_zi.o(!!handler_zi)
    .ARM.Collect$$_printf_percent$$00000000  0x080001a4   Section        0  _printf_percent.o(.ARM.Collect$$_printf_percent$$00000000)
    .ARM.Collect$$_printf_percent$$00000003  0x080001a4   Section        6  _printf_f.o(.ARM.Collect$$_printf_percent$$00000003)
    .ARM.Collect$$_printf_percent$$00000009  0x080001aa   Section        6  _printf_d.o(.ARM.Collect$$_printf_percent$$00000009)
    .ARM.Collect$$_printf_percent$$00000017  0x080001b0   Section        4  _printf_percent_end.o(.ARM.Collect$$_printf_percent$$00000017)
    .ARM.Collect$$libinit$$00000000          0x080001b4   Section        2  libinit.o(.ARM.Collect$$libinit$$00000000)
    .ARM.Collect$$libinit$$00000002          0x080001b6   Section        0  libinit2.o(.ARM.Collect$$libinit$$00000002)
    .ARM.Collect$$libinit$$00000004          0x080001b6   Section        0  libinit2.o(.ARM.Collect$$libinit$$00000004)
    .ARM.Collect$$libinit$$0000000A          0x080001b6   Section        0  libinit2.o(.ARM.Collect$$libinit$$0000000A)
    .ARM.Collect$$libinit$$0000000C          0x080001b6   Section        0  libinit2.o(.ARM.Collect$$libinit$$0000000C)
    .ARM.Collect$$libinit$$0000000E          0x080001b6   Section        0  libinit2.o(.ARM.Collect$$libinit$$0000000E)
    .ARM.Collect$$libinit$$0000000F          0x080001b6   Section        6  libinit2.o(.ARM.Collect$$libinit$$0000000F)
    .ARM.Collect$$libinit$$00000011          0x080001bc   Section        0  libinit2.o(.ARM.Collect$$libinit$$00000011)
    .ARM.Collect$$libinit$$00000013          0x080001bc   Section        0  libinit2.o(.ARM.Collect$$libinit$$00000013)
    .ARM.Collect$$libinit$$00000015          0x080001bc   Section        0  libinit2.o(.ARM.Collect$$libinit$$00000015)
    .ARM.Collect$$libinit$$00000016          0x080001bc   Section       10  libinit2.o(.ARM.Collect$$libinit$$00000016)
    .ARM.Collect$$libinit$$00000017          0x080001c6   Section        0  libinit2.o(.ARM.Collect$$libinit$$00000017)
    .ARM.Collect$$libinit$$00000019          0x080001c6   Section        0  libinit2.o(.ARM.Collect$$libinit$$00000019)
    .ARM.Collect$$libinit$$0000001B          0x080001c6   Section        0  libinit2.o(.ARM.Collect$$libinit$$0000001B)
    .ARM.Collect$$libinit$$0000001D          0x080001c6   Section        0  libinit2.o(.ARM.Collect$$libinit$$0000001D)
    .ARM.Collect$$libinit$$0000001F          0x080001c6   Section        0  libinit2.o(.ARM.Collect$$libinit$$0000001F)
    .ARM.Collect$$libinit$$00000021          0x080001c6   Section        0  libinit2.o(.ARM.Collect$$libinit$$00000021)
    .ARM.Collect$$libinit$$00000023          0x080001c6   Section        0  libinit2.o(.ARM.Collect$$libinit$$00000023)
    .ARM.Collect$$libinit$$00000025          0x080001c6   Section        0  libinit2.o(.ARM.Collect$$libinit$$00000025)
    .ARM.Collect$$libinit$$0000002C          0x080001c6   Section        0  libinit2.o(.ARM.Collect$$libinit$$0000002C)
    .ARM.Collect$$libinit$$0000002E          0x080001c6   Section        0  libinit2.o(.ARM.Collect$$libinit$$0000002E)
    .ARM.Collect$$libinit$$00000030          0x080001c6   Section        0  libinit2.o(.ARM.Collect$$libinit$$00000030)
    .ARM.Collect$$libinit$$00000032          0x080001c6   Section        0  libinit2.o(.ARM.Collect$$libinit$$00000032)
    .ARM.Collect$$libinit$$00000033          0x080001c6   Section        2  libinit2.o(.ARM.Collect$$libinit$$00000033)
    .ARM.Collect$$libshutdown$$00000000      0x080001c8   Section        2  libshutdown.o(.ARM.Collect$$libshutdown$$00000000)
    .ARM.Collect$$libshutdown$$00000003      0x080001ca   Section        0  libshutdown2.o(.ARM.Collect$$libshutdown$$00000003)
    .ARM.Collect$$libshutdown$$00000006      0x080001ca   Section        0  libshutdown2.o(.ARM.Collect$$libshutdown$$00000006)
    .ARM.Collect$$libshutdown$$00000009      0x080001ca   Section        0  libshutdown2.o(.ARM.Collect$$libshutdown$$00000009)
    .ARM.Collect$$libshutdown$$0000000B      0x080001ca   Section        0  libshutdown2.o(.ARM.Collect$$libshutdown$$0000000B)
    .ARM.Collect$$libshutdown$$0000000E      0x080001ca   Section        0  libshutdown2.o(.ARM.Collect$$libshutdown$$0000000E)
    .ARM.Collect$$libshutdown$$0000000F      0x080001ca   Section        2  libshutdown2.o(.ARM.Collect$$libshutdown$$0000000F)
    .ARM.Collect$$rtentry$$00000000          0x080001cc   Section        0  __rtentry.o(.ARM.Collect$$rtentry$$00000000)
    .ARM.Collect$$rtentry$$00000002          0x080001cc   Section        0  __rtentry2.o(.ARM.Collect$$rtentry$$00000002)
    .ARM.Collect$$rtentry$$00000004          0x080001cc   Section        6  __rtentry4.o(.ARM.Collect$$rtentry$$00000004)
    .ARM.Collect$$rtentry$$00000009          0x080001d2   Section        0  __rtentry2.o(.ARM.Collect$$rtentry$$00000009)
    .ARM.Collect$$rtentry$$0000000A          0x080001d2   Section        4  __rtentry2.o(.ARM.Collect$$rtentry$$0000000A)
    .ARM.Collect$$rtentry$$0000000C          0x080001d6   Section        0  __rtentry2.o(.ARM.Collect$$rtentry$$0000000C)
    .ARM.Collect$$rtentry$$0000000D          0x080001d6   Section        8  __rtentry2.o(.ARM.Collect$$rtentry$$0000000D)
    .ARM.Collect$$rtexit$$00000000           0x080001de   Section        2  rtexit.o(.ARM.Collect$$rtexit$$00000000)
    .ARM.Collect$$rtexit$$00000002           0x080001e0   Section        0  rtexit2.o(.ARM.Collect$$rtexit$$00000002)
    .ARM.Collect$$rtexit$$00000003           0x080001e0   Section        4  rtexit2.o(.ARM.Collect$$rtexit$$00000003)
    .ARM.Collect$$rtexit$$00000004           0x080001e4   Section        6  rtexit2.o(.ARM.Collect$$rtexit$$00000004)
    .text                                    0x080001ec   Section       64  startup_stm32f10x_hd.o(.text)
    .text                                    0x0800022c   Section        2  use_no_semi_2.o(.text)
    .text                                    0x08000230   Section        0  noretval__2printf.o(.text)
    .text                                    0x08000248   Section        0  _printf_pad.o(.text)
    .text                                    0x08000298   Section        0  _printf_dec.o(.text)
    .text                                    0x08000310   Section        0  __printf_ss_wp.o(.text)
    .text                                    0x08000470   Section        0  heapauxi.o(.text)
    .text                                    0x08000476   Section        2  use_no_semi.o(.text)
    .text                                    0x08000478   Section        0  _printf_intcommon.o(.text)
    .text                                    0x0800052a   Section        0  _printf_fp_dec.o(.text)
    _fp_digits                               0x0800052d   Thumb Code   428  _printf_fp_dec.o(.text)
    .text                                    0x08000944   Section        0  _printf_char_file.o(.text)
    .text                                    0x08000968   Section        8  rt_locale_intlibspace.o(.text)
    .text                                    0x08000970   Section      138  lludiv10.o(.text)
    .text                                    0x080009fc   Section        0  _printf_char_common.o(.text)
    _printf_input_char                       0x080009fd   Thumb Code    10  _printf_char_common.o(.text)
    .text                                    0x08000a2c   Section        0  _printf_fp_infnan.o(.text)
    .text                                    0x08000aac   Section        0  bigflt0.o(.text)
    .text                                    0x08000b88   Section        0  ferror.o(.text)
    .text                                    0x08000b90   Section        8  libspace.o(.text)
    .text                                    0x08000b98   Section       74  sys_stackheap_outer.o(.text)
    .text                                    0x08000be2   Section        0  exit.o(.text)
    .text                                    0x08000bf0   Section      128  strcmpv7m.o(.text)
    CL$$btod_d2e                             0x08000c70   Section       62  btod.o(CL$$btod_d2e)
    CL$$btod_d2e_denorm_low                  0x08000cae   Section       70  btod.o(CL$$btod_d2e_denorm_low)
    CL$$btod_d2e_norm_op1                    0x08000cf4   Section       96  btod.o(CL$$btod_d2e_norm_op1)
    CL$$btod_div_common                      0x08000d54   Section      824  btod.o(CL$$btod_div_common)
    CL$$btod_e2e                             0x0800108c   Section      198  btod.o(CL$$btod_e2e)
    CL$$btod_ediv                            0x08001152   Section       40  btod.o(CL$$btod_ediv)
    CL$$btod_emul                            0x0800117a   Section       40  btod.o(CL$$btod_emul)
    CL$$btod_mult_common                     0x080011a2   Section      580  btod.o(CL$$btod_mult_common)
    i.BusFault_Handler                       0x080013e6   Section        0  stm32f10x_it.o(i.BusFault_Handler)
    i.DebugMon_Handler                       0x080013ea   Section        0  stm32f10x_it.o(i.DebugMon_Handler)
    i.GPIO_Init                              0x080013ec   Section        0  stm32f10x_gpio.o(i.GPIO_Init)
    i.GPIO_SetBits                           0x08001502   Section        0  stm32f10x_gpio.o(i.GPIO_SetBits)
    i.HardFault_Handler                      0x08001506   Section        0  stm32f10x_it.o(i.HardFault_Handler)
    i.IIC_Ack                                0x0800150c   Section        0  myiic.o(i.IIC_Ack)
    i.IIC_Init                               0x0800155c   Section        0  myiic.o(i.IIC_Init)
    i.IIC_NAck                               0x08001594   Section        0  myiic.o(i.IIC_NAck)
    i.IIC_Read_Byte                          0x080015e4   Section        0  myiic.o(i.IIC_Read_Byte)
    i.IIC_Send_Byte                          0x08001654   Section        0  myiic.o(i.IIC_Send_Byte)
    i.IIC_Single_Read                        0x080016c8   Section        0  myiic.o(i.IIC_Single_Read)
    i.IIC_Single_Write                       0x08001708   Section        0  myiic.o(i.IIC_Single_Write)
    i.IIC_Start                              0x0800173c   Section        0  myiic.o(i.IIC_Start)
    i.IIC_Stop                               0x08001788   Section        0  myiic.o(i.IIC_Stop)
    i.IIC_Wait_Ack                           0x080017d4   Section        0  myiic.o(i.IIC_Wait_Ack)
    i.INIT_HMC5883                           0x08001838   Section        0  myiic.o(i.INIT_HMC5883)
    i.LED_Init                               0x08001854   Section        0  led.o(i.LED_Init)
    i.MemManage_Handler                      0x08001898   Section        0  stm32f10x_it.o(i.MemManage_Handler)
    i.NMI_Handler                            0x0800189c   Section        0  stm32f10x_it.o(i.NMI_Handler)
    i.NVIC_Init                              0x080018a0   Section        0  misc.o(i.NVIC_Init)
    i.PendSV_Handler                         0x08001910   Section        0  stm32f10x_it.o(i.PendSV_Handler)
    i.RCC_APB1PeriphClockCmd                 0x08001914   Section        0  stm32f10x_rcc.o(i.RCC_APB1PeriphClockCmd)
    i.RCC_APB2PeriphClockCmd                 0x08001934   Section        0  stm32f10x_rcc.o(i.RCC_APB2PeriphClockCmd)
    i.RCC_GetClocksFreq                      0x08001954   Section        0  stm32f10x_rcc.o(i.RCC_GetClocksFreq)
    i.SVC_Handler                            0x08001a28   Section        0  stm32f10x_it.o(i.SVC_Handler)
    i.SetSysClock                            0x08001a2a   Section        0  system_stm32f10x.o(i.SetSysClock)
    SetSysClock                              0x08001a2b   Thumb Code     8  system_stm32f10x.o(i.SetSysClock)
    i.SetSysClockTo72                        0x08001a34   Section        0  system_stm32f10x.o(i.SetSysClockTo72)
    SetSysClockTo72                          0x08001a35   Thumb Code   214  system_stm32f10x.o(i.SetSysClockTo72)
    i.SysTick_CLKSourceConfig                0x08001b14   Section        0  misc.o(i.SysTick_CLKSourceConfig)
    i.SysTick_Handler                        0x08001b3c   Section        0  stm32f10x_it.o(i.SysTick_Handler)
    i.SystemInit                             0x08001b40   Section        0  system_stm32f10x.o(i.SystemInit)
    i.TIM3_IRQHandler                        0x08001ba0   Section        0  timer.o(i.TIM3_IRQHandler)
    i.TIM_ClearITPendingBit                  0x08001bbc   Section        0  stm32f10x_tim.o(i.TIM_ClearITPendingBit)
    i.TIM_Cmd                                0x08001bc2   Section        0  stm32f10x_tim.o(i.TIM_Cmd)
    i.TIM_ITConfig                           0x08001bda   Section        0  stm32f10x_tim.o(i.TIM_ITConfig)
    i.TIM_Int_Init                           0x08001bec   Section        0  timer.o(i.TIM_Int_Init)
    i.TIM_TimeBaseInit                       0x08001c4c   Section        0  stm32f10x_tim.o(i.TIM_TimeBaseInit)
    i.USART1_IRQHandler                      0x08001cf0   Section        0  usart.o(i.USART1_IRQHandler)
    i.USART_Cmd                              0x08001d78   Section        0  stm32f10x_usart.o(i.USART_Cmd)
    i.USART_GetITStatus                      0x08001d90   Section        0  stm32f10x_usart.o(i.USART_GetITStatus)
    i.USART_ITConfig                         0x08001de4   Section        0  stm32f10x_usart.o(i.USART_ITConfig)
    i.USART_Init                             0x08001e30   Section        0  stm32f10x_usart.o(i.USART_Init)
    i.USART_ReceiveData                      0x08001f08   Section        0  stm32f10x_usart.o(i.USART_ReceiveData)
    i.UsageFault_Handler                     0x08001f12   Section        0  stm32f10x_it.o(i.UsageFault_Handler)
    i.__ARM_fpclassify                       0x08001f16   Section        0  fpclassify.o(i.__ARM_fpclassify)
    i.__kernel_poly                          0x08001f3e   Section        0  poly.o(i.__kernel_poly)
    i.__mathlib_dbl_infnan                   0x08001fe8   Section        0  dunder.o(i.__mathlib_dbl_infnan)
    i.__mathlib_dbl_infnan2                  0x08001fee   Section        0  dunder.o(i.__mathlib_dbl_infnan2)
    i.__mathlib_dbl_underflow                0x08001ff4   Section        0  dunder.o(i.__mathlib_dbl_underflow)
    i._is_digit                              0x08002004   Section        0  __printf_wp.o(i._is_digit)
    i._sys_exit                              0x08002012   Section        0  usart.o(i._sys_exit)
    i.atan                                   0x08002018   Section        0  atan.o(i.atan)
    i.atan2                                  0x08002238   Section        0  atan2.o(i.atan2)
    i.delay_init                             0x080023b8   Section        0  delay.o(i.delay_init)
    i.delay_ms                               0x080023fc   Section        0  delay.o(i.delay_ms)
    i.delay_us                               0x08002448   Section        0  delay.o(i.delay_us)
    i.fputc                                  0x08002494   Section        0  usart.o(i.fputc)
    i.main                                   0x080024b0   Section        0  main.o(i.main)
    i.uart_init                              0x080026b8   Section        0  usart.o(i.uart_init)
    locale$$code                             0x08002758   Section       44  lc_numeric_c.o(locale$$code)
    x$fpl$dadd                               0x08002784   Section      336  daddsub_clz.o(x$fpl$dadd)
    _dadd1                                   0x08002795   Thumb Code     0  daddsub_clz.o(x$fpl$dadd)
    x$fpl$dcheck1                            0x080028d4   Section       16  dcheck1.o(x$fpl$dcheck1)
    x$fpl$ddiv                               0x080028e4   Section      688  ddiv.o(x$fpl$ddiv)
    ddiv_entry                               0x080028eb   Thumb Code     0  ddiv.o(x$fpl$ddiv)
    x$fpl$dfix                               0x08002b94   Section       94  dfix.o(x$fpl$dfix)
    x$fpl$dflt                               0x08002bf2   Section       46  dflt_clz.o(x$fpl$dflt)
    x$fpl$dmul                               0x08002c20   Section      340  dmul.o(x$fpl$dmul)
    x$fpl$dnaninf                            0x08002d74   Section      156  dnaninf.o(x$fpl$dnaninf)
    x$fpl$dretinf                            0x08002e10   Section       12  dretinf.o(x$fpl$dretinf)
    x$fpl$drsb                               0x08002e1c   Section       22  daddsub_clz.o(x$fpl$drsb)
    x$fpl$dsub                               0x08002e34   Section      468  daddsub_clz.o(x$fpl$dsub)
    _dsub1                                   0x08002e45   Thumb Code     0  daddsub_clz.o(x$fpl$dsub)
    x$fpl$printf1                            0x08003008   Section        4  printf1.o(x$fpl$printf1)
    x$fpl$retnan                             0x0800300c   Section      100  retnan.o(x$fpl$retnan)
    x$fpl$scalbn                             0x08003070   Section       92  scalbn.o(x$fpl$scalbn)
    x$fpl$trapveneer                         0x080030cc   Section       48  trapv.o(x$fpl$trapveneer)
    x$fpl$usenofp                            0x080030fc   Section        0  usenofp.o(x$fpl$usenofp)
    .constdata                               0x08003100   Section      152  atan.o(.constdata)
    atanhi                                   0x08003100   Data          32  atan.o(.constdata)
    atanlo                                   0x08003120   Data          32  atan.o(.constdata)
    aTodd                                    0x08003140   Data          40  atan.o(.constdata)
    aTeven                                   0x08003168   Data          48  atan.o(.constdata)
    .constdata                               0x08003198   Section        8  qnan.o(.constdata)
    .constdata                               0x080031a0   Section      148  bigflt0.o(.constdata)
    tenpwrs_x                                0x080031a0   Data          60  bigflt0.o(.constdata)
    tenpwrs_i                                0x080031dc   Data          64  bigflt0.o(.constdata)
    locale$$data                             0x08003254   Section       28  lc_numeric_c.o(locale$$data)
    __lcnum_c_name                           0x08003258   Data           2  lc_numeric_c.o(locale$$data)
    __lcnum_c_start                          0x08003260   Data           0  lc_numeric_c.o(locale$$data)
    __lcnum_c_point                          0x0800326c   Data           0  lc_numeric_c.o(locale$$data)
    __lcnum_c_thousands                      0x0800326e   Data           0  lc_numeric_c.o(locale$$data)
    __lcnum_c_grouping                       0x0800326f   Data           0  lc_numeric_c.o(locale$$data)
    __lcnum_c_end                            0x08003270   Data           0  lc_numeric_c.o(locale$$data)
    .data                                    0x20000000   Section       20  system_stm32f10x.o(.data)
    .data                                    0x20000014   Section        4  delay.o(.data)
    fac_us                                   0x20000014   Data           1  delay.o(.data)
    fac_ms                                   0x20000016   Data           2  delay.o(.data)
    .data                                    0x20000018   Section        6  usart.o(.data)
    .data                                    0x2000001e   Section       20  stm32f10x_rcc.o(.data)
    APBAHBPrescTable                         0x2000001e   Data          16  stm32f10x_rcc.o(.data)
    ADCPrescTable                            0x2000002e   Data           4  stm32f10x_rcc.o(.data)
    .data                                    0x20000032   Section        1  timer.o(.data)
    .data                                    0x20000033   Section        8  myiic.o(.data)
    .bss                                     0x2000003c   Section      200  usart.o(.bss)
    .bss                                     0x20000104   Section       96  libspace.o(.bss)
    HEAP                                     0x20000168   Section      512  startup_stm32f10x_hd.o(HEAP)
    Heap_Mem                                 0x20000168   Data         512  startup_stm32f10x_hd.o(HEAP)
    STACK                                    0x20000368   Section     1024  startup_stm32f10x_hd.o(STACK)
    Stack_Mem                                0x20000368   Data        1024  startup_stm32f10x_hd.o(STACK)
    __initial_sp                             0x20000768   Data           0  startup_stm32f10x_hd.o(STACK)

    Global Symbols

    Symbol Name                              Value     Ov Type        Size  Object(Section)

    BuildAttributes$$THM_ISAv4$P$D$K$B$S$PE$A:L22UL41UL21$X:L11$S22US41US21$IEEE1$IW$USESV6$~STKCKD$USESV7$~SHL$OTIME$ROPI$IEEEX$EBA8$UX$STANDARDLIB$REQ8$PRES8$EABIv2 0x00000000   Number         0  anon$$obj.o ABSOLUTE
    __ARM_use_no_argv                        0x00000000   Number         0  main.o ABSOLUTE
    _printf_flags                            0x00000000   Number         0  printf_stubs.o ABSOLUTE
    _printf_return_value                     0x00000000   Number         0  printf_stubs.o ABSOLUTE
    _printf_sizespec                         0x00000000   Number         0  printf_stubs.o ABSOLUTE
    _printf_widthprec                        0x00000000   Number         0  printf_stubs.o ABSOLUTE
    __ARM_exceptions_init                     - Undefined Weak Reference
    __alloca_initialize                       - Undefined Weak Reference
    __arm_preinit_                            - Undefined Weak Reference
    __cpp_initialize__aeabi_                  - Undefined Weak Reference
    __cxa_finalize                            - Undefined Weak Reference
    __sigvec_lookup                           - Undefined Weak Reference
    _atexit_init                              - Undefined Weak Reference
    _call_atexit_fns                          - Undefined Weak Reference
    _clock_init                               - Undefined Weak Reference
    _fp_trap_init                             - Undefined Weak Reference
    _fp_trap_shutdown                         - Undefined Weak Reference
    _get_lc_collate                           - Undefined Weak Reference
    _get_lc_ctype                             - Undefined Weak Reference
    _get_lc_monetary                          - Undefined Weak Reference
    _get_lc_time                              - Undefined Weak Reference
    _getenv_init                              - Undefined Weak Reference
    _handle_redirection                       - Undefined Weak Reference
    _init_alloc                               - Undefined Weak Reference
    _init_user_alloc                          - Undefined Weak Reference
    _initio                                   - Undefined Weak Reference
    _mutex_acquire                            - Undefined Weak Reference
    _mutex_release                            - Undefined Weak Reference
    _printf_truncate_signed                   - Undefined Weak Reference
    _printf_truncate_unsigned                 - Undefined Weak Reference
    _rand_init                                - Undefined Weak Reference
    _signal_finish                            - Undefined Weak Reference
    _signal_init                              - Undefined Weak Reference
    _terminate_alloc                          - Undefined Weak Reference
    _terminate_user_alloc                     - Undefined Weak Reference
    _terminateio                              - Undefined Weak Reference
    __Vectors_Size                           0x00000130   Number         0  startup_stm32f10x_hd.o ABSOLUTE
    __Vectors                                0x08000000   Data           4  startup_stm32f10x_hd.o(RESET)
    __Vectors_End                            0x08000130   Data           0  startup_stm32f10x_hd.o(RESET)
    __main                                   0x08000131   Thumb Code     8  __main.o(!!!main)
    __scatterload                            0x08000139   Thumb Code     0  __scatter.o(!!!scatter)
    __scatterload_rt2                        0x08000139   Thumb Code    44  __scatter.o(!!!scatter)
    __scatterload_rt2_thumb_only             0x08000139   Thumb Code     0  __scatter.o(!!!scatter)
    __scatterload_null                       0x08000147   Thumb Code     0  __scatter.o(!!!scatter)
    __scatterload_copy                       0x0800016d   Thumb Code    26  __scatter_copy.o(!!handler_copy)
    __scatterload_zeroinit                   0x08000189   Thumb Code    28  __scatter_zi.o(!!handler_zi)
    _printf_f                                0x080001a5   Thumb Code     0  _printf_f.o(.ARM.Collect$$_printf_percent$$00000003)
    _printf_percent                          0x080001a5   Thumb Code     0  _printf_percent.o(.ARM.Collect$$_printf_percent$$00000000)
    _printf_d                                0x080001ab   Thumb Code     0  _printf_d.o(.ARM.Collect$$_printf_percent$$00000009)
    _printf_percent_end                      0x080001b1   Thumb Code     0  _printf_percent_end.o(.ARM.Collect$$_printf_percent$$00000017)
    __rt_lib_init                            0x080001b5   Thumb Code     0  libinit.o(.ARM.Collect$$libinit$$00000000)
    __rt_lib_init_fp_1                       0x080001b7   Thumb Code     0  libinit2.o(.ARM.Collect$$libinit$$00000002)
    __rt_lib_init_heap_1                     0x080001b7   Thumb Code     0  libinit2.o(.ARM.Collect$$libinit$$0000000A)
    __rt_lib_init_lc_common                  0x080001b7   Thumb Code     0  libinit2.o(.ARM.Collect$$libinit$$0000000F)
    __rt_lib_init_preinit_1                  0x080001b7   Thumb Code     0  libinit2.o(.ARM.Collect$$libinit$$00000004)
    __rt_lib_init_rand_1                     0x080001b7   Thumb Code     0  libinit2.o(.ARM.Collect$$libinit$$0000000E)
    __rt_lib_init_user_alloc_1               0x080001b7   Thumb Code     0  libinit2.o(.ARM.Collect$$libinit$$0000000C)
    __rt_lib_init_lc_collate_1               0x080001bd   Thumb Code     0  libinit2.o(.ARM.Collect$$libinit$$00000011)
    __rt_lib_init_lc_ctype_1                 0x080001bd   Thumb Code     0  libinit2.o(.ARM.Collect$$libinit$$00000013)
    __rt_lib_init_lc_monetary_1              0x080001bd   Thumb Code     0  libinit2.o(.ARM.Collect$$libinit$$00000015)
    __rt_lib_init_lc_numeric_2               0x080001bd   Thumb Code     0  libinit2.o(.ARM.Collect$$libinit$$00000016)
    __rt_lib_init_alloca_1                   0x080001c7   Thumb Code     0  libinit2.o(.ARM.Collect$$libinit$$0000002E)
    __rt_lib_init_argv_1                     0x080001c7   Thumb Code     0  libinit2.o(.ARM.Collect$$libinit$$0000002C)
    __rt_lib_init_atexit_1                   0x080001c7   Thumb Code     0  libinit2.o(.ARM.Collect$$libinit$$0000001B)
    __rt_lib_init_clock_1                    0x080001c7   Thumb Code     0  libinit2.o(.ARM.Collect$$libinit$$00000021)
    __rt_lib_init_cpp_1                      0x080001c7   Thumb Code     0  libinit2.o(.ARM.Collect$$libinit$$00000032)
    __rt_lib_init_exceptions_1               0x080001c7   Thumb Code     0  libinit2.o(.ARM.Collect$$libinit$$00000030)
    __rt_lib_init_fp_trap_1                  0x080001c7   Thumb Code     0  libinit2.o(.ARM.Collect$$libinit$$0000001F)
    __rt_lib_init_getenv_1                   0x080001c7   Thumb Code     0  libinit2.o(.ARM.Collect$$libinit$$00000023)
    __rt_lib_init_lc_numeric_1               0x080001c7   Thumb Code     0  libinit2.o(.ARM.Collect$$libinit$$00000017)
    __rt_lib_init_lc_time_1                  0x080001c7   Thumb Code     0  libinit2.o(.ARM.Collect$$libinit$$00000019)
    __rt_lib_init_return                     0x080001c7   Thumb Code     0  libinit2.o(.ARM.Collect$$libinit$$00000033)
    __rt_lib_init_signal_1                   0x080001c7   Thumb Code     0  libinit2.o(.ARM.Collect$$libinit$$0000001D)
    __rt_lib_init_stdio_1                    0x080001c7   Thumb Code     0  libinit2.o(.ARM.Collect$$libinit$$00000025)
    __rt_lib_shutdown                        0x080001c9   Thumb Code     0  libshutdown.o(.ARM.Collect$$libshutdown$$00000000)
    __rt_lib_shutdown_fp_trap_1              0x080001cb   Thumb Code     0  libshutdown2.o(.ARM.Collect$$libshutdown$$00000006)
    __rt_lib_shutdown_heap_1                 0x080001cb   Thumb Code     0  libshutdown2.o(.ARM.Collect$$libshutdown$$0000000E)
    __rt_lib_shutdown_return                 0x080001cb   Thumb Code     0  libshutdown2.o(.ARM.Collect$$libshutdown$$0000000F)
    __rt_lib_shutdown_signal_1               0x080001cb   Thumb Code     0  libshutdown2.o(.ARM.Collect$$libshutdown$$00000009)
    __rt_lib_shutdown_stdio_1                0x080001cb   Thumb Code     0  libshutdown2.o(.ARM.Collect$$libshutdown$$00000003)
    __rt_lib_shutdown_user_alloc_1           0x080001cb   Thumb Code     0  libshutdown2.o(.ARM.Collect$$libshutdown$$0000000B)
    __rt_entry                               0x080001cd   Thumb Code     0  __rtentry.o(.ARM.Collect$$rtentry$$00000000)
    __rt_entry_presh_1                       0x080001cd   Thumb Code     0  __rtentry2.o(.ARM.Collect$$rtentry$$00000002)
    __rt_entry_sh                            0x080001cd   Thumb Code     0  __rtentry4.o(.ARM.Collect$$rtentry$$00000004)
    __rt_entry_li                            0x080001d3   Thumb Code     0  __rtentry2.o(.ARM.Collect$$rtentry$$0000000A)
    __rt_entry_postsh_1                      0x080001d3   Thumb Code     0  __rtentry2.o(.ARM.Collect$$rtentry$$00000009)
    __rt_entry_main                          0x080001d7   Thumb Code     0  __rtentry2.o(.ARM.Collect$$rtentry$$0000000D)
    __rt_entry_postli_1                      0x080001d7   Thumb Code     0  __rtentry2.o(.ARM.Collect$$rtentry$$0000000C)
    __rt_exit                                0x080001df   Thumb Code     0  rtexit.o(.ARM.Collect$$rtexit$$00000000)
    __rt_exit_ls                             0x080001e1   Thumb Code     0  rtexit2.o(.ARM.Collect$$rtexit$$00000003)
    __rt_exit_prels_1                        0x080001e1   Thumb Code     0  rtexit2.o(.ARM.Collect$$rtexit$$00000002)
    __rt_exit_exit                           0x080001e5   Thumb Code     0  rtexit2.o(.ARM.Collect$$rtexit$$00000004)
    Reset_Handler                            0x080001ed   Thumb Code     8  startup_stm32f10x_hd.o(.text)
    ADC1_2_IRQHandler                        0x08000207   Thumb Code     0  startup_stm32f10x_hd.o(.text)
    ADC3_IRQHandler                          0x08000207   Thumb Code     0  startup_stm32f10x_hd.o(.text)
    CAN1_RX1_IRQHandler                      0x08000207   Thumb Code     0  startup_stm32f10x_hd.o(.text)
    CAN1_SCE_IRQHandler                      0x08000207   Thumb Code     0  startup_stm32f10x_hd.o(.text)
    DMA1_Channel1_IRQHandler                 0x08000207   Thumb Code     0  startup_stm32f10x_hd.o(.text)
    DMA1_Channel2_IRQHandler                 0x08000207   Thumb Code     0  startup_stm32f10x_hd.o(.text)
    DMA1_Channel3_IRQHandler                 0x08000207   Thumb Code     0  startup_stm32f10x_hd.o(.text)
    DMA1_Channel4_IRQHandler                 0x08000207   Thumb Code     0  startup_stm32f10x_hd.o(.text)
    DMA1_Channel5_IRQHandler                 0x08000207   Thumb Code     0  startup_stm32f10x_hd.o(.text)
    DMA1_Channel6_IRQHandler                 0x08000207   Thumb Code     0  startup_stm32f10x_hd.o(.text)
    DMA1_Channel7_IRQHandler                 0x08000207   Thumb Code     0  startup_stm32f10x_hd.o(.text)
    DMA2_Channel1_IRQHandler                 0x08000207   Thumb Code     0  startup_stm32f10x_hd.o(.text)
    DMA2_Channel2_IRQHandler                 0x08000207   Thumb Code     0  startup_stm32f10x_hd.o(.text)
    DMA2_Channel3_IRQHandler                 0x08000207   Thumb Code     0  startup_stm32f10x_hd.o(.text)
    DMA2_Channel4_5_IRQHandler               0x08000207   Thumb Code     0  startup_stm32f10x_hd.o(.text)
    EXTI0_IRQHandler                         0x08000207   Thumb Code     0  startup_stm32f10x_hd.o(.text)
    EXTI15_10_IRQHandler                     0x08000207   Thumb Code     0  startup_stm32f10x_hd.o(.text)
    EXTI1_IRQHandler                         0x08000207   Thumb Code     0  startup_stm32f10x_hd.o(.text)
    EXTI2_IRQHandler                         0x08000207   Thumb Code     0  startup_stm32f10x_hd.o(.text)
    EXTI3_IRQHandler                         0x08000207   Thumb Code     0  startup_stm32f10x_hd.o(.text)
    EXTI4_IRQHandler                         0x08000207   Thumb Code     0  startup_stm32f10x_hd.o(.text)
    EXTI9_5_IRQHandler                       0x08000207   Thumb Code     0  startup_stm32f10x_hd.o(.text)
    FLASH_IRQHandler                         0x08000207   Thumb Code     0  startup_stm32f10x_hd.o(.text)
    FSMC_IRQHandler                          0x08000207   Thumb Code     0  startup_stm32f10x_hd.o(.text)
    I2C1_ER_IRQHandler                       0x08000207   Thumb Code     0  startup_stm32f10x_hd.o(.text)
    I2C1_EV_IRQHandler                       0x08000207   Thumb Code     0  startup_stm32f10x_hd.o(.text)
    I2C2_ER_IRQHandler                       0x08000207   Thumb Code     0  startup_stm32f10x_hd.o(.text)
    I2C2_EV_IRQHandler                       0x08000207   Thumb Code     0  startup_stm32f10x_hd.o(.text)
    PVD_IRQHandler                           0x08000207   Thumb Code     0  startup_stm32f10x_hd.o(.text)
    RCC_IRQHandler                           0x08000207   Thumb Code     0  startup_stm32f10x_hd.o(.text)
    RTCAlarm_IRQHandler                      0x08000207   Thumb Code     0  startup_stm32f10x_hd.o(.text)
    RTC_IRQHandler                           0x08000207   Thumb Code     0  startup_stm32f10x_hd.o(.text)
    SDIO_IRQHandler                          0x08000207   Thumb Code     0  startup_stm32f10x_hd.o(.text)
    SPI1_IRQHandler                          0x08000207   Thumb Code     0  startup_stm32f10x_hd.o(.text)
    SPI2_IRQHandler                          0x08000207   Thumb Code     0  startup_stm32f10x_hd.o(.text)
    SPI3_IRQHandler                          0x08000207   Thumb Code     0  startup_stm32f10x_hd.o(.text)
    TAMPER_IRQHandler                        0x08000207   Thumb Code     0  startup_stm32f10x_hd.o(.text)
    TIM1_BRK_IRQHandler                      0x08000207   Thumb Code     0  startup_stm32f10x_hd.o(.text)
    TIM1_CC_IRQHandler                       0x08000207   Thumb Code     0  startup_stm32f10x_hd.o(.text)
    TIM1_TRG_COM_IRQHandler                  0x08000207   Thumb Code     0  startup_stm32f10x_hd.o(.text)
    TIM1_UP_IRQHandler                       0x08000207   Thumb Code     0  startup_stm32f10x_hd.o(.text)
    TIM2_IRQHandler                          0x08000207   Thumb Code     0  startup_stm32f10x_hd.o(.text)
    TIM4_IRQHandler                          0x08000207   Thumb Code     0  startup_stm32f10x_hd.o(.text)
    TIM5_IRQHandler                          0x08000207   Thumb Code     0  startup_stm32f10x_hd.o(.text)
    TIM6_IRQHandler                          0x08000207   Thumb Code     0  startup_stm32f10x_hd.o(.text)
    TIM7_IRQHandler                          0x08000207   Thumb Code     0  startup_stm32f10x_hd.o(.text)
    TIM8_BRK_IRQHandler                      0x08000207   Thumb Code     0  startup_stm32f10x_hd.o(.text)
    TIM8_CC_IRQHandler                       0x08000207   Thumb Code     0  startup_stm32f10x_hd.o(.text)
    TIM8_TRG_COM_IRQHandler                  0x08000207   Thumb Code     0  startup_stm32f10x_hd.o(.text)
    TIM8_UP_IRQHandler                       0x08000207   Thumb Code     0  startup_stm32f10x_hd.o(.text)
    UART4_IRQHandler                         0x08000207   Thumb Code     0  startup_stm32f10x_hd.o(.text)
    UART5_IRQHandler                         0x08000207   Thumb Code     0  startup_stm32f10x_hd.o(.text)
    USART2_IRQHandler                        0x08000207   Thumb Code     0  startup_stm32f10x_hd.o(.text)
    USART3_IRQHandler                        0x08000207   Thumb Code     0  startup_stm32f10x_hd.o(.text)
    USBWakeUp_IRQHandler                     0x08000207   Thumb Code     0  startup_stm32f10x_hd.o(.text)
    USB_HP_CAN1_TX_IRQHandler                0x08000207   Thumb Code     0  startup_stm32f10x_hd.o(.text)
    USB_LP_CAN1_RX0_IRQHandler               0x08000207   Thumb Code     0  startup_stm32f10x_hd.o(.text)
    WWDG_IRQHandler                          0x08000207   Thumb Code     0  startup_stm32f10x_hd.o(.text)
    __user_initial_stackheap                 0x08000209   Thumb Code     0  startup_stm32f10x_hd.o(.text)
    __use_no_semihosting                     0x0800022d   Thumb Code     2  use_no_semi_2.o(.text)
    __2printf                                0x08000231   Thumb Code    20  noretval__2printf.o(.text)
    _printf_pre_padding                      0x08000249   Thumb Code    44  _printf_pad.o(.text)
    _printf_post_padding                     0x08000275   Thumb Code    34  _printf_pad.o(.text)
    _printf_int_dec                          0x08000299   Thumb Code   104  _printf_dec.o(.text)
    __printf                                 0x08000311   Thumb Code   352  __printf_ss_wp.o(.text)
    __use_two_region_memory                  0x08000471   Thumb Code     2  heapauxi.o(.text)
    __rt_heap_escrow$2region                 0x08000473   Thumb Code     2  heapauxi.o(.text)
    __rt_heap_expand$2region                 0x08000475   Thumb Code     2  heapauxi.o(.text)
    __I$use$semihosting                      0x08000477   Thumb Code     0  use_no_semi.o(.text)
    __use_no_semihosting_swi                 0x08000477   Thumb Code     2  use_no_semi.o(.text)
    _printf_int_common                       0x08000479   Thumb Code   178  _printf_intcommon.o(.text)
    __lib_sel_fp_printf                      0x0800052b   Thumb Code     2  _printf_fp_dec.o(.text)
    _printf_fp_dec_real                      0x080006d9   Thumb Code   620  _printf_fp_dec.o(.text)
    _printf_char_file                        0x08000945   Thumb Code    32  _printf_char_file.o(.text)
    __rt_locale                              0x08000969   Thumb Code     8  rt_locale_intlibspace.o(.text)
    _ll_udiv10                               0x08000971   Thumb Code   138  lludiv10.o(.text)
    _printf_char_common                      0x08000a07   Thumb Code    32  _printf_char_common.o(.text)
    _printf_fp_infnan                        0x08000a2d   Thumb Code   112  _printf_fp_infnan.o(.text)
    _btod_etento                             0x08000aad   Thumb Code   216  bigflt0.o(.text)
    ferror                                   0x08000b89   Thumb Code     8  ferror.o(.text)
    __user_libspace                          0x08000b91   Thumb Code     8  libspace.o(.text)
    __user_perproc_libspace                  0x08000b91   Thumb Code     0  libspace.o(.text)
    __user_perthread_libspace                0x08000b91   Thumb Code     0  libspace.o(.text)
    __user_setup_stackheap                   0x08000b99   Thumb Code    74  sys_stackheap_outer.o(.text)
    exit                                     0x08000be3   Thumb Code    12  exit.o(.text)
    strcmp                                   0x08000bf1   Thumb Code   128  strcmpv7m.o(.text)
    _btod_d2e                                0x08000c71   Thumb Code    62  btod.o(CL$$btod_d2e)
    _d2e_denorm_low                          0x08000caf   Thumb Code    70  btod.o(CL$$btod_d2e_denorm_low)
    _d2e_norm_op1                            0x08000cf5   Thumb Code    96  btod.o(CL$$btod_d2e_norm_op1)
    __btod_div_common                        0x08000d55   Thumb Code   696  btod.o(CL$$btod_div_common)
    _e2e                                     0x0800108d   Thumb Code   198  btod.o(CL$$btod_e2e)
    _btod_ediv                               0x08001153   Thumb Code    40  btod.o(CL$$btod_ediv)
    _btod_emul                               0x0800117b   Thumb Code    40  btod.o(CL$$btod_emul)
    __btod_mult_common                       0x080011a3   Thumb Code   580  btod.o(CL$$btod_mult_common)
    BusFault_Handler                         0x080013e7   Thumb Code     4  stm32f10x_it.o(i.BusFault_Handler)
    DebugMon_Handler                         0x080013eb   Thumb Code     2  stm32f10x_it.o(i.DebugMon_Handler)
    GPIO_Init                                0x080013ed   Thumb Code   278  stm32f10x_gpio.o(i.GPIO_Init)
    GPIO_SetBits                             0x08001503   Thumb Code     4  stm32f10x_gpio.o(i.GPIO_SetBits)
    HardFault_Handler                        0x08001507   Thumb Code     4  stm32f10x_it.o(i.HardFault_Handler)
    IIC_Ack                                  0x0800150d   Thumb Code    66  myiic.o(i.IIC_Ack)
    IIC_Init                                 0x0800155d   Thumb Code    50  myiic.o(i.IIC_Init)
    IIC_NAck                                 0x08001595   Thumb Code    66  myiic.o(i.IIC_NAck)
    IIC_Read_Byte                            0x080015e5   Thumb Code    98  myiic.o(i.IIC_Read_Byte)
    IIC_Send_Byte                            0x08001655   Thumb Code   104  myiic.o(i.IIC_Send_Byte)
    IIC_Single_Read                          0x080016c9   Thumb Code    64  myiic.o(i.IIC_Single_Read)
    IIC_Single_Write                         0x08001709   Thumb Code    52  myiic.o(i.IIC_Single_Write)
    IIC_Start                                0x0800173d   Thumb Code    64  myiic.o(i.IIC_Start)
    IIC_Stop                                 0x08001789   Thumb Code    62  myiic.o(i.IIC_Stop)
    IIC_Wait_Ack                             0x080017d5   Thumb Code    86  myiic.o(i.IIC_Wait_Ack)
    INIT_HMC5883                             0x08001839   Thumb Code    28  myiic.o(i.INIT_HMC5883)
    LED_Init                                 0x08001855   Thumb Code    60  led.o(i.LED_Init)
    MemManage_Handler                        0x08001899   Thumb Code     4  stm32f10x_it.o(i.MemManage_Handler)
    NMI_Handler                              0x0800189d   Thumb Code     2  stm32f10x_it.o(i.NMI_Handler)
    NVIC_Init                                0x080018a1   Thumb Code   100  misc.o(i.NVIC_Init)
    PendSV_Handler                           0x08001911   Thumb Code     2  stm32f10x_it.o(i.PendSV_Handler)
    RCC_APB1PeriphClockCmd                   0x08001915   Thumb Code    26  stm32f10x_rcc.o(i.RCC_APB1PeriphClockCmd)
    RCC_APB2PeriphClockCmd                   0x08001935   Thumb Code    26  stm32f10x_rcc.o(i.RCC_APB2PeriphClockCmd)
    RCC_GetClocksFreq                        0x08001955   Thumb Code   192  stm32f10x_rcc.o(i.RCC_GetClocksFreq)
    SVC_Handler                              0x08001a29   Thumb Code     2  stm32f10x_it.o(i.SVC_Handler)
    SysTick_CLKSourceConfig                  0x08001b15   Thumb Code    40  misc.o(i.SysTick_CLKSourceConfig)
    SysTick_Handler                          0x08001b3d   Thumb Code     2  stm32f10x_it.o(i.SysTick_Handler)
    SystemInit                               0x08001b41   Thumb Code    78  system_stm32f10x.o(i.SystemInit)
    TIM3_IRQHandler                          0x08001ba1   Thumb Code    18  timer.o(i.TIM3_IRQHandler)
    TIM_ClearITPendingBit                    0x08001bbd   Thumb Code     6  stm32f10x_tim.o(i.TIM_ClearITPendingBit)
    TIM_Cmd                                  0x08001bc3   Thumb Code    24  stm32f10x_tim.o(i.TIM_Cmd)
    TIM_ITConfig                             0x08001bdb   Thumb Code    18  stm32f10x_tim.o(i.TIM_ITConfig)
    TIM_Int_Init                             0x08001bed   Thumb Code    90  timer.o(i.TIM_Int_Init)
    TIM_TimeBaseInit                         0x08001c4d   Thumb Code   122  stm32f10x_tim.o(i.TIM_TimeBaseInit)
    USART1_IRQHandler                        0x08001cf1   Thumb Code   122  usart.o(i.USART1_IRQHandler)
    USART_Cmd                                0x08001d79   Thumb Code    24  stm32f10x_usart.o(i.USART_Cmd)
    USART_GetITStatus                        0x08001d91   Thumb Code    84  stm32f10x_usart.o(i.USART_GetITStatus)
    USART_ITConfig                           0x08001de5   Thumb Code    74  stm32f10x_usart.o(i.USART_ITConfig)
    USART_Init                               0x08001e31   Thumb Code   210  stm32f10x_usart.o(i.USART_Init)
    USART_ReceiveData                        0x08001f09   Thumb Code    10  stm32f10x_usart.o(i.USART_ReceiveData)
    UsageFault_Handler                       0x08001f13   Thumb Code     4  stm32f10x_it.o(i.UsageFault_Handler)
    __ARM_fpclassify                         0x08001f17   Thumb Code    40  fpclassify.o(i.__ARM_fpclassify)
    __kernel_poly                            0x08001f3f   Thumb Code   170  poly.o(i.__kernel_poly)
    __mathlib_dbl_infnan                     0x08001fe9   Thumb Code     6  dunder.o(i.__mathlib_dbl_infnan)
    __mathlib_dbl_infnan2                    0x08001fef   Thumb Code     4  dunder.o(i.__mathlib_dbl_infnan2)
    __mathlib_dbl_underflow                  0x08001ff5   Thumb Code    10  dunder.o(i.__mathlib_dbl_underflow)
    _is_digit                                0x08002005   Thumb Code    14  __printf_wp.o(i._is_digit)
    _sys_exit                                0x08002013   Thumb Code     6  usart.o(i._sys_exit)
    atan                                     0x08002019   Thumb Code   474  atan.o(i.atan)
    atan2                                    0x08002239   Thumb Code   346  atan2.o(i.atan2)
    delay_init                               0x080023b9   Thumb Code    50  delay.o(i.delay_init)
    delay_ms                                 0x080023fd   Thumb Code    72  delay.o(i.delay_ms)
    delay_us                                 0x08002449   Thumb Code    72  delay.o(i.delay_us)
    fputc                                    0x08002495   Thumb Code    24  usart.o(i.fputc)
    main                                     0x080024b1   Thumb Code   428  main.o(i.main)
    uart_init                                0x080026b9   Thumb Code   152  usart.o(i.uart_init)
    _get_lc_numeric                          0x08002759   Thumb Code    44  lc_numeric_c.o(locale$$code)
    __aeabi_dadd                             0x08002785   Thumb Code     0  daddsub_clz.o(x$fpl$dadd)
    _dadd                                    0x08002785   Thumb Code   332  daddsub_clz.o(x$fpl$dadd)
    __fpl_dcheck_NaN1                        0x080028d5   Thumb Code    10  dcheck1.o(x$fpl$dcheck1)
    __aeabi_ddiv                             0x080028e5   Thumb Code     0  ddiv.o(x$fpl$ddiv)
    _ddiv                                    0x080028e5   Thumb Code   552  ddiv.o(x$fpl$ddiv)
    __aeabi_d2iz                             0x08002b95   Thumb Code     0  dfix.o(x$fpl$dfix)
    _dfix                                    0x08002b95   Thumb Code    94  dfix.o(x$fpl$dfix)
    __aeabi_i2d                              0x08002bf3   Thumb Code     0  dflt_clz.o(x$fpl$dflt)
    _dflt                                    0x08002bf3   Thumb Code    46  dflt_clz.o(x$fpl$dflt)
    __aeabi_dmul                             0x08002c21   Thumb Code     0  dmul.o(x$fpl$dmul)
    _dmul                                    0x08002c21   Thumb Code   332  dmul.o(x$fpl$dmul)
    __fpl_dnaninf                            0x08002d75   Thumb Code   156  dnaninf.o(x$fpl$dnaninf)
    __fpl_dretinf                            0x08002e11   Thumb Code    12  dretinf.o(x$fpl$dretinf)
    __aeabi_drsub                            0x08002e1d   Thumb Code     0  daddsub_clz.o(x$fpl$drsb)
    _drsb                                    0x08002e1d   Thumb Code    22  daddsub_clz.o(x$fpl$drsb)
    __aeabi_dsub                             0x08002e35   Thumb Code     0  daddsub_clz.o(x$fpl$dsub)
    _dsub                                    0x08002e35   Thumb Code   464  daddsub_clz.o(x$fpl$dsub)
    _printf_fp_dec                           0x08003009   Thumb Code     4  printf1.o(x$fpl$printf1)
    __fpl_return_NaN                         0x0800300d   Thumb Code   100  retnan.o(x$fpl$retnan)
    __ARM_scalbn                             0x08003071   Thumb Code    92  scalbn.o(x$fpl$scalbn)
    __fpl_cmpreturn                          0x080030cd   Thumb Code    48  trapv.o(x$fpl$trapveneer)
    __I$use$fp                               0x080030fc   Number         0  usenofp.o(x$fpl$usenofp)
    __mathlib_zero                           0x08003198   Data           8  qnan.o(.constdata)
    Region$$Table$$Base                      0x08003234   Number         0  anon$$obj.o(Region$$Table)
    Region$$Table$$Limit                     0x08003254   Number         0  anon$$obj.o(Region$$Table)
    SystemCoreClock                          0x20000000   Data           4  system_stm32f10x.o(.data)
    AHBPrescTable                            0x20000004   Data          16  system_stm32f10x.o(.data)
    __stdout                                 0x20000018   Data           4  usart.o(.data)
    USART_RX_STA                             0x2000001c   Data           2  usart.o(.data)
    OverFlowFlag                             0x20000032   Data           1  timer.o(.data)
    BUF                                      0x20000033   Data           8  myiic.o(.data)
    USART_RX_BUF                             0x2000003c   Data         200  usart.o(.bss)
    __libspace_start                         0x20000104   Data          96  libspace.o(.bss)
    __temporary_stack_top$libspace           0x20000164   Data           0  libspace.o(.bss)



==============================================================================

Memory Map of the image

  Image Entry point : 0x080001ed

  Load Region LR_1 (Base: 0x08000000, Size: 0x000032ac, Max: 0xffffffff, ABSOLUTE)

    Execution Region ER_RO (Base: 0x08000000, Size: 0x00003270, Max: 0xffffffff, ABSOLUTE)

    Base Addr    Size         Type   Attr      Idx    E Section Name        Object

    0x08000000   0x00000130   Data   RO          363    RESET               startup_stm32f10x_hd.o
    0x08000130   0x00000008   Code   RO         3614  * !!!main             c_w.l(__main.o)
    0x08000138   0x00000034   Code   RO         3909    !!!scatter          c_w.l(__scatter.o)
    0x0800016c   0x0000001a   Code   RO         3911    !!handler_copy      c_w.l(__scatter_copy.o)
    0x08000186   0x00000002   PAD
    0x08000188   0x0000001c   Code   RO         3913    !!handler_zi        c_w.l(__scatter_zi.o)
    0x080001a4   0x00000000   Code   RO         3611    .ARM.Collect$$_printf_percent$$00000000  c_w.l(_printf_percent.o)
    0x080001a4   0x00000006   Code   RO         3610    .ARM.Collect$$_printf_percent$$00000003  c_w.l(_printf_f.o)
    0x080001aa   0x00000006   Code   RO         3609    .ARM.Collect$$_printf_percent$$00000009  c_w.l(_printf_d.o)
    0x080001b0   0x00000004   Code   RO         3663    .ARM.Collect$$_printf_percent$$00000017  c_w.l(_printf_percent_end.o)
    0x080001b4   0x00000002   Code   RO         3781    .ARM.Collect$$libinit$$00000000  c_w.l(libinit.o)
    0x080001b6   0x00000000   Code   RO         3783    .ARM.Collect$$libinit$$00000002  c_w.l(libinit2.o)
    0x080001b6   0x00000000   Code   RO         3785    .ARM.Collect$$libinit$$00000004  c_w.l(libinit2.o)
    0x080001b6   0x00000000   Code   RO         3788    .ARM.Collect$$libinit$$0000000A  c_w.l(libinit2.o)
    0x080001b6   0x00000000   Code   RO         3790    .ARM.Collect$$libinit$$0000000C  c_w.l(libinit2.o)
    0x080001b6   0x00000000   Code   RO         3792    .ARM.Collect$$libinit$$0000000E  c_w.l(libinit2.o)
    0x080001b6   0x00000006   Code   RO         3793    .ARM.Collect$$libinit$$0000000F  c_w.l(libinit2.o)
    0x080001bc   0x00000000   Code   RO         3795    .ARM.Collect$$libinit$$00000011  c_w.l(libinit2.o)
    0x080001bc   0x00000000   Code   RO         3797    .ARM.Collect$$libinit$$00000013  c_w.l(libinit2.o)
    0x080001bc   0x00000000   Code   RO         3799    .ARM.Collect$$libinit$$00000015  c_w.l(libinit2.o)
    0x080001bc   0x0000000a   Code   RO         3800    .ARM.Collect$$libinit$$00000016  c_w.l(libinit2.o)
    0x080001c6   0x00000000   Code   RO         3801    .ARM.Collect$$libinit$$00000017  c_w.l(libinit2.o)
    0x080001c6   0x00000000   Code   RO         3803    .ARM.Collect$$libinit$$00000019  c_w.l(libinit2.o)
    0x080001c6   0x00000000   Code   RO         3805    .ARM.Collect$$libinit$$0000001B  c_w.l(libinit2.o)
    0x080001c6   0x00000000   Code   RO         3807    .ARM.Collect$$libinit$$0000001D  c_w.l(libinit2.o)
    0x080001c6   0x00000000   Code   RO         3809    .ARM.Collect$$libinit$$0000001F  c_w.l(libinit2.o)
    0x080001c6   0x00000000   Code   RO         3811    .ARM.Collect$$libinit$$00000021  c_w.l(libinit2.o)
    0x080001c6   0x00000000   Code   RO         3813    .ARM.Collect$$libinit$$00000023  c_w.l(libinit2.o)
    0x080001c6   0x00000000   Code   RO         3815    .ARM.Collect$$libinit$$00000025  c_w.l(libinit2.o)
    0x080001c6   0x00000000   Code   RO         3819    .ARM.Collect$$libinit$$0000002C  c_w.l(libinit2.o)
    0x080001c6   0x00000000   Code   RO         3821    .ARM.Collect$$libinit$$0000002E  c_w.l(libinit2.o)
    0x080001c6   0x00000000   Code   RO         3823    .ARM.Collect$$libinit$$00000030  c_w.l(libinit2.o)
    0x080001c6   0x00000000   Code   RO         3825    .ARM.Collect$$libinit$$00000032  c_w.l(libinit2.o)
    0x080001c6   0x00000002   Code   RO         3826    .ARM.Collect$$libinit$$00000033  c_w.l(libinit2.o)
    0x080001c8   0x00000002   Code   RO         3860    .ARM.Collect$$libshutdown$$00000000  c_w.l(libshutdown.o)
    0x080001ca   0x00000000   Code   RO         3870    .ARM.Collect$$libshutdown$$00000003  c_w.l(libshutdown2.o)
    0x080001ca   0x00000000   Code   RO         3873    .ARM.Collect$$libshutdown$$00000006  c_w.l(libshutdown2.o)
    0x080001ca   0x00000000   Code   RO         3876    .ARM.Collect$$libshutdown$$00000009  c_w.l(libshutdown2.o)
    0x080001ca   0x00000000   Code   RO         3878    .ARM.Collect$$libshutdown$$0000000B  c_w.l(libshutdown2.o)
    0x080001ca   0x00000000   Code   RO         3881    .ARM.Collect$$libshutdown$$0000000E  c_w.l(libshutdown2.o)
    0x080001ca   0x00000002   Code   RO         3882    .ARM.Collect$$libshutdown$$0000000F  c_w.l(libshutdown2.o)
    0x080001cc   0x00000000   Code   RO         3654    .ARM.Collect$$rtentry$$00000000  c_w.l(__rtentry.o)
    0x080001cc   0x00000000   Code   RO         3695    .ARM.Collect$$rtentry$$00000002  c_w.l(__rtentry2.o)
    0x080001cc   0x00000006   Code   RO         3707    .ARM.Collect$$rtentry$$00000004  c_w.l(__rtentry4.o)
    0x080001d2   0x00000000   Code   RO         3697    .ARM.Collect$$rtentry$$00000009  c_w.l(__rtentry2.o)
    0x080001d2   0x00000004   Code   RO         3698    .ARM.Collect$$rtentry$$0000000A  c_w.l(__rtentry2.o)
    0x080001d6   0x00000000   Code   RO         3700    .ARM.Collect$$rtentry$$0000000C  c_w.l(__rtentry2.o)
    0x080001d6   0x00000008   Code   RO         3701    .ARM.Collect$$rtentry$$0000000D  c_w.l(__rtentry2.o)
    0x080001de   0x00000002   Code   RO         3829    .ARM.Collect$$rtexit$$00000000  c_w.l(rtexit.o)
    0x080001e0   0x00000000   Code   RO         3838    .ARM.Collect$$rtexit$$00000002  c_w.l(rtexit2.o)
    0x080001e0   0x00000004   Code   RO         3839    .ARM.Collect$$rtexit$$00000003  c_w.l(rtexit2.o)
    0x080001e4   0x00000006   Code   RO         3840    .ARM.Collect$$rtexit$$00000004  c_w.l(rtexit2.o)
    0x080001ea   0x00000002   PAD
    0x080001ec   0x00000040   Code   RO          364  * .text               startup_stm32f10x_hd.o
    0x0800022c   0x00000002   Code   RO         3577    .text               c_w.l(use_no_semi_2.o)
    0x0800022e   0x00000002   PAD
    0x08000230   0x00000018   Code   RO         3581    .text               c_w.l(noretval__2printf.o)
    0x08000248   0x0000004e   Code   RO         3585    .text               c_w.l(_printf_pad.o)
    0x08000296   0x00000002   PAD
    0x08000298   0x00000078   Code   RO         3587    .text               c_w.l(_printf_dec.o)
    0x08000310   0x00000160   Code   RO         3604    .text               c_w.l(__printf_ss_wp.o)
    0x08000470   0x00000006   Code   RO         3612    .text               c_w.l(heapauxi.o)
    0x08000476   0x00000002   Code   RO         3652    .text               c_w.l(use_no_semi.o)
    0x08000478   0x000000b2   Code   RO         3657    .text               c_w.l(_printf_intcommon.o)
    0x0800052a   0x0000041a   Code   RO         3659    .text               c_w.l(_printf_fp_dec.o)
    0x08000944   0x00000024   Code   RO         3661    .text               c_w.l(_printf_char_file.o)
    0x08000968   0x00000008   Code   RO         3712    .text               c_w.l(rt_locale_intlibspace.o)
    0x08000970   0x0000008a   Code   RO         3719    .text               c_w.l(lludiv10.o)
    0x080009fa   0x00000002   PAD
    0x080009fc   0x00000030   Code   RO         3721    .text               c_w.l(_printf_char_common.o)
    0x08000a2c   0x00000080   Code   RO         3723    .text               c_w.l(_printf_fp_infnan.o)
    0x08000aac   0x000000dc   Code   RO         3725    .text               c_w.l(bigflt0.o)
    0x08000b88   0x00000008   Code   RO         3750    .text               c_w.l(ferror.o)
    0x08000b90   0x00000008   Code   RO         3765    .text               c_w.l(libspace.o)
    0x08000b98   0x0000004a   Code   RO         3768    .text               c_w.l(sys_stackheap_outer.o)
    0x08000be2   0x0000000c   Code   RO         3772    .text               c_w.l(exit.o)
    0x08000bee   0x00000002   PAD
    0x08000bf0   0x00000080   Code   RO         3774    .text               c_w.l(strcmpv7m.o)
    0x08000c70   0x0000003e   Code   RO         3728    CL$$btod_d2e        c_w.l(btod.o)
    0x08000cae   0x00000046   Code   RO         3730    CL$$btod_d2e_denorm_low  c_w.l(btod.o)
    0x08000cf4   0x00000060   Code   RO         3729    CL$$btod_d2e_norm_op1  c_w.l(btod.o)
    0x08000d54   0x00000338   Code   RO         3738    CL$$btod_div_common  c_w.l(btod.o)
    0x0800108c   0x000000c6   Code   RO         3735    CL$$btod_e2e        c_w.l(btod.o)
    0x08001152   0x00000028   Code   RO         3732    CL$$btod_ediv       c_w.l(btod.o)
    0x0800117a   0x00000028   Code   RO         3731    CL$$btod_emul       c_w.l(btod.o)
    0x080011a2   0x00000244   Code   RO         3737    CL$$btod_mult_common  c_w.l(btod.o)
    0x080013e6   0x00000004   Code   RO          132    i.BusFault_Handler  stm32f10x_it.o
    0x080013ea   0x00000002   Code   RO          133    i.DebugMon_Handler  stm32f10x_it.o
    0x080013ec   0x00000116   Code   RO         1519    i.GPIO_Init         stm32f10x_gpio.o
    0x08001502   0x00000004   Code   RO         1527    i.GPIO_SetBits      stm32f10x_gpio.o
    0x08001506   0x00000004   Code   RO          134    i.HardFault_Handler  stm32f10x_it.o
    0x0800150a   0x00000002   PAD
    0x0800150c   0x00000050   Code   RO         3368    i.IIC_Ack           myiic.o
    0x0800155c   0x00000038   Code   RO         3369    i.IIC_Init          myiic.o
    0x08001594   0x00000050   Code   RO         3370    i.IIC_NAck          myiic.o
    0x080015e4   0x00000070   Code   RO         3371    i.IIC_Read_Byte     myiic.o
    0x08001654   0x00000074   Code   RO         3372    i.IIC_Send_Byte     myiic.o
    0x080016c8   0x00000040   Code   RO         3373    i.IIC_Single_Read   myiic.o
    0x08001708   0x00000034   Code   RO         3374    i.IIC_Single_Write  myiic.o
    0x0800173c   0x0000004c   Code   RO         3375    i.IIC_Start         myiic.o
    0x08001788   0x0000004c   Code   RO         3376    i.IIC_Stop          myiic.o
    0x080017d4   0x00000064   Code   RO         3377    i.IIC_Wait_Ack      myiic.o
    0x08001838   0x0000001c   Code   RO         3378    i.INIT_HMC5883      myiic.o
    0x08001854   0x00000044   Code   RO         3335    i.LED_Init          led.o
    0x08001898   0x00000004   Code   RO          135    i.MemManage_Handler  stm32f10x_it.o
    0x0800189c   0x00000002   Code   RO          136    i.NMI_Handler       stm32f10x_it.o
    0x0800189e   0x00000002   PAD
    0x080018a0   0x00000070   Code   RO          368    i.NVIC_Init         misc.o
    0x08001910   0x00000002   Code   RO          137    i.PendSV_Handler    stm32f10x_it.o
    0x08001912   0x00000002   PAD
    0x08001914   0x00000020   Code   RO         1935    i.RCC_APB1PeriphClockCmd  stm32f10x_rcc.o
    0x08001934   0x00000020   Code   RO         1937    i.RCC_APB2PeriphClockCmd  stm32f10x_rcc.o
    0x08001954   0x000000d4   Code   RO         1945    i.RCC_GetClocksFreq  stm32f10x_rcc.o
    0x08001a28   0x00000002   Code   RO          138    i.SVC_Handler       stm32f10x_it.o
    0x08001a2a   0x00000008   Code   RO          221    i.SetSysClock       system_stm32f10x.o
    0x08001a32   0x00000002   PAD
    0x08001a34   0x000000e0   Code   RO          222    i.SetSysClockTo72   system_stm32f10x.o
    0x08001b14   0x00000028   Code   RO          372    i.SysTick_CLKSourceConfig  misc.o
    0x08001b3c   0x00000002   Code   RO          139    i.SysTick_Handler   stm32f10x_it.o
    0x08001b3e   0x00000002   PAD
    0x08001b40   0x00000060   Code   RO          224    i.SystemInit        system_stm32f10x.o
    0x08001ba0   0x0000001c   Code   RO         3347    i.TIM3_IRQHandler   timer.o
    0x08001bbc   0x00000006   Code   RO         2564    i.TIM_ClearITPendingBit  stm32f10x_tim.o
    0x08001bc2   0x00000018   Code   RO         2569    i.TIM_Cmd           stm32f10x_tim.o
    0x08001bda   0x00000012   Code   RO         2594    i.TIM_ITConfig      stm32f10x_tim.o
    0x08001bec   0x00000060   Code   RO         3348    i.TIM_Int_Init      timer.o
    0x08001c4c   0x000000a4   Code   RO         2640    i.TIM_TimeBaseInit  stm32f10x_tim.o
    0x08001cf0   0x00000088   Code   RO          310    i.USART1_IRQHandler  usart.o
    0x08001d78   0x00000018   Code   RO         3105    i.USART_Cmd         stm32f10x_usart.o
    0x08001d90   0x00000054   Code   RO         3109    i.USART_GetITStatus  stm32f10x_usart.o
    0x08001de4   0x0000004a   Code   RO         3111    i.USART_ITConfig    stm32f10x_usart.o
    0x08001e2e   0x00000002   PAD
    0x08001e30   0x000000d8   Code   RO         3112    i.USART_Init        stm32f10x_usart.o
    0x08001f08   0x0000000a   Code   RO         3119    i.USART_ReceiveData  stm32f10x_usart.o
    0x08001f12   0x00000004   Code   RO          140    i.UsageFault_Handler  stm32f10x_it.o
    0x08001f16   0x00000028   Code   RO         3761    i.__ARM_fpclassify  m_ws.l(fpclassify.o)
    0x08001f3e   0x000000aa   Code   RO         3763    i.__kernel_poly     m_ws.l(poly.o)
    0x08001fe8   0x00000006   Code   RO         3680    i.__mathlib_dbl_infnan  m_ws.l(dunder.o)
    0x08001fee   0x00000004   Code   RO         3681    i.__mathlib_dbl_infnan2  m_ws.l(dunder.o)
    0x08001ff2   0x00000002   PAD
    0x08001ff4   0x00000010   Code   RO         3685    i.__mathlib_dbl_underflow  m_ws.l(dunder.o)
    0x08002004   0x0000000e   Code   RO         3599    i._is_digit         c_w.l(__printf_wp.o)
    0x08002012   0x00000006   Code   RO          311    i._sys_exit         usart.o
    0x08002018   0x00000220   Code   RO         3670    i.atan              m_ws.l(atan.o)
    0x08002238   0x00000180   Code   RO         3645    i.atan2             m_ws.l(atan2.o)
    0x080023b8   0x00000044   Code   RO          255    i.delay_init        delay.o
    0x080023fc   0x0000004c   Code   RO          256    i.delay_ms          delay.o
    0x08002448   0x0000004c   Code   RO          257    i.delay_us          delay.o
    0x08002494   0x0000001c   Code   RO          312    i.fputc             usart.o
    0x080024b0   0x00000208   Code   RO            1    i.main              main.o
    0x080026b8   0x000000a0   Code   RO          313    i.uart_init         usart.o
    0x08002758   0x0000002c   Code   RO         3755    locale$$code        c_w.l(lc_numeric_c.o)
    0x08002784   0x00000150   Code   RO         3616    x$fpl$dadd          fz_ws.l(daddsub_clz.o)
    0x080028d4   0x00000010   Code   RO         3827    x$fpl$dcheck1       fz_ws.l(dcheck1.o)
    0x080028e4   0x000002b0   Code   RO         3623    x$fpl$ddiv          fz_ws.l(ddiv.o)
    0x08002b94   0x0000005e   Code   RO         3626    x$fpl$dfix          fz_ws.l(dfix.o)
    0x08002bf2   0x0000002e   Code   RO         3635    x$fpl$dflt          fz_ws.l(dflt_clz.o)
    0x08002c20   0x00000154   Code   RO         3640    x$fpl$dmul          fz_ws.l(dmul.o)
    0x08002d74   0x0000009c   Code   RO         3664    x$fpl$dnaninf       fz_ws.l(dnaninf.o)
    0x08002e10   0x0000000c   Code   RO         3666    x$fpl$dretinf       fz_ws.l(dretinf.o)
    0x08002e1c   0x00000016   Code   RO         3617    x$fpl$drsb          fz_ws.l(daddsub_clz.o)
    0x08002e32   0x00000002   PAD
    0x08002e34   0x000001d4   Code   RO         3618    x$fpl$dsub          fz_ws.l(daddsub_clz.o)
    0x08003008   0x00000004   Code   RO         3642    x$fpl$printf1       fz_ws.l(printf1.o)
    0x0800300c   0x00000064   Code   RO         3835    x$fpl$retnan        fz_ws.l(retnan.o)
    0x08003070   0x0000005c   Code   RO         3759    x$fpl$scalbn        fz_ws.l(scalbn.o)
    0x080030cc   0x00000030   Code   RO         3848    x$fpl$trapveneer    fz_ws.l(trapv.o)
    0x080030fc   0x00000000   Code   RO         3668    x$fpl$usenofp       fz_ws.l(usenofp.o)
    0x080030fc   0x00000004   PAD
    0x08003100   0x00000098   Data   RO         3671    .constdata          m_ws.l(atan.o)
    0x08003198   0x00000008   Data   RO         3693    .constdata          m_ws.l(qnan.o)
    0x080031a0   0x00000094   Data   RO         3726    .constdata          c_w.l(bigflt0.o)
    0x08003234   0x00000020   Data   RO         3907    Region$$Table       anon$$obj.o
    0x08003254   0x0000001c   Data   RO         3754    locale$$data        c_w.l(lc_numeric_c.o)


    Execution Region ER_RW (Base: 0x20000000, Size: 0x0000003c, Max: 0xffffffff, ABSOLUTE)

    Base Addr    Size         Type   Attr      Idx    E Section Name        Object

    0x20000000   0x00000014   Data   RW          225    .data               system_stm32f10x.o
    0x20000014   0x00000004   Data   RW          258    .data               delay.o
    0x20000018   0x00000006   Data   RW          315    .data               usart.o
    0x2000001e   0x00000014   Data   RW         1965    .data               stm32f10x_rcc.o
    0x20000032   0x00000001   Data   RW         3349    .data               timer.o
    0x20000033   0x00000008   Data   RW         3380    .data               myiic.o


    Execution Region ER_ZI (Base: 0x2000003c, Size: 0x0000072c, Max: 0xffffffff, ABSOLUTE)

    Base Addr    Size         Type   Attr      Idx    E Section Name        Object

    0x2000003c   0x000000c8   Zero   RW          314    .bss                usart.o
    0x20000104   0x00000060   Zero   RW         3766    .bss                c_w.l(libspace.o)
    0x20000164   0x00000004   PAD
    0x20000168   0x00000200   Zero   RW          362    HEAP                startup_stm32f10x_hd.o
    0x20000368   0x00000400   Zero   RW          361    STACK               startup_stm32f10x_hd.o


==============================================================================

Image component sizes


      Code (inc. data)   RO Data    RW Data    ZI Data      Debug   Object Name

       220         26          0          4          0       1539   delay.o
        68          8          0          0          0        455   led.o
       520         92          0          0          0     253299   main.o
       152         12          0          0          0       1426   misc.o
       840        100          0          8          0       5920   myiic.o
        64         26        304          0       1536        768   startup_stm32f10x_hd.o
       282          0          0          0          0       2367   stm32f10x_gpio.o
        26          0          0          0          0       3354   stm32f10x_it.o
       276         32          0         20          0       4246   stm32f10x_rcc.o
       212         42          0          0          0       2668   stm32f10x_tim.o
       408          6          0          0          0       4714   stm32f10x_usart.o
         0          0          0          0          0         32   sys.o
       328         28          0         20          0       1897   system_stm32f10x.o
       124         16          0          1          0       1220   timer.o
       330         26          0          6        200       3892   usart.o

    ----------------------------------------------------------------------
      3862        414        336         60       1736     287797   Object Totals
         0          0         32          0          0          0   (incl. Generated)
        12          0          0          1          0          0   (incl. Padding)

    ----------------------------------------------------------------------

      Code (inc. data)   RO Data    RW Data    ZI Data      Debug   Library Member Name

         8          0          0          0          0         68   __main.o
       352          0          0          0          0         88   __printf_ss_wp.o
        14          0          0          0          0         68   __printf_wp.o
         0          0          0          0          0          0   __rtentry.o
        12          0          0          0          0          0   __rtentry2.o
         6          0          0          0          0          0   __rtentry4.o
        52          8          0          0          0          0   __scatter.o
        26          0          0          0          0          0   __scatter_copy.o
        28          0          0          0          0          0   __scatter_zi.o
        48          6          0          0          0         96   _printf_char_common.o
        36          4          0          0          0         80   _printf_char_file.o
         6          0          0          0          0          0   _printf_d.o
       120         16          0          0          0         92   _printf_dec.o
         6          0          0          0          0          0   _printf_f.o
      1050          0          0          0          0        216   _printf_fp_dec.o
       128         16          0          0          0         84   _printf_fp_infnan.o
       178          0          0          0          0         88   _printf_intcommon.o
        78          0          0          0          0        108   _printf_pad.o
         0          0          0          0          0          0   _printf_percent.o
         4          0          0          0          0          0   _printf_percent_end.o
       220          4        148          0          0         96   bigflt0.o
      1910        128          0          0          0        672   btod.o
        12          0          0          0          0         72   exit.o
         8          0          0          0          0         68   ferror.o
         6          0          0          0          0        152   heapauxi.o
        44         10         28          0          0         76   lc_numeric_c.o
         2          0          0          0          0          0   libinit.o
        18          0          0          0          0          0   libinit2.o
         2          0          0          0          0          0   libshutdown.o
         2          0          0          0          0          0   libshutdown2.o
         8          4          0          0         96         68   libspace.o
       138          0          0          0          0         80   lludiv10.o
        24          4          0          0          0         84   noretval__2printf.o
         8          4          0          0          0         68   rt_locale_intlibspace.o
         2          0          0          0          0          0   rtexit.o
        10          0          0          0          0          0   rtexit2.o
       128          0          0          0          0         68   strcmpv7m.o
        74          0          0          0          0         80   sys_stackheap_outer.o
         2          0          0          0          0         68   use_no_semi.o
         2          0          0          0          0         68   use_no_semi_2.o
       826         16          0          0          0        348   daddsub_clz.o
        16          4          0          0          0         68   dcheck1.o
       688        140          0          0          0        208   ddiv.o
        94          4          0          0          0         92   dfix.o
        46          0          0          0          0         68   dflt_clz.o
       340         12          0          0          0        104   dmul.o
       156          4          0          0          0         92   dnaninf.o
        12          0          0          0          0         68   dretinf.o
         4          0          0          0          0         68   printf1.o
       100          0          0          0          0         68   retnan.o
        92          0          0          0          0         68   scalbn.o
        48          0          0          0          0         68   trapv.o
         0          0          0          0          0          0   usenofp.o
       544         70        152          0          0        124   atan.o
       384         38          0          0          0        144   atan2.o
        26          6          0          0          0        204   dunder.o
        40          0          0          0          0         68   fpclassify.o
       170          0          0          0          0         96   poly.o
         0          0          8          0          0          0   qnan.o

    ----------------------------------------------------------------------
      8378        498        336          0        100       4664   Library Totals
        20          0          0          0          4          0   (incl. Padding)

    ----------------------------------------------------------------------

      Code (inc. data)   RO Data    RW Data    ZI Data      Debug   Library Name

      4772        204        176          0         96       2708   c_w.l
      2422        180          0          0          0       1320   fz_ws.l
      1164        114        160          0          0        636   m_ws.l

    ----------------------------------------------------------------------
      8378        498        336          0        100       4664   Library Totals

    ----------------------------------------------------------------------

==============================================================================


      Code (inc. data)   RO Data    RW Data    ZI Data      Debug   

     12240        912        672         60       1836     287517   Grand Totals
     12240        912        672         60       1836     287517   ELF Image Totals
     12240        912        672         60          0          0   ROM Totals

==============================================================================

    Total RO  Size (Code + RO Data)                12912 (  12.61kB)
    Total RW  Size (RW Data + ZI Data)              1896 (   1.85kB)
    Total ROM Size (Code + RO Data + RW Data)      12972 (  12.67kB)

==============================================================================

