<html>
<body>
<pre>
<h1>µVision Build Log</h1>
<h2>Tool Versions:</h2>
IDE-Version: ¦ÌVision V5.14.0.0
Copyright (C) 2015 ARM Ltd and ARM Germany GmbH. All rights reserved.
License Information: µÄ ÕÅ½ðÑô, vf, LIC=----
 
Tool Versions:
Toolchain:       MDK-Lite  Version: 5.14.0.0
Toolchain Path:  C:\Keil_v5\ARM\ARMCC\Bin
C Compiler:      Armcc.exe V5.05 update 1 (build 106)
Assembler:       Armasm.exe V5.05 update 1 (build 106)
Linker/Locator:  ArmLink.exe V5.05 update 1 (build 106)
Library Manager: ArmAr.exe V5.05 update 1 (build 106)
Hex Converter:   FromElf.exe V5.05 update 1 (build 106)
CPU DLL:         SARMCM3.DLL V5.14.0.0
Dialog DLL:      DCM.DLL V1.13.1.0
Target DLL:      STLink\ST-LINKIII-KEIL_SWO.dll V2.0.14.0_KEIL
Dialog DLL:      TCM.DLL V1.14.4.0
 
<h2>Project:</h2>
C:\STM32\RCT6\LCD1602\USER\IIC.uvprojx
Project File Date:  09/25/2016

<h2>Output:</h2>
Build target 'IIC'
compiling myiic.c...
..\HARDWARE\IIC\myiic.c(80): warning:  #174-D: expression has no effect
        IIC_SDA=1;Delay5us;        
..\HARDWARE\IIC\myiic.c(81): warning:  #174-D: expression has no effect
        IIC_SCL=1;Delay5us;      
..\HARDWARE\IIC\myiic.c: 2 warnings, 0 errors
linking...
Program Size: Code=13480 RO-data=672 RW-data=60 ZI-data=1836  
FromELF: creating hex file...
"..\OBJ\IIC.axf" - 0 Error(s), 2 Warning(s).

<h2>Collection of Component include folders:</h2>
  C:\STM32\RCT6\LCD1602\USER\RTE
  C:\Keil_v5\ARM\PACK\Keil\STM32F1xx_DFP\1.0.5\Device\Include

<h2>Collection of Component Files used:</h2>
</pre>
</body>
</html>
