<html>
<body>
<pre>
<h1>µVision Build Log</h1>
<h2>Tool Versions:</h2>
IDE-Version: ¦ÌVision V5.14.0.0
Copyright (C) 2015 ARM Ltd and ARM Germany GmbH. All rights reserved.
License Information: zhang zhang, zhang, LIC=1WSCX-HR329-JN0A8-31W0K-78GHK-PFFBW
 
Tool Versions:
Toolchain:       MDK-ARM Professional  Version: 5.14.0.0
Toolchain Path:  C:\Keil_v5\ARM\ARMCC\Bin
C Compiler:      Armcc.exe V5.05 update 1 (build 106)
Assembler:       Armasm.exe V5.05 update 1 (build 106)
Linker/Locator:  ArmLink.exe V5.05 update 1 (build 106)
Library Manager: ArmAr.exe V5.05 update 1 (build 106)
Hex Converter:   FromElf.exe V5.05 update 1 (build 106)
CPU DLL:         SARMCM3.DLL V5.14.0.0
Dialog DLL:      DARMSTM.DLL V1.65.0.0
Target DLL:      Segger\JL2CM3.dll V2.99.13.0
Dialog DLL:      TARMSTM.DLL V1.64.0.0
 
<h2>Project:</h2>
C:\Users\zhang\Documents\STM32\LaserTest\USER\IIC.uvprojx
Project File Date:  11/06/2016

<h2>Output:</h2>
Build target 'IIC'
compiling myiic.c...
..\HARDWARE\IIC\myiic.c(171): warning:  #1-D: last line of file ends without a newline
        
..\HARDWARE\IIC\myiic.c: 1 warning, 0 errors
linking...
Program Size: Code=15430 RO-data=638 RW-data=372 ZI-data=1836  
FromELF: creating hex file...
"..\OBJ\IIC.axf" - 0 Error(s), 1 Warning(s).

<h2>Collection of Component include folders:</h2>
  C:\Users\zhang\Documents\STM32\LaserTest\USER\RTE
  C:\Keil_v5\ARM\PACK\Keil\STM32F1xx_DFP\1.0.5\Device\Include

<h2>Collection of Component Files used:</h2>
</pre>
</body>
</html>
