Product: MDK-ARM Professional 5.10
Component: ARM Compiler 5.04 update 1 (build 49)
Tool: armlink [5040049]

==============================================================================

Section Cross References

    main.o(.text) refers to rt_memclr_w.o(.text) for __aeabi_memclr4
    main.o(.text) refers to atof.o(i.atof) for atof
    main.o(.text) refers to delay.o(.text) for delay_init
    main.o(.text) refers to sys.o(.text) for NVIC_Configuration
    main.o(.text) refers to usart.o(.text) for uart_init
    main.o(.text) refers to led.o(.text) for LED_Init
    main.o(.text) refers to pwm.o(.text) for TIM_PWM_Init
    main.o(.text) refers to encooder.o(.text) for Encoder_Init
    main.o(.text) refers to can.o(.text) for CAN_Config
    main.o(.text) refers to pid.o(.text) for TaskMotorSpeedAdj
    main.o(.text) refers to usart.o(.bss) for USART_RX_BUF
    main.o(.text) refers to main.o(.data) for speed_target_1
    main.o(.text) refers to usart.o(.data) for USART_RX_STA
    main.o(.text) refers to main.o(.bss) for speed_target
    stm32f10x_it.o(.text) refers to stm32f10x_tim.o(.text) for TIM_GetITStatus
    stm32f10x_it.o(.text) refers to dflt_clz.o(x$fpl$dflt) for __aeabi_i2d
    stm32f10x_it.o(.text) refers to ddiv.o(x$fpl$ddiv) for __aeabi_ddiv
    stm32f10x_it.o(.text) refers to dmul.o(x$fpl$dmul) for __aeabi_dmul
    stm32f10x_it.o(.text) refers to stm32f10x_it.o(.bss) for update_count
    stm32f10x_it.o(.text) refers to main.o(.data) for Speed_Flag
    system_stm32f10x.o(.text) refers to system_stm32f10x.o(.data) for SystemCoreClock
    startup_stm32f10x_hd.o(STACK) refers (Special) to heapauxi.o(.text) for __use_two_region_memory
    startup_stm32f10x_hd.o(HEAP) refers (Special) to heapauxi.o(.text) for __use_two_region_memory
    startup_stm32f10x_hd.o(RESET) refers (Special) to heapauxi.o(.text) for __use_two_region_memory
    startup_stm32f10x_hd.o(RESET) refers to startup_stm32f10x_hd.o(STACK) for __initial_sp
    startup_stm32f10x_hd.o(RESET) refers to startup_stm32f10x_hd.o(.text) for Reset_Handler
    startup_stm32f10x_hd.o(RESET) refers to stm32f10x_it.o(.text) for NMI_Handler
    startup_stm32f10x_hd.o(RESET) refers to can.o(.text) for USB_LP_CAN1_RX0_IRQHandler
    startup_stm32f10x_hd.o(RESET) refers to usart.o(.text) for USART2_IRQHandler
    startup_stm32f10x_hd.o(.text) refers (Special) to heapauxi.o(.text) for __use_two_region_memory
    startup_stm32f10x_hd.o(.text) refers to system_stm32f10x.o(.text) for SystemInit
    startup_stm32f10x_hd.o(.text) refers to __main.o(!!!main) for __main
    startup_stm32f10x_hd.o(.text) refers to startup_stm32f10x_hd.o(HEAP) for Heap_Mem
    startup_stm32f10x_hd.o(.text) refers to startup_stm32f10x_hd.o(STACK) for Stack_Mem
    stm32f10x_adc.o(.text) refers to stm32f10x_rcc.o(.text) for RCC_APB2PeriphResetCmd
    stm32f10x_bkp.o(.text) refers to stm32f10x_rcc.o(.text) for RCC_BackupResetCmd
    stm32f10x_can.o(.text) refers to stm32f10x_rcc.o(.text) for RCC_APB1PeriphResetCmd
    stm32f10x_cec.o(.text) refers to stm32f10x_rcc.o(.text) for RCC_APB1PeriphResetCmd
    stm32f10x_dac.o(.text) refers to stm32f10x_rcc.o(.text) for RCC_APB1PeriphResetCmd
    stm32f10x_gpio.o(.text) refers to stm32f10x_rcc.o(.text) for RCC_APB2PeriphResetCmd
    stm32f10x_i2c.o(.text) refers to stm32f10x_rcc.o(.text) for RCC_APB1PeriphResetCmd
    stm32f10x_pwr.o(.text) refers to stm32f10x_rcc.o(.text) for RCC_APB1PeriphResetCmd
    stm32f10x_rcc.o(.text) refers to stm32f10x_rcc.o(.data) for APBAHBPrescTable
    stm32f10x_spi.o(.text) refers to stm32f10x_rcc.o(.text) for RCC_APB2PeriphResetCmd
    stm32f10x_tim.o(.text) refers to stm32f10x_rcc.o(.text) for RCC_APB2PeriphResetCmd
    stm32f10x_usart.o(.text) refers to stm32f10x_rcc.o(.text) for RCC_APB2PeriphResetCmd
    stm32f10x_wwdg.o(.text) refers to stm32f10x_rcc.o(.text) for RCC_APB1PeriphResetCmd
    delay.o(.text) refers to misc.o(.text) for SysTick_CLKSourceConfig
    delay.o(.text) refers to system_stm32f10x.o(.data) for SystemCoreClock
    delay.o(.text) refers to delay.o(.data) for fac_us
    sys.o(.text) refers to misc.o(.text) for NVIC_PriorityGroupConfig
    usart.o(.text) refers (Special) to use_no_semi_2.o(.text) for __use_no_semihosting
    usart.o(.text) refers to stm32f10x_usart.o(.text) for USART_GetFlagStatus
    usart.o(.text) refers to stm32f10x_rcc.o(.text) for RCC_APB2PeriphClockCmd
    usart.o(.text) refers to stm32f10x_gpio.o(.text) for GPIO_Init
    usart.o(.text) refers to misc.o(.text) for NVIC_Init
    usart.o(.text) refers to usart.o(.data) for USART_RX_STA
    usart.o(.text) refers to usart.o(.bss) for USART_RX_BUF
    usart.o(.bss) refers (Special) to use_no_semi_2.o(.text) for __use_no_semihosting
    usart.o(.data) refers (Special) to use_no_semi_2.o(.text) for __use_no_semihosting
    led.o(.text) refers to stm32f10x_rcc.o(.text) for RCC_APB2PeriphClockCmd
[...]
    ..\SYSTEM\delay\delay.c                  0x00000000   Number         0  delay.o ABSOLUTE
    ..\SYSTEM\sys\sys.c                      0x00000000   Number         0  sys.o ABSOLUTE
    ..\SYSTEM\usart\usart.c                  0x00000000   Number         0  usart.o ABSOLUTE
    ..\\CORE\\core_cm3.c                     0x00000000   Number         0  core_cm3.o ABSOLUTE
    dc.s                                     0x00000000   Number         0  dc.o ABSOLUTE
    main.c                                   0x00000000   Number         0  main.o ABSOLUTE
    stm32f10x_it.c                           0x00000000   Number         0  stm32f10x_it.o ABSOLUTE
    system_stm32f10x.c                       0x00000000   Number         0  system_stm32f10x.o ABSOLUTE
    RESET                                    0x08000000   Section      304  startup_stm32f10x_hd.o(RESET)
    !!!main                                  0x08000130   Section        8  __main.o(!!!main)
    !!!scatter                               0x08000138   Section       52  __scatter.o(!!!scatter)
    !!dczerorl2                              0x0800016c   Section       90  __dczerorl2.o(!!dczerorl2)
    !!handler_zi                             0x080001c8   Section       28  __scatter_zi.o(!!handler_zi)
    .ARM.Collect$$libinit$$00000000          0x080001e4   Section        2  libinit.o(.ARM.Collect$$libinit$$00000000)
    .ARM.Collect$$libinit$$00000002          0x080001e6   Section        0  libinit2.o(.ARM.Collect$$libinit$$00000002)
    .ARM.Collect$$libinit$$00000008          0x080001e6   Section        0  libinit2.o(.ARM.Collect$$libinit$$00000008)
    .ARM.Collect$$libinit$$0000000A          0x080001e6   Section        0  libinit2.o(.ARM.Collect$$libinit$$0000000A)
    .ARM.Collect$$libinit$$0000000C          0x080001e6   Section        0  libinit2.o(.ARM.Collect$$libinit$$0000000C)
    .ARM.Collect$$libinit$$0000000D          0x080001e6   Section        6  libinit2.o(.ARM.Collect$$libinit$$0000000D)
    .ARM.Collect$$libinit$$0000000F          0x080001ec   Section        0  libinit2.o(.ARM.Collect$$libinit$$0000000F)
    .ARM.Collect$$libinit$$00000010          0x080001ec   Section       12  libinit2.o(.ARM.Collect$$libinit$$00000010)
    .ARM.Collect$$libinit$$00000011          0x080001f8   Section        0  libinit2.o(.ARM.Collect$$libinit$$00000011)
    .ARM.Collect$$libinit$$00000013          0x080001f8   Section        0  libinit2.o(.ARM.Collect$$libinit$$00000013)
    .ARM.Collect$$libinit$$00000014          0x080001f8   Section       10  libinit2.o(.ARM.Collect$$libinit$$00000014)
    .ARM.Collect$$libinit$$00000015          0x08000202   Section        0  libinit2.o(.ARM.Collect$$libinit$$00000015)
    .ARM.Collect$$libinit$$00000017          0x08000202   Section        0  libinit2.o(.ARM.Collect$$libinit$$00000017)
    .ARM.Collect$$libinit$$00000019          0x08000202   Section        0  libinit2.o(.ARM.Collect$$libinit$$00000019)
    .ARM.Collect$$libinit$$0000001B          0x08000202   Section        0  libinit2.o(.ARM.Collect$$libinit$$0000001B)
    .ARM.Collect$$libinit$$0000001D          0x08000202   Section        0  libinit2.o(.ARM.Collect$$libinit$$0000001D)
    .ARM.Collect$$libinit$$0000001F          0x08000202   Section        0  libinit2.o(.ARM.Collect$$libinit$$0000001F)
    .ARM.Collect$$libinit$$00000021          0x08000202   Section        0  libinit2.o(.ARM.Collect$$libinit$$00000021)
    .ARM.Collect$$libinit$$00000023          0x08000202   Section        0  libinit2.o(.ARM.Collect$$libinit$$00000023)
    .ARM.Collect$$libinit$$0000002A          0x08000202   Section        0  libinit2.o(.ARM.Collect$$libinit$$0000002A)
    .ARM.Collect$$libinit$$0000002C          0x08000202   Section        0  libinit2.o(.ARM.Collect$$libinit$$0000002C)
    .ARM.Collect$$libinit$$0000002E          0x08000202   Section        0  libinit2.o(.ARM.Collect$$libinit$$0000002E)
    .ARM.Collect$$libinit$$00000030          0x08000202   Section        0  libinit2.o(.ARM.Collect$$libinit$$00000030)
    .ARM.Collect$$libinit$$00000031          0x08000202   Section        2  libinit2.o(.ARM.Collect$$libinit$$00000031)
    .ARM.Collect$$libshutdown$$00000000      0x08000204   Section        2  libshutdown.o(.ARM.Collect$$libshutdown$$00000000)
    .ARM.Collect$$libshutdown$$00000003      0x08000206   Section        0  libshutdown2.o(.ARM.Collect$$libshutdown$$00000003)
    .ARM.Collect$$libshutdown$$00000006      0x08000206   Section        0  libshutdown2.o(.ARM.Collect$$libshutdown$$00000006)
    .ARM.Collect$$libshutdown$$00000009      0x08000206   Section        0  libshutdown2.o(.ARM.Collect$$libshutdown$$00000009)
    .ARM.Collect$$libshutdown$$0000000B      0x08000206   Section        0  libshutdown2.o(.ARM.Collect$$libshutdown$$0000000B)
    .ARM.Collect$$libshutdown$$0000000E      0x08000206   Section        0  libshutdown2.o(.ARM.Collect$$libshutdown$$0000000E)
    .ARM.Collect$$libshutdown$$0000000F      0x08000206   Section        2  libshutdown2.o(.ARM.Collect$$libshutdown$$0000000F)
    .ARM.Collect$$rtentry$$00000000          0x08000208   Section        0  rtentry.o(.ARM.Collect$$rtentry$$00000000)
    .ARM.Collect$$rtentry$$00000002          0x08000208   Section        0  rtentry2.o(.ARM.Collect$$rtentry$$00000002)
    .ARM.Collect$$rtentry$$00000004          0x08000208   Section        6  rtentry4.o(.ARM.Collect$$rtentry$$00000004)
    .ARM.Collect$$rtentry$$00000009          0x0800020e   Section        0  rtentry2.o(.ARM.Collect$$rtentry$$00000009)
    .ARM.Collect$$rtentry$$0000000A          0x0800020e   Section        4  rtentry2.o(.ARM.Collect$$rtentry$$0000000A)
    .ARM.Collect$$rtentry$$0000000C          0x08000212   Section        0  rtentry2.o(.ARM.Collect$$rtentry$$0000000C)
    .ARM.Collect$$rtentry$$0000000D          0x08000212   Section        8  rtentry2.o(.ARM.Collect$$rtentry$$0000000D)
    .ARM.Collect$$rtexit$$00000000           0x0800021a   Section        2  rtexit.o(.ARM.Collect$$rtexit$$00000000)
    .ARM.Collect$$rtexit$$00000002           0x0800021c   Section        0  rtexit2.o(.ARM.Collect$$rtexit$$00000002)
    .ARM.Collect$$rtexit$$00000003           0x0800021c   Section        4  rtexit2.o(.ARM.Collect$$rtexit$$00000003)
    .ARM.Collect$$rtexit$$00000004           0x08000220   Section        6  rtexit2.o(.ARM.Collect$$rtexit$$00000004)
    .text                                    0x08000228   Section        0  main.o(.text)
    .text                                    0x080003b0   Section        0  stm32f10x_it.o(.text)
    .text                                    0x080005a0   Section        0  system_stm32f10x.o(.text)
    SetSysClockTo72                          0x080005a1   Thumb Code   214  system_stm32f10x.o(.text)
    SetSysClock                              0x08000677   Thumb Code     8  system_stm32f10x.o(.text)
    .text                                    0x08000780   Section       64  startup_stm32f10x_hd.o(.text)
    .text                                    0x080007c0   Section        0  misc.o(.text)
    .text                                    0x0800089c   Section        0  stm32f10x_can.o(.text)
    CheckITStatus                            0x0800109f   Thumb Code    18  stm32f10x_can.o(.text)
    .text                                    0x0800128c   Section        0  stm32f10x_gpio.o(.text)
    .text                                    0x080015e8   Section        0  stm32f10x_rcc.o(.text)
    .text                                    0x0800198c   Section        0  stm32f10x_tim.o(.text)
    TI4_Config                               0x08001e33   Thumb Code   130  stm32f10x_tim.o(.text)
    TI3_Config                               0x08001ec7   Thumb Code   122  stm32f10x_tim.o(.text)
    TI2_Config                               0x08001f5b   Thumb Code   130  stm32f10x_tim.o(.text)
    TI1_Config                               0x08001fef   Thumb Code   108  stm32f10x_tim.o(.text)
    .text                                    0x080027a8   Section        0  stm32f10x_usart.o(.text)
    .text                                    0x08002bb0   Section        0  delay.o(.text)
    .text                                    0x08002c84   Section        0  sys.o(.text)
    .text                                    0x08002c90   Section        0  usart.o(.text)
    .text                                    0x08002de0   Section        0  led.o(.text)
    .text                                    0x08002e2c   Section        0  pwm.o(.text)
    TIM_GPIO_Config                          0x08002e2d   Thumb Code    64  pwm.o(.text)
    .text                                    0x08002f7c   Section        0  pid.o(.text)
    .text                                    0x080037b0   Section        0  encooder.o(.text)
    .text                                    0x08003b20   Section        0  can.o(.text)
    .text                                    0x08003ce4   Section        2  use_no_semi_2.o(.text)
    .text                                    0x08003ce6   Section       78  rt_memclr_w.o(.text)
    .text                                    0x08003d34   Section        0  heapauxi.o(.text)
    .text                                    0x08003d3a   Section        2  use_no_semi.o(.text)
    .text                                    0x08003d3c   Section        0  _rserrno.o(.text)
    .text                                    0x08003d54   Section        0  strtod.o(.text)
    _local_sscanf                            0x08003d55   Thumb Code    60  strtod.o(.text)
    .text                                    0x08003df4   Section        8  rt_errno_addr_intlibspace.o(.text)
    .text                                    0x08003dfc   Section        0  isspace.o(.text)
    .text                                    0x08003e0e   Section        0  _sgetc.o(.text)
    .text                                    0x08003e50   Section        8  libspace.o(.text)
    .text                                    0x08003e58   Section       74  sys_stackheap_outer.o(.text)
    .text                                    0x08003ea4   Section       16  rt_ctype_table.o(.text)
    .text                                    0x08003eb4   Section        0  scanf_fp.o(.text)
    _fp_value                                0x08003eb5   Thumb Code   508  scanf_fp.o(.text)
    .text                                    0x08004358   Section        0  exit.o(.text)
    .text                                    0x08004364   Section      128  strcmpv7m.o(.text)
    .text                                    0x080043e4   Section        8  rt_locale_intlibspace.o(.text)
    .text                                    0x080043ec   Section        0  bigflt0.o(.text)
    .text                                    0x080044c4   Section        0  scanf_hexfp.o(.text)
    .text                                    0x080047dc   Section        0  scanf_infnan.o(.text)
    .text                                    0x08004910   Section       38  llshl.o(.text)
    .text                                    0x08004936   Section        0  _chval.o(.text)
    CL$$btod_div_common                      0x08004952   Section      824  btod.o(CL$$btod_div_common)
    CL$$btod_e2d                             0x08004c8c   Section       84  btod.o(CL$$btod_e2d)
    CL$$btod_e2e                             0x08004ce0   Section      198  btod.o(CL$$btod_e2e)
    CL$$btod_ediv                            0x08004da6   Section       40  btod.o(CL$$btod_ediv)
    CL$$btod_edivd                           0x08004dce   Section       40  btod.o(CL$$btod_edivd)
    CL$$btod_emul                            0x08004df6   Section       40  btod.o(CL$$btod_emul)
    CL$$btod_emuld                           0x08004e1e   Section       40  btod.o(CL$$btod_emuld)
    CL$$btod_mult_common                     0x08004e46   Section      580  btod.o(CL$$btod_mult_common)
    i.__mathlib_dbl_underflow                0x0800508c   Section        0  dunder.o(i.__mathlib_dbl_underflow)
    i.__mathlib_narrow                       0x0800509c   Section        0  narrow.o(i.__mathlib_narrow)
    i.__mathlib_tofloat                      0x080050ac   Section        0  narrow.o(i.__mathlib_tofloat)
    i.__support_ldexp                        0x08005134   Section        0  ldexp.o(i.__support_ldexp)
    i._is_digit                              0x0800514a   Section        0  scanf_fp.o(i._is_digit)
    i.atof                                   0x08005158   Section        0  atof.o(i.atof)
    i.frexp                                  0x08005184   Section        0  frexp.o(i.frexp)
    i.ldexp                                  0x080051dc   Section        0  ldexp.o(i.ldexp)
    locale$$code                             0x0800525c   Section       44  lc_numeric_c.o(locale$$code)
    locale$$code                             0x08005288   Section       44  lc_ctype_c.o(locale$$code)
    x$fpl$d2f                                0x080052b4   Section       98  d2f.o(x$fpl$d2f)
    x$fpl$dadd                               0x08005318   Section      336  daddsub_clz.o(x$fpl$dadd)
    _dadd1                                   0x08005329   Thumb Code     0  daddsub_clz.o(x$fpl$dadd)
    x$fpl$dcheck1                            0x08005468   Section       16  dcheck1.o(x$fpl$dcheck1)
    x$fpl$dcmpinf                            0x08005478   Section       24  dcmpi.o(x$fpl$dcmpinf)
    x$fpl$ddiv                               0x08005490   Section      688  ddiv.o(x$fpl$ddiv)
    ddiv_entry                               0x08005497   Thumb Code     0  ddiv.o(x$fpl$ddiv)
    x$fpl$deqf                               0x08005740   Section      120  deqf.o(x$fpl$deqf)
    x$fpl$dfixu                              0x080057b8   Section       90  dfixu.o(x$fpl$dfixu)
    x$fpl$dflt                               0x08005812   Section       46  dflt_clz.o(x$fpl$dflt)
    x$fpl$dleqf                              0x08005840   Section      120  dleqf.o(x$fpl$dleqf)
    x$fpl$dmul                               0x080058b8   Section      340  dmul.o(x$fpl$dmul)
    x$fpl$dnaninf                            0x08005a0c   Section      156  dnaninf.o(x$fpl$dnaninf)
    x$fpl$dretinf                            0x08005aa8   Section       12  dretinf.o(x$fpl$dretinf)
    x$fpl$drleqf                             0x08005ab4   Section      108  drleqf.o(x$fpl$drleqf)
    x$fpl$drsb                               0x08005b20   Section       22  daddsub_clz.o(x$fpl$drsb)
    x$fpl$dsub                               0x08005b38   Section      468  daddsub_clz.o(x$fpl$dsub)
    _dsub1                                   0x08005b49   Thumb Code     0  daddsub_clz.o(x$fpl$dsub)
    x$fpl$f2d                                0x08005d0c   Section       86  f2d.o(x$fpl$f2d)
    x$fpl$fmul                               0x08005d64   Section      258  fmul.o(x$fpl$fmul)
    x$fpl$fnaninf                            0x08005e66   Section      140  fnaninf.o(x$fpl$fnaninf)
    x$fpl$fretinf                            0x08005ef2   Section       10  fretinf.o(x$fpl$fretinf)
    x$fpl$retnan                             0x08005efc   Section      100  retnan.o(x$fpl$retnan)
    x$fpl$scalbn                             0x08005f60   Section       92  scalbn.o(x$fpl$scalbn)
    x$fpl$scanf1                             0x08005fbc   Section        4  scanf1.o(x$fpl$scanf1)
    x$fpl$scanf2                             0x08005fc0   Section        8  scanf2.o(x$fpl$scanf2)
    x$fpl$trapveneer                         0x08005fc8   Section       48  trapv.o(x$fpl$trapveneer)
    .constdata                               0x08005ff8   Section      148  bigflt0.o(.constdata)
    x$fpl$usenofp                            0x08005ff8   Section        0  usenofp.o(x$fpl$usenofp)
    tenpwrs_x                                0x08005ff8   Data          60  bigflt0.o(.constdata)
    tenpwrs_i                                0x08006034   Data          64  bigflt0.o(.constdata)
    c$$dinf                                  0x080060ac   Section        8  fpconst.o(c$$dinf)
    locale$$data                             0x080060b4   Section       28  lc_numeric_c.o(locale$$data)
    __lcnum_c_name                           0x080060b8   Data           2  lc_numeric_c.o(locale$$data)
    __lcnum_c_start                          0x080060c0   Data           0  lc_numeric_c.o(locale$$data)
    __lcnum_c_point                          0x080060cc   Data           0  lc_numeric_c.o(locale$$data)
    __lcnum_c_thousands                      0x080060ce   Data           0  lc_numeric_c.o(locale$$data)
    __lcnum_c_grouping                       0x080060cf   Data           0  lc_numeric_c.o(locale$$data)
    locale$$data                             0x080060d0   Section      272  lc_ctype_c.o(locale$$data)
    __lcnum_c_end                            0x080060d0   Data           0  lc_numeric_c.o(locale$$data)
    __lcctype_c_name                         0x080060d4   Data           2  lc_ctype_c.o(locale$$data)
    __lcctype_c_start                        0x080060dc   Data           0  lc_ctype_c.o(locale$$data)
    __lcctype_c_end                          0x080061e0   Data           0  lc_ctype_c.o(locale$$data)
    .data                                    0x20000000   Section       48  main.o(.data)
    .data                                    0x20000030   Section        4  stm32f10x_it.o(.data)
    .data                                    0x20000034   Section       20  system_stm32f10x.o(.data)
    .data                                    0x20000048   Section       20  stm32f10x_rcc.o(.data)
    APBAHBPrescTable                         0x20000048   Data          16  stm32f10x_rcc.o(.data)
    ADCPrescTable                            0x20000058   Data           4  stm32f10x_rcc.o(.data)
    .data                                    0x2000005c   Section        4  delay.o(.data)
    fac_us                                   0x2000005c   Data           1  delay.o(.data)
    fac_ms                                   0x2000005e   Data           2  delay.o(.data)
    .data                                    0x20000060   Section        6  usart.o(.data)
    .data                                    0x20000068   Section      260  pid.o(.data)
    .bss                                     0x20000170   Section      158  main.o(.bss)
    .bss                                     0x20000210   Section       96  stm32f10x_it.o(.bss)
    .bss                                     0x20000270   Section      200  usart.o(.bss)
    .bss                                     0x20000338   Section       64  pwm.o(.bss)
    .bss                                     0x20000378   Section       40  can.o(.bss)
    .bss                                     0x200003a0   Section       96  libspace.o(.bss)
    HEAP                                     0x20000400   Section      512  startup_stm32f10x_hd.o(HEAP)
    Heap_Mem                                 0x20000400   Data         512  startup_stm32f10x_hd.o(HEAP)
    STACK                                    0x20000600   Section     1024  startup_stm32f10x_hd.o(STACK)
    Stack_Mem                                0x20000600   Data        1024  startup_stm32f10x_hd.o(STACK)
    __initial_sp                             0x20000a00   Data           0  startup_stm32f10x_hd.o(STACK)

    Global Symbols

    Symbol Name                              Value     Ov Type        Size  Object(Section)

    BuildAttributes$$THM_ISAv4$P$D$K$B$S$PE$A:L22UL41UL21$X:L11$S22US41US21$IEEE1$IW$USESV6$~STKCKD$USESV7$~SHL$OTIME$ROPI$IEEEX$EBA8$UX$STANDARDLIB$REQ8$PRES8$EABIv2 0x00000000   Number         0  anon$$obj.o ABSOLUTE
    __ARM_use_no_argv                        0x00000000   Number         0  main.o ABSOLUTE
    __ARM_exceptions_init                     - Undefined Weak Reference
    __alloca_initialize                       - Undefined Weak Reference
    __cpp_initialize__aeabi_                  - Undefined Weak Reference
    __cxa_finalize                            - Undefined Weak Reference
    __sigvec_lookup                           - Undefined Weak Reference
    _atexit_init                              - Undefined Weak Reference
    _call_atexit_fns                          - Undefined Weak Reference
    _clock_init                               - Undefined Weak Reference
    _fp_trap_init                             - Undefined Weak Reference
    _fp_trap_shutdown                         - Undefined Weak Reference
    _get_lc_collate                           - Undefined Weak Reference
    _get_lc_monetary                          - Undefined Weak Reference
    _get_lc_time                              - Undefined Weak Reference
    _getenv_init                              - Undefined Weak Reference
    _handle_redirection                       - Undefined Weak Reference
    _init_alloc                               - Undefined Weak Reference
    _init_user_alloc                          - Undefined Weak Reference
    _initio                                   - Undefined Weak Reference
    _rand_init                                - Undefined Weak Reference
    _signal_finish                            - Undefined Weak Reference
    _signal_init                              - Undefined Weak Reference
    _terminate_alloc                          - Undefined Weak Reference
    _terminate_user_alloc                     - Undefined Weak Reference
    _terminateio                              - Undefined Weak Reference
    __Vectors_Size                           0x00000130   Number         0  startup_stm32f10x_hd.o ABSOLUTE
    __Vectors                                0x08000000   Data           4  startup_stm32f10x_hd.o(RESET)
    __Vectors_End                            0x08000130   Data           0  startup_stm32f10x_hd.o(RESET)
    __main                                   0x08000131   Thumb Code     8  __main.o(!!!main)
    __scatterload                            0x08000139   Thumb Code     0  __scatter.o(!!!scatter)
    __scatterload_rt2                        0x08000139   Thumb Code    44  __scatter.o(!!!scatter)
    __scatterload_rt2_thumb_only             0x08000139   Thumb Code     0  __scatter.o(!!!scatter)
    __scatterload_null                       0x08000147   Thumb Code     0  __scatter.o(!!!scatter)
    __decompress                             0x0800016d   Thumb Code    90  __dczerorl2.o(!!dczerorl2)
    __decompress1                            0x0800016d   Thumb Code     0  __dczerorl2.o(!!dczerorl2)
    __scatterload_zeroinit                   0x080001c9   Thumb Code    28  __scatter_zi.o(!!handler_zi)
    __rt_lib_init                            0x080001e5   Thumb Code     0  libinit.o(.ARM.Collect$$libinit$$00000000)
    __rt_lib_init_fp_1                       0x080001e7   Thumb Code     0  libinit2.o(.ARM.Collect$$libinit$$00000002)
    __rt_lib_init_heap_1                     0x080001e7   Thumb Code     0  libinit2.o(.ARM.Collect$$libinit$$00000008)
    __rt_lib_init_lc_common                  0x080001e7   Thumb Code     0  libinit2.o(.ARM.Collect$$libinit$$0000000D)
    __rt_lib_init_rand_1                     0x080001e7   Thumb Code     0  libinit2.o(.ARM.Collect$$libinit$$0000000C)
    __rt_lib_init_user_alloc_1               0x080001e7   Thumb Code     0  libinit2.o(.ARM.Collect$$libinit$$0000000A)
    __rt_lib_init_lc_collate_1               0x080001ed   Thumb Code     0  libinit2.o(.ARM.Collect$$libinit$$0000000F)
    __rt_lib_init_lc_ctype_2                 0x080001ed   Thumb Code     0  libinit2.o(.ARM.Collect$$libinit$$00000010)
    __rt_lib_init_lc_ctype_1                 0x080001f9   Thumb Code     0  libinit2.o(.ARM.Collect$$libinit$$00000011)
    __rt_lib_init_lc_monetary_1              0x080001f9   Thumb Code     0  libinit2.o(.ARM.Collect$$libinit$$00000013)
    __rt_lib_init_lc_numeric_2               0x080001f9   Thumb Code     0  libinit2.o(.ARM.Collect$$libinit$$00000014)
    __rt_lib_init_alloca_1                   0x08000203   Thumb Code     0  libinit2.o(.ARM.Collect$$libinit$$0000002C)
    __rt_lib_init_argv_1                     0x08000203   Thumb Code     0  libinit2.o(.ARM.Collect$$libinit$$0000002A)
    __rt_lib_init_atexit_1                   0x08000203   Thumb Code     0  libinit2.o(.ARM.Collect$$libinit$$00000019)
    __rt_lib_init_clock_1                    0x08000203   Thumb Code     0  libinit2.o(.ARM.Collect$$libinit$$0000001F)
    __rt_lib_init_cpp_1                      0x08000203   Thumb Code     0  libinit2.o(.ARM.Collect$$libinit$$00000030)
    __rt_lib_init_exceptions_1               0x08000203   Thumb Code     0  libinit2.o(.ARM.Collect$$libinit$$0000002E)
    __rt_lib_init_fp_trap_1                  0x08000203   Thumb Code     0  libinit2.o(.ARM.Collect$$libinit$$0000001D)
    __rt_lib_init_getenv_1                   0x08000203   Thumb Code     0  libinit2.o(.ARM.Collect$$libinit$$00000021)
    __rt_lib_init_lc_numeric_1               0x08000203   Thumb Code     0  libinit2.o(.ARM.Collect$$libinit$$00000015)
    __rt_lib_init_lc_time_1                  0x08000203   Thumb Code     0  libinit2.o(.ARM.Collect$$libinit$$00000017)
    __rt_lib_init_return                     0x08000203   Thumb Code     0  libinit2.o(.ARM.Collect$$libinit$$00000031)
    __rt_lib_init_signal_1                   0x08000203   Thumb Code     0  libinit2.o(.ARM.Collect$$libinit$$0000001B)
    __rt_lib_init_stdio_1                    0x08000203   Thumb Code     0  libinit2.o(.ARM.Collect$$libinit$$00000023)
    __rt_lib_shutdown                        0x08000205   Thumb Code     0  libshutdown.o(.ARM.Collect$$libshutdown$$00000000)
    __rt_lib_shutdown_fp_trap_1              0x08000207   Thumb Code     0  libshutdown2.o(.ARM.Collect$$libshutdown$$00000006)
    __rt_lib_shutdown_heap_1                 0x08000207   Thumb Code     0  libshutdown2.o(.ARM.Collect$$libshutdown$$0000000E)
    __rt_lib_shutdown_return                 0x08000207   Thumb Code     0  libshutdown2.o(.ARM.Collect$$libshutdown$$0000000F)
    __rt_lib_shutdown_signal_1               0x08000207   Thumb Code     0  libshutdown2.o(.ARM.Collect$$libshutdown$$00000009)
    __rt_lib_shutdown_stdio_1                0x08000207   Thumb Code     0  libshutdown2.o(.ARM.Collect$$libshutdown$$00000003)
    __rt_lib_shutdown_user_alloc_1           0x08000207   Thumb Code     0  libshutdown2.o(.ARM.Collect$$libshutdown$$0000000B)
    __rt_entry                               0x08000209   Thumb Code     0  rtentry.o(.ARM.Collect$$rtentry$$00000000)
    __rt_entry_presh_1                       0x08000209   Thumb Code     0  rtentry2.o(.ARM.Collect$$rtentry$$00000002)
    __rt_entry_sh                            0x08000209   Thumb Code     0  rtentry4.o(.ARM.Collect$$rtentry$$00000004)
    __rt_entry_li                            0x0800020f   Thumb Code     0  rtentry2.o(.ARM.Collect$$rtentry$$0000000A)
    __rt_entry_postsh_1                      0x0800020f   Thumb Code     0  rtentry2.o(.ARM.Collect$$rtentry$$00000009)
    __rt_entry_main                          0x08000213   Thumb Code     0  rtentry2.o(.ARM.Collect$$rtentry$$0000000D)
    __rt_entry_postli_1                      0x08000213   Thumb Code     0  rtentry2.o(.ARM.Collect$$rtentry$$0000000C)
    __rt_exit                                0x0800021b   Thumb Code     0  rtexit.o(.ARM.Collect$$rtexit$$00000000)
    __rt_exit_ls                             0x0800021d   Thumb Code     0  rtexit2.o(.ARM.Collect$$rtexit$$00000003)
    __rt_exit_prels_1                        0x0800021d   Thumb Code     0  rtexit2.o(.ARM.Collect$$rtexit$$00000002)
    __rt_exit_exit                           0x08000221   Thumb Code     0  rtexit2.o(.ARM.Collect$$rtexit$$00000004)
    msg_check_2                              0x08000229   Thumb Code   206  main.o(.text)
    main                                     0x080002f7   Thumb Code   148  main.o(.text)
    NMI_Handler                              0x080003b1   Thumb Code     2  stm32f10x_it.o(.text)
    HardFault_Handler                        0x080003b3   Thumb Code     4  stm32f10x_it.o(.text)
    MemManage_Handler                        0x080003b7   Thumb Code     4  stm32f10x_it.o(.text)
    BusFault_Handler                         0x080003bb   Thumb Code     4  stm32f10x_it.o(.text)
    UsageFault_Handler                       0x080003bf   Thumb Code     4  stm32f10x_it.o(.text)
    SVC_Handler                              0x080003c3   Thumb Code     2  stm32f10x_it.o(.text)
    DebugMon_Handler                         0x080003c5   Thumb Code     2  stm32f10x_it.o(.text)
    PendSV_Handler                           0x080003c7   Thumb Code     2  stm32f10x_it.o(.text)
    SysTick_Handler                          0x080003c9   Thumb Code     2  stm32f10x_it.o(.text)
    TIM2_IRQHandler                          0x080003cb   Thumb Code    56  stm32f10x_it.o(.text)
    TIM3_IRQHandler                          0x08000403   Thumb Code    54  stm32f10x_it.o(.text)
    TIM4_IRQHandler                          0x08000439   Thumb Code    54  stm32f10x_it.o(.text)
    TIM5_IRQHandler                          0x0800046f   Thumb Code    54  stm32f10x_it.o(.text)
    TIM7_IRQHandler                          0x080004a5   Thumb Code   198  stm32f10x_it.o(.text)
    SystemInit                               0x0800067f   Thumb Code    78  system_stm32f10x.o(.text)
    SystemCoreClockUpdate                    0x080006cd   Thumb Code   142  system_stm32f10x.o(.text)
    Reset_Handler                            0x08000781   Thumb Code     8  startup_stm32f10x_hd.o(.text)
    ADC1_2_IRQHandler                        0x0800079b   Thumb Code     0  startup_stm32f10x_hd.o(.text)
    ADC3_IRQHandler                          0x0800079b   Thumb Code     0  startup_stm32f10x_hd.o(.text)
    CAN1_RX1_IRQHandler                      0x0800079b   Thumb Code     0  startup_stm32f10x_hd.o(.text)
    CAN1_SCE_IRQHandler                      0x0800079b   Thumb Code     0  startup_stm32f10x_hd.o(.text)
    DMA1_Channel1_IRQHandler                 0x0800079b   Thumb Code     0  startup_stm32f10x_hd.o(.text)
    DMA1_Channel2_IRQHandler                 0x0800079b   Thumb Code     0  startup_stm32f10x_hd.o(.text)
    DMA1_Channel3_IRQHandler                 0x0800079b   Thumb Code     0  startup_stm32f10x_hd.o(.text)
    DMA1_Channel4_IRQHandler                 0x0800079b   Thumb Code     0  startup_stm32f10x_hd.o(.text)
    DMA1_Channel5_IRQHandler                 0x0800079b   Thumb Code     0  startup_stm32f10x_hd.o(.text)
    DMA1_Channel6_IRQHandler                 0x0800079b   Thumb Code     0  startup_stm32f10x_hd.o(.text)
    DMA1_Channel7_IRQHandler                 0x0800079b   Thumb Code     0  startup_stm32f10x_hd.o(.text)
    DMA2_Channel1_IRQHandler                 0x0800079b   Thumb Code     0  startup_stm32f10x_hd.o(.text)
    DMA2_Channel2_IRQHandler                 0x0800079b   Thumb Code     0  startup_stm32f10x_hd.o(.text)
    DMA2_Channel3_IRQHandler                 0x0800079b   Thumb Code     0  startup_stm32f10x_hd.o(.text)
    DMA2_Channel4_5_IRQHandler               0x0800079b   Thumb Code     0  startup_stm32f10x_hd.o(.text)
    EXTI0_IRQHandler                         0x0800079b   Thumb Code     0  startup_stm32f10x_hd.o(.text)
    EXTI15_10_IRQHandler                     0x0800079b   Thumb Code     0  startup_stm32f10x_hd.o(.text)
    EXTI1_IRQHandler                         0x0800079b   Thumb Code     0  startup_stm32f10x_hd.o(.text)
    EXTI2_IRQHandler                         0x0800079b   Thumb Code     0  startup_stm32f10x_hd.o(.text)
    EXTI3_IRQHandler                         0x0800079b   Thumb Code     0  startup_stm32f10x_hd.o(.text)
    EXTI4_IRQHandler                         0x0800079b   Thumb Code     0  startup_stm32f10x_hd.o(.text)
    EXTI9_5_IRQHandler                       0x0800079b   Thumb Code     0  startup_stm32f10x_hd.o(.text)
    FLASH_IRQHandler                         0x0800079b   Thumb Code     0  startup_stm32f10x_hd.o(.text)
    FSMC_IRQHandler                          0x0800079b   Thumb Code     0  startup_stm32f10x_hd.o(.text)
    I2C1_ER_IRQHandler                       0x0800079b   Thumb Code     0  startup_stm32f10x_hd.o(.text)
    I2C1_EV_IRQHandler                       0x0800079b   Thumb Code     0  startup_stm32f10x_hd.o(.text)
    I2C2_ER_IRQHandler                       0x0800079b   Thumb Code     0  startup_stm32f10x_hd.o(.text)
    I2C2_EV_IRQHandler                       0x0800079b   Thumb Code     0  startup_stm32f10x_hd.o(.text)
    PVD_IRQHandler                           0x0800079b   Thumb Code     0  startup_stm32f10x_hd.o(.text)
    RCC_IRQHandler                           0x0800079b   Thumb Code     0  startup_stm32f10x_hd.o(.text)
    RTCAlarm_IRQHandler                      0x0800079b   Thumb Code     0  startup_stm32f10x_hd.o(.text)
    RTC_IRQHandler                           0x0800079b   Thumb Code     0  startup_stm32f10x_hd.o(.text)
    SDIO_IRQHandler                          0x0800079b   Thumb Code     0  startup_stm32f10x_hd.o(.text)
    SPI1_IRQHandler                          0x0800079b   Thumb Code     0  startup_stm32f10x_hd.o(.text)
    SPI2_IRQHandler                          0x0800079b   Thumb Code     0  startup_stm32f10x_hd.o(.text)
    SPI3_IRQHandler                          0x0800079b   Thumb Code     0  startup_stm32f10x_hd.o(.text)
    TAMPER_IRQHandler                        0x0800079b   Thumb Code     0  startup_stm32f10x_hd.o(.text)
    TIM1_BRK_IRQHandler                      0x0800079b   Thumb Code     0  startup_stm32f10x_hd.o(.text)
    TIM1_CC_IRQHandler                       0x0800079b   Thumb Code     0  startup_stm32f10x_hd.o(.text)
    TIM1_TRG_COM_IRQHandler                  0x0800079b   Thumb Code     0  startup_stm32f10x_hd.o(.text)
    TIM1_UP_IRQHandler                       0x0800079b   Thumb Code     0  startup_stm32f10x_hd.o(.text)
    TIM6_IRQHandler                          0x0800079b   Thumb Code     0  startup_stm32f10x_hd.o(.text)
    TIM8_BRK_IRQHandler                      0x0800079b   Thumb Code     0  startup_stm32f10x_hd.o(.text)
    TIM8_CC_IRQHandler                       0x0800079b   Thumb Code     0  startup_stm32f10x_hd.o(.text)
    TIM8_TRG_COM_IRQHandler                  0x0800079b   Thumb Code     0  startup_stm32f10x_hd.o(.text)
    TIM8_UP_IRQHandler                       0x0800079b   Thumb Code     0  startup_stm32f10x_hd.o(.text)
    UART4_IRQHandler                         0x0800079b   Thumb Code     0  startup_stm32f10x_hd.o(.text)
    UART5_IRQHandler                         0x0800079b   Thumb Code     0  startup_stm32f10x_hd.o(.text)
    USART1_IRQHandler                        0x0800079b   Thumb Code     0  startup_stm32f10x_hd.o(.text)
    USART3_IRQHandler                        0x0800079b   Thumb Code     0  startup_stm32f10x_hd.o(.text)
    USBWakeUp_IRQHandler                     0x0800079b   Thumb Code     0  startup_stm32f10x_hd.o(.text)
    USB_HP_CAN1_TX_IRQHandler                0x0800079b   Thumb Code     0  startup_stm32f10x_hd.o(.text)
    WWDG_IRQHandler                          0x0800079b   Thumb Code     0  startup_stm32f10x_hd.o(.text)
    __user_initial_stackheap                 0x0800079d   Thumb Code     0  startup_stm32f10x_hd.o(.text)
    NVIC_PriorityGroupConfig                 0x080007c1   Thumb Code    10  misc.o(.text)
    NVIC_Init                                0x080007cb   Thumb Code   100  misc.o(.text)
    NVIC_SetVectorTable                      0x0800082f   Thumb Code    14  misc.o(.text)
    NVIC_SystemLPConfig                      0x0800083d   Thumb Code    34  misc.o(.text)
    SysTick_CLKSourceConfig                  0x0800085f   Thumb Code    40  misc.o(.text)
    CAN_DeInit                               0x0800089d   Thumb Code    50  stm32f10x_can.o(.text)
    CAN_Init                                 0x080008cf   Thumb Code   276  stm32f10x_can.o(.text)
    CAN_FilterInit                           0x080009e3   Thumb Code   258  stm32f10x_can.o(.text)
    CAN_StructInit                           0x08000ae5   Thumb Code    32  stm32f10x_can.o(.text)
    CAN_SlaveStartBank                       0x08000b05   Thumb Code    48  stm32f10x_can.o(.text)
    CAN_DBGFreeze                            0x08000b35   Thumb Code    22  stm32f10x_can.o(.text)
    CAN_TTComModeCmd                         0x08000b4b   Thumb Code   118  stm32f10x_can.o(.text)
    CAN_Transmit                             0x08000bc1   Thumb Code   304  stm32f10x_can.o(.text)
    CAN_TransmitStatus                       0x08000cf1   Thumb Code   138  stm32f10x_can.o(.text)
    CAN_CancelTransmit                       0x08000d7b   Thumb Code    48  stm32f10x_can.o(.text)
    CAN_Receive                              0x08000dab   Thumb Code   240  stm32f10x_can.o(.text)
    CAN_FIFORelease                          0x08000e9b   Thumb Code    22  stm32f10x_can.o(.text)
    CAN_MessagePending                       0x08000eb1   Thumb Code    30  stm32f10x_can.o(.text)
    CAN_OperatingModeRequest                 0x08000ecf   Thumb Code   162  stm32f10x_can.o(.text)
    CAN_Sleep                                0x08000f71   Thumb Code    30  stm32f10x_can.o(.text)
    CAN_WakeUp                               0x08000f8f   Thumb Code    48  stm32f10x_can.o(.text)
    CAN_GetLastErrorCode                     0x08000fbf   Thumb Code    12  stm32f10x_can.o(.text)
    CAN_GetReceiveErrorCounter               0x08000fcb   Thumb Code    10  stm32f10x_can.o(.text)
    CAN_GetLSBTransmitErrorCounter           0x08000fd5   Thumb Code    12  stm32f10x_can.o(.text)
    CAN_ITConfig                             0x08000fe1   Thumb Code    18  stm32f10x_can.o(.text)
    CAN_GetFlagStatus                        0x08000ff3   Thumb Code   120  stm32f10x_can.o(.text)
    CAN_ClearFlag                            0x0800106b   Thumb Code    52  stm32f10x_can.o(.text)
    CAN_GetITStatus                          0x080010b1   Thumb Code   310  stm32f10x_can.o(.text)
    CAN_ClearITPendingBit                    0x080011e7   Thumb Code   162  stm32f10x_can.o(.text)
    GPIO_DeInit                              0x0800128d   Thumb Code   172  stm32f10x_gpio.o(.text)
    GPIO_AFIODeInit                          0x08001339   Thumb Code    20  stm32f10x_gpio.o(.text)
    GPIO_Init                                0x0800134d   Thumb Code   278  stm32f10x_gpio.o(.text)
    GPIO_StructInit                          0x08001463   Thumb Code    16  stm32f10x_gpio.o(.text)
    GPIO_ReadInputDataBit                    0x08001473   Thumb Code    18  stm32f10x_gpio.o(.text)
    GPIO_ReadInputData                       0x08001485   Thumb Code     8  stm32f10x_gpio.o(.text)
    GPIO_ReadOutputDataBit                   0x0800148d   Thumb Code    18  stm32f10x_gpio.o(.text)
    GPIO_ReadOutputData                      0x0800149f   Thumb Code     8  stm32f10x_gpio.o(.text)
    GPIO_SetBits                             0x080014a7   Thumb Code     4  stm32f10x_gpio.o(.text)
    GPIO_ResetBits                           0x080014ab   Thumb Code     4  stm32f10x_gpio.o(.text)
    GPIO_WriteBit                            0x080014af   Thumb Code    10  stm32f10x_gpio.o(.text)
    GPIO_Write                               0x080014b9   Thumb Code     4  stm32f10x_gpio.o(.text)
    GPIO_PinLockConfig                       0x080014bd   Thumb Code    18  stm32f10x_gpio.o(.text)
    GPIO_EventOutputConfig                   0x080014cf   Thumb Code    26  stm32f10x_gpio.o(.text)
    GPIO_EventOutputCmd                      0x080014e9   Thumb Code     6  stm32f10x_gpio.o(.text)
    GPIO_PinRemapConfig                      0x080014ef   Thumb Code   138  stm32f10x_gpio.o(.text)
    GPIO_EXTILineConfig                      0x08001579   Thumb Code    66  stm32f10x_gpio.o(.text)
    GPIO_ETH_MediaInterfaceConfig            0x080015bb   Thumb Code     8  stm32f10x_gpio.o(.text)
    RCC_DeInit                               0x080015e9   Thumb Code    64  stm32f10x_rcc.o(.text)
    RCC_HSEConfig                            0x08001629   Thumb Code    70  stm32f10x_rcc.o(.text)
    RCC_GetFlagStatus                        0x0800166f   Thumb Code    56  stm32f10x_rcc.o(.text)
    RCC_WaitForHSEStartUp                    0x080016a7   Thumb Code    56  stm32f10x_rcc.o(.text)
    RCC_AdjustHSICalibrationValue            0x080016df   Thumb Code    20  stm32f10x_rcc.o(.text)
    RCC_HSICmd                               0x080016f3   Thumb Code     6  stm32f10x_rcc.o(.text)
    RCC_PLLConfig                            0x080016f9   Thumb Code    24  stm32f10x_rcc.o(.text)
    RCC_PLLCmd                               0x08001711   Thumb Code     6  stm32f10x_rcc.o(.text)
    RCC_SYSCLKConfig                         0x08001717   Thumb Code    18  stm32f10x_rcc.o(.text)
    RCC_GetSYSCLKSource                      0x08001729   Thumb Code    10  stm32f10x_rcc.o(.text)
    RCC_HCLKConfig                           0x08001733   Thumb Code    18  stm32f10x_rcc.o(.text)
    RCC_PCLK1Config                          0x08001745   Thumb Code    18  stm32f10x_rcc.o(.text)
    RCC_PCLK2Config                          0x08001757   Thumb Code    20  stm32f10x_rcc.o(.text)
    RCC_ITConfig                             0x0800176b   Thumb Code    26  stm32f10x_rcc.o(.text)
    RCC_USBCLKConfig                         0x08001785   Thumb Code     8  stm32f10x_rcc.o(.text)
    RCC_ADCCLKConfig                         0x0800178d   Thumb Code    18  stm32f10x_rcc.o(.text)
    RCC_LSEConfig                            0x0800179f   Thumb Code    50  stm32f10x_rcc.o(.text)
    RCC_LSICmd                               0x080017d1   Thumb Code     6  stm32f10x_rcc.o(.text)
    RCC_RTCCLKConfig                         0x080017d7   Thumb Code    12  stm32f10x_rcc.o(.text)
    RCC_RTCCLKCmd                            0x080017e3   Thumb Code     8  stm32f10x_rcc.o(.text)
    RCC_GetClocksFreq                        0x080017eb   Thumb Code   192  stm32f10x_rcc.o(.text)
    RCC_AHBPeriphClockCmd                    0x080018ab   Thumb Code    26  stm32f10x_rcc.o(.text)
    RCC_APB2PeriphClockCmd                   0x080018c5   Thumb Code    26  stm32f10x_rcc.o(.text)
    RCC_APB1PeriphClockCmd                   0x080018df   Thumb Code    26  stm32f10x_rcc.o(.text)
    RCC_APB2PeriphResetCmd                   0x080018f9   Thumb Code    26  stm32f10x_rcc.o(.text)
    RCC_APB1PeriphResetCmd                   0x08001913   Thumb Code    26  stm32f10x_rcc.o(.text)
    RCC_BackupResetCmd                       0x0800192d   Thumb Code     8  stm32f10x_rcc.o(.text)
    RCC_ClockSecuritySystemCmd               0x08001935   Thumb Code     6  stm32f10x_rcc.o(.text)
    RCC_MCOConfig                            0x0800193b   Thumb Code     6  stm32f10x_rcc.o(.text)
    RCC_ClearFlag                            0x08001941   Thumb Code    14  stm32f10x_rcc.o(.text)
    RCC_GetITStatus                          0x0800194f   Thumb Code    20  stm32f10x_rcc.o(.text)
    RCC_ClearITPendingBit                    0x08001963   Thumb Code     6  stm32f10x_rcc.o(.text)
    TIM_DeInit                               0x0800198d   Thumb Code   424  stm32f10x_tim.o(.text)
    TIM_TimeBaseInit                         0x08001b35   Thumb Code   122  stm32f10x_tim.o(.text)
    TIM_OC1Init                              0x08001baf   Thumb Code   132  stm32f10x_tim.o(.text)
    TIM_OC2Init                              0x08001c33   Thumb Code   154  stm32f10x_tim.o(.text)
    TIM_OC3Init                              0x08001ccd   Thumb Code   150  stm32f10x_tim.o(.text)
    TIM_OC4Init                              0x08001d63   Thumb Code   182  stm32f10x_tim.o(.text)
    TIM_SetIC4Prescaler                      0x08001e19   Thumb Code    26  stm32f10x_tim.o(.text)
    TIM_SetIC3Prescaler                      0x08001eb5   Thumb Code    18  stm32f10x_tim.o(.text)
    TIM_SetIC2Prescaler                      0x08001f41   Thumb Code    26  stm32f10x_tim.o(.text)
    TIM_SetIC1Prescaler                      0x08001fdd   Thumb Code    18  stm32f10x_tim.o(.text)
    TIM_ICInit                               0x0800205b   Thumb Code   150  stm32f10x_tim.o(.text)
    TIM_PWMIConfig                           0x080020f1   Thumb Code   124  stm32f10x_tim.o(.text)
    TIM_BDTRConfig                           0x0800216d   Thumb Code    32  stm32f10x_tim.o(.text)
    TIM_TimeBaseStructInit                   0x0800218d   Thumb Code    18  stm32f10x_tim.o(.text)
    TIM_OCStructInit                         0x0800219f   Thumb Code    20  stm32f10x_tim.o(.text)
    TIM_ICStructInit                         0x080021b3   Thumb Code    18  stm32f10x_tim.o(.text)
    TIM_BDTRStructInit                       0x080021c5   Thumb Code    40  stm32f10x_tim.o(.text)
    TIM_Cmd                                  0x080021ed   Thumb Code    24  stm32f10x_tim.o(.text)
    TIM_CtrlPWMOutputs                       0x08002205   Thumb Code    30  stm32f10x_tim.o(.text)
    TIM_ITConfig                             0x08002223   Thumb Code    18  stm32f10x_tim.o(.text)
    TIM_GenerateEvent                        0x08002235   Thumb Code     4  stm32f10x_tim.o(.text)
    TIM_DMAConfig                            0x08002239   Thumb Code    10  stm32f10x_tim.o(.text)
    TIM_DMACmd                               0x08002243   Thumb Code    18  stm32f10x_tim.o(.text)
    TIM_InternalClockConfig                  0x08002255   Thumb Code    12  stm32f10x_tim.o(.text)
    TIM_SelectInputTrigger                   0x08002261   Thumb Code    18  stm32f10x_tim.o(.text)
    TIM_ITRxExternalClockConfig              0x08002273   Thumb Code    24  stm32f10x_tim.o(.text)
    TIM_TIxExternalClockConfig               0x0800228b   Thumb Code    62  stm32f10x_tim.o(.text)
    TIM_ETRConfig                            0x080022c9   Thumb Code    28  stm32f10x_tim.o(.text)
    TIM_ETRClockMode1Config                  0x080022e5   Thumb Code    54  stm32f10x_tim.o(.text)
    TIM_ETRClockMode2Config                  0x0800231b   Thumb Code    32  stm32f10x_tim.o(.text)
    TIM_PrescalerConfig                      0x0800233b   Thumb Code     6  stm32f10x_tim.o(.text)
    TIM_CounterModeConfig                    0x08002341   Thumb Code    18  stm32f10x_tim.o(.text)
    TIM_EncoderInterfaceConfig               0x08002353   Thumb Code    66  stm32f10x_tim.o(.text)
    TIM_ForcedOC1Config                      0x08002395   Thumb Code    18  stm32f10x_tim.o(.text)
    TIM_ForcedOC2Config                      0x080023a7   Thumb Code    26  stm32f10x_tim.o(.text)
    TIM_ForcedOC3Config                      0x080023c1   Thumb Code    18  stm32f10x_tim.o(.text)
    TIM_ForcedOC4Config                      0x080023d3   Thumb Code    26  stm32f10x_tim.o(.text)
    TIM_ARRPreloadConfig                     0x080023ed   Thumb Code    24  stm32f10x_tim.o(.text)
    TIM_SelectCOM                            0x08002405   Thumb Code    24  stm32f10x_tim.o(.text)
    TIM_SelectCCDMA                          0x0800241d   Thumb Code    24  stm32f10x_tim.o(.text)
    TIM_CCPreloadControl                     0x08002435   Thumb Code    24  stm32f10x_tim.o(.text)
    TIM_OC1PreloadConfig                     0x0800244d   Thumb Code    18  stm32f10x_tim.o(.text)
    TIM_OC2PreloadConfig                     0x0800245f   Thumb Code    26  stm32f10x_tim.o(.text)
    TIM_OC3PreloadConfig                     0x08002479   Thumb Code    18  stm32f10x_tim.o(.text)
    TIM_OC4PreloadConfig                     0x0800248b   Thumb Code    26  stm32f10x_tim.o(.text)
    TIM_OC1FastConfig                        0x080024a5   Thumb Code    18  stm32f10x_tim.o(.text)
    TIM_OC2FastConfig                        0x080024b7   Thumb Code    26  stm32f10x_tim.o(.text)
    TIM_OC3FastConfig                        0x080024d1   Thumb Code    18  stm32f10x_tim.o(.text)
    TIM_OC4FastConfig                        0x080024e3   Thumb Code    26  stm32f10x_tim.o(.text)
    TIM_ClearOC1Ref                          0x080024fd   Thumb Code    18  stm32f10x_tim.o(.text)
    TIM_ClearOC2Ref                          0x0800250f   Thumb Code    24  stm32f10x_tim.o(.text)
    TIM_ClearOC3Ref                          0x08002527   Thumb Code    18  stm32f10x_tim.o(.text)
    TIM_ClearOC4Ref                          0x08002539   Thumb Code    24  stm32f10x_tim.o(.text)
    TIM_OC1PolarityConfig                    0x08002551   Thumb Code    18  stm32f10x_tim.o(.text)
    TIM_OC1NPolarityConfig                   0x08002563   Thumb Code    18  stm32f10x_tim.o(.text)
    TIM_OC2PolarityConfig                    0x08002575   Thumb Code    26  stm32f10x_tim.o(.text)
    TIM_OC2NPolarityConfig                   0x0800258f   Thumb Code    26  stm32f10x_tim.o(.text)
    TIM_OC3PolarityConfig                    0x080025a9   Thumb Code    26  stm32f10x_tim.o(.text)
    TIM_OC3NPolarityConfig                   0x080025c3   Thumb Code    26  stm32f10x_tim.o(.text)
    TIM_OC4PolarityConfig                    0x080025dd   Thumb Code    26  stm32f10x_tim.o(.text)
    TIM_CCxCmd                               0x080025f7   Thumb Code    30  stm32f10x_tim.o(.text)
    TIM_CCxNCmd                              0x08002615   Thumb Code    30  stm32f10x_tim.o(.text)
    TIM_SelectOCxM                           0x08002633   Thumb Code    82  stm32f10x_tim.o(.text)
    TIM_UpdateDisableConfig                  0x08002685   Thumb Code    24  stm32f10x_tim.o(.text)
    TIM_UpdateRequestConfig                  0x0800269d   Thumb Code    24  stm32f10x_tim.o(.text)
    TIM_SelectHallSensor                     0x080026b5   Thumb Code    24  stm32f10x_tim.o(.text)
    TIM_SelectOnePulseMode                   0x080026cd   Thumb Code    18  stm32f10x_tim.o(.text)
    TIM_SelectOutputTrigger                  0x080026df   Thumb Code    18  stm32f10x_tim.o(.text)
    TIM_SelectSlaveMode                      0x080026f1   Thumb Code    18  stm32f10x_tim.o(.text)
    TIM_SelectMasterSlaveMode                0x08002703   Thumb Code    18  stm32f10x_tim.o(.text)
    TIM_SetCounter                           0x08002715   Thumb Code     4  stm32f10x_tim.o(.text)
    TIM_SetAutoreload                        0x08002719   Thumb Code     4  stm32f10x_tim.o(.text)
    TIM_SetCompare1                          0x0800271d   Thumb Code     4  stm32f10x_tim.o(.text)
    TIM_SetCompare2                          0x08002721   Thumb Code     4  stm32f10x_tim.o(.text)
    TIM_SetCompare3                          0x08002725   Thumb Code     4  stm32f10x_tim.o(.text)
    TIM_SetCompare4                          0x08002729   Thumb Code     6  stm32f10x_tim.o(.text)
    TIM_SetClockDivision                     0x0800272f   Thumb Code    18  stm32f10x_tim.o(.text)
    TIM_GetCapture1                          0x08002741   Thumb Code     6  stm32f10x_tim.o(.text)
    TIM_GetCapture2                          0x08002747   Thumb Code     6  stm32f10x_tim.o(.text)
    TIM_GetCapture3                          0x0800274d   Thumb Code     6  stm32f10x_tim.o(.text)
    TIM_GetCapture4                          0x08002753   Thumb Code     8  stm32f10x_tim.o(.text)
    TIM_GetCounter                           0x0800275b   Thumb Code     6  stm32f10x_tim.o(.text)
    TIM_GetPrescaler                         0x08002761   Thumb Code     6  stm32f10x_tim.o(.text)
    TIM_GetFlagStatus                        0x08002767   Thumb Code    18  stm32f10x_tim.o(.text)
    TIM_ClearFlag                            0x08002779   Thumb Code     6  stm32f10x_tim.o(.text)
    TIM_GetITStatus                          0x0800277f   Thumb Code    34  stm32f10x_tim.o(.text)
    TIM_ClearITPendingBit                    0x080027a1   Thumb Code     6  stm32f10x_tim.o(.text)
    USART_DeInit                             0x080027a9   Thumb Code   134  stm32f10x_usart.o(.text)
    USART_Init                               0x0800282f   Thumb Code   210  stm32f10x_usart.o(.text)
    USART_StructInit                         0x08002901   Thumb Code    24  stm32f10x_usart.o(.text)
    USART_ClockInit                          0x08002919   Thumb Code    34  stm32f10x_usart.o(.text)
    USART_ClockStructInit                    0x0800293b   Thumb Code    12  stm32f10x_usart.o(.text)
    USART_Cmd                                0x08002947   Thumb Code    24  stm32f10x_usart.o(.text)
    USART_ITConfig                           0x0800295f   Thumb Code    74  stm32f10x_usart.o(.text)
    USART_DMACmd                             0x080029a9   Thumb Code    18  stm32f10x_usart.o(.text)
    USART_SetAddress                         0x080029bb   Thumb Code    18  stm32f10x_usart.o(.text)
    USART_WakeUpConfig                       0x080029cd   Thumb Code    18  stm32f10x_usart.o(.text)
    USART_ReceiverWakeUpCmd                  0x080029df   Thumb Code    24  stm32f10x_usart.o(.text)
    USART_LINBreakDetectLengthConfig         0x080029f7   Thumb Code    18  stm32f10x_usart.o(.text)
    USART_LINCmd                             0x08002a09   Thumb Code    24  stm32f10x_usart.o(.text)
    USART_SendData                           0x08002a21   Thumb Code     8  stm32f10x_usart.o(.text)
    USART_ReceiveData                        0x08002a29   Thumb Code    10  stm32f10x_usart.o(.text)
    USART_SendBreak                          0x08002a33   Thumb Code    10  stm32f10x_usart.o(.text)
    USART_SetGuardTime                       0x08002a3d   Thumb Code    16  stm32f10x_usart.o(.text)
    USART_SetPrescaler                       0x08002a4d   Thumb Code    16  stm32f10x_usart.o(.text)
    USART_SmartCardCmd                       0x08002a5d   Thumb Code    24  stm32f10x_usart.o(.text)
    USART_SmartCardNACKCmd                   0x08002a75   Thumb Code    24  stm32f10x_usart.o(.text)
    USART_HalfDuplexCmd                      0x08002a8d   Thumb Code    24  stm32f10x_usart.o(.text)
    USART_OverSampling8Cmd                   0x08002aa5   Thumb Code    22  stm32f10x_usart.o(.text)
    USART_OneBitMethodCmd                    0x08002abb   Thumb Code    24  stm32f10x_usart.o(.text)
    USART_IrDAConfig                         0x08002ad3   Thumb Code    18  stm32f10x_usart.o(.text)
    USART_IrDACmd                            0x08002ae5   Thumb Code    24  stm32f10x_usart.o(.text)
    USART_GetFlagStatus                      0x08002afd   Thumb Code    26  stm32f10x_usart.o(.text)
    USART_ClearFlag                          0x08002b17   Thumb Code    18  stm32f10x_usart.o(.text)
    USART_GetITStatus                        0x08002b29   Thumb Code    84  stm32f10x_usart.o(.text)
    USART_ClearITPendingBit                  0x08002b7d   Thumb Code    52  stm32f10x_usart.o(.text)
    delay_init                               0x08002bb1   Thumb Code    50  delay.o(.text)
    delay_us                                 0x08002be3   Thumb Code    72  delay.o(.text)
    delay_ms                                 0x08002c2b   Thumb Code    72  delay.o(.text)
    NVIC_Configuration                       0x08002c85   Thumb Code    12  sys.o(.text)
    _sys_exit                                0x08002c91   Thumb Code     6  usart.o(.text)
    fputc                                    0x08002c97   Thumb Code    32  usart.o(.text)
    uart_init                                0x08002cb7   Thumb Code   160  usart.o(.text)
    USART2_IRQHandler                        0x08002d57   Thumb Code   122  usart.o(.text)
    LED_Init                                 0x08002de1   Thumb Code    68  led.o(.text)
    TIM8_Mode_Config                         0x08002e6d   Thumb Code   156  pwm.o(.text)
    Speed_con_GPIO_Config                    0x08002f09   Thumb Code    76  pwm.o(.text)
    TIM_PWM_Init                             0x08002f55   Thumb Code    24  pwm.o(.text)
    IncPIDCalc                               0x08002f7d   Thumb Code   238  pid.o(.text)
    Speed_Choose                             0x0800306b   Thumb Code   164  pid.o(.text)
    TaskMotorSpeedAdj                        0x0800310f   Thumb Code  1652  pid.o(.text)
    GPIO_Encoder_Config                      0x080037b1   Thumb Code    96  encooder.o(.text)
    NVIC_Config                              0x08003811   Thumb Code   192  encooder.o(.text)
    Encoder_Mode_Config                      0x080038d1   Thumb Code   462  encooder.o(.text)
    TIM7_Cal_speed_init                      0x08003a9f   Thumb Code    64  encooder.o(.text)
    Encoder_Init                             0x08003adf   Thumb Code    32  encooder.o(.text)
    CAN_Config                               0x08003b21   Thumb Code   228  can.o(.text)
    TaskCanCommadDeal                        0x08003c05   Thumb Code   154  can.o(.text)
    USB_LP_CAN1_RX0_IRQHandler               0x08003c9f   Thumb Code    36  can.o(.text)
    __use_no_semihosting                     0x08003ce5   Thumb Code     2  use_no_semi_2.o(.text)
    __aeabi_memclr4                          0x08003ce7   Thumb Code     0  rt_memclr_w.o(.text)
    __aeabi_memclr8                          0x08003ce7   Thumb Code     0  rt_memclr_w.o(.text)
    __rt_memclr_w                            0x08003ce7   Thumb Code    78  rt_memclr_w.o(.text)
    _memset_w                                0x08003ceb   Thumb Code     0  rt_memclr_w.o(.text)
    __use_two_region_memory                  0x08003d35   Thumb Code     2  heapauxi.o(.text)
    __rt_heap_escrow$2region                 0x08003d37   Thumb Code     2  heapauxi.o(.text)
    __rt_heap_expand$2region                 0x08003d39   Thumb Code     2  heapauxi.o(.text)
    __I$use$semihosting                      0x08003d3b   Thumb Code     0  use_no_semi.o(.text)
    __use_no_semihosting_swi                 0x08003d3b   Thumb Code     2  use_no_semi.o(.text)
    __read_errno                             0x08003d3d   Thumb Code    10  _rserrno.o(.text)
    __set_errno                              0x08003d47   Thumb Code    12  _rserrno.o(.text)
    __strtod_int                             0x08003d91   Thumb Code    88  strtod.o(.text)
    __aeabi_errno_addr                       0x08003df5   Thumb Code     8  rt_errno_addr_intlibspace.o(.text)
    __errno$intlibspace                      0x08003df5   Thumb Code     0  rt_errno_addr_intlibspace.o(.text)
    __rt_errno_addr$intlibspace              0x08003df5   Thumb Code     0  rt_errno_addr_intlibspace.o(.text)
    isspace                                  0x08003dfd   Thumb Code    18  isspace.o(.text)
    _sgetc                                   0x08003e0f   Thumb Code    30  _sgetc.o(.text)
    _sbackspace                              0x08003e2d   Thumb Code    34  _sgetc.o(.text)
    __user_libspace                          0x08003e51   Thumb Code     8  libspace.o(.text)
    __user_perproc_libspace                  0x08003e51   Thumb Code     0  libspace.o(.text)
    __user_perthread_libspace                0x08003e51   Thumb Code     0  libspace.o(.text)
    __user_setup_stackheap                   0x08003e59   Thumb Code    74  sys_stackheap_outer.o(.text)
    __rt_ctype_table                         0x08003ea5   Thumb Code    16  rt_ctype_table.o(.text)
    _scanf_really_real                       0x080040b1   Thumb Code   668  scanf_fp.o(.text)
    exit                                     0x08004359   Thumb Code    12  exit.o(.text)
    strcmp                                   0x08004365   Thumb Code   128  strcmpv7m.o(.text)
    __rt_locale                              0x080043e5   Thumb Code     8  rt_locale_intlibspace.o(.text)
    _btod_etento                             0x080043ed   Thumb Code   212  bigflt0.o(.text)
    _scanf_really_hex_real                   0x080044c5   Thumb Code   778  scanf_hexfp.o(.text)
    _scanf_really_infnan                     0x080047dd   Thumb Code   292  scanf_infnan.o(.text)
    __aeabi_llsl                             0x08004911   Thumb Code     0  llshl.o(.text)
    _ll_shift_l                              0x08004911   Thumb Code    38  llshl.o(.text)
    _chval                                   0x08004937   Thumb Code    28  _chval.o(.text)
    __btod_div_common                        0x08004953   Thumb Code   696  btod.o(CL$$btod_div_common)
    _e2d                                     0x08004c8d   Thumb Code    80  btod.o(CL$$btod_e2d)
    _e2e                                     0x08004ce1   Thumb Code   198  btod.o(CL$$btod_e2e)
    _btod_ediv                               0x08004da7   Thumb Code    40  btod.o(CL$$btod_ediv)
    _btod_edivd                              0x08004dcf   Thumb Code    40  btod.o(CL$$btod_edivd)
    _btod_emul                               0x08004df7   Thumb Code    40  btod.o(CL$$btod_emul)
    _btod_emuld                              0x08004e1f   Thumb Code    40  btod.o(CL$$btod_emuld)
    __btod_mult_common                       0x08004e47   Thumb Code   580  btod.o(CL$$btod_mult_common)
    __mathlib_dbl_underflow                  0x0800508d   Thumb Code    10  dunder.o(i.__mathlib_dbl_underflow)
    __mathlib_narrow                         0x0800509d   Thumb Code    16  narrow.o(i.__mathlib_narrow)
    __mathlib_tofloat                        0x080050ad   Thumb Code   132  narrow.o(i.__mathlib_tofloat)
    __support_ldexp                          0x08005135   Thumb Code    22  ldexp.o(i.__support_ldexp)
    _is_digit                                0x0800514b   Thumb Code    14  scanf_fp.o(i._is_digit)
    atof                                     0x08005159   Thumb Code    42  atof.o(i.atof)
    frexp                                    0x08005185   Thumb Code    80  frexp.o(i.frexp)
    ldexp                                    0x080051dd   Thumb Code   126  ldexp.o(i.ldexp)
    _get_lc_numeric                          0x0800525d   Thumb Code    44  lc_numeric_c.o(locale$$code)
    _get_lc_ctype                            0x08005289   Thumb Code    44  lc_ctype_c.o(locale$$code)
    __aeabi_d2f                              0x080052b5   Thumb Code     0  d2f.o(x$fpl$d2f)
    _d2f                                     0x080052b5   Thumb Code    98  d2f.o(x$fpl$d2f)
    __aeabi_dadd                             0x08005319   Thumb Code     0  daddsub_clz.o(x$fpl$dadd)
    _dadd                                    0x08005319   Thumb Code   332  daddsub_clz.o(x$fpl$dadd)
    __fpl_dcheck_NaN1                        0x08005469   Thumb Code    10  dcheck1.o(x$fpl$dcheck1)
    __fpl_dcmp_Inf                           0x08005479   Thumb Code    24  dcmpi.o(x$fpl$dcmpinf)
    __aeabi_ddiv                             0x08005491   Thumb Code     0  ddiv.o(x$fpl$ddiv)
    _ddiv                                    0x08005491   Thumb Code   552  ddiv.o(x$fpl$ddiv)
    __aeabi_cdcmpeq                          0x08005741   Thumb Code     0  deqf.o(x$fpl$deqf)
    _dcmpeq                                  0x08005741   Thumb Code   120  deqf.o(x$fpl$deqf)
    __aeabi_d2uiz                            0x080057b9   Thumb Code     0  dfixu.o(x$fpl$dfixu)
    _dfixu                                   0x080057b9   Thumb Code    90  dfixu.o(x$fpl$dfixu)
    __aeabi_i2d                              0x08005813   Thumb Code     0  dflt_clz.o(x$fpl$dflt)
    _dflt                                    0x08005813   Thumb Code    46  dflt_clz.o(x$fpl$dflt)
    __aeabi_cdcmple                          0x08005841   Thumb Code     0  dleqf.o(x$fpl$dleqf)
    _dcmple                                  0x08005841   Thumb Code   120  dleqf.o(x$fpl$dleqf)
    __fpl_dcmple_InfNaN                      0x080058a3   Thumb Code     0  dleqf.o(x$fpl$dleqf)
    __aeabi_dmul                             0x080058b9   Thumb Code     0  dmul.o(x$fpl$dmul)
    _dmul                                    0x080058b9   Thumb Code   332  dmul.o(x$fpl$dmul)
    __fpl_dnaninf                            0x08005a0d   Thumb Code   156  dnaninf.o(x$fpl$dnaninf)
    __fpl_dretinf                            0x08005aa9   Thumb Code    12  dretinf.o(x$fpl$dretinf)
    __aeabi_cdrcmple                         0x08005ab5   Thumb Code     0  drleqf.o(x$fpl$drleqf)
    _drcmple                                 0x08005ab5   Thumb Code   108  drleqf.o(x$fpl$drleqf)
    __aeabi_drsub                            0x08005b21   Thumb Code     0  daddsub_clz.o(x$fpl$drsb)
    _drsb                                    0x08005b21   Thumb Code    22  daddsub_clz.o(x$fpl$drsb)
    __aeabi_dsub                             0x08005b39   Thumb Code     0  daddsub_clz.o(x$fpl$dsub)
    _dsub                                    0x08005b39   Thumb Code   464  daddsub_clz.o(x$fpl$dsub)
    __aeabi_f2d                              0x08005d0d   Thumb Code     0  f2d.o(x$fpl$f2d)
    _f2d                                     0x08005d0d   Thumb Code    86  f2d.o(x$fpl$f2d)
    __aeabi_fmul                             0x08005d65   Thumb Code     0  fmul.o(x$fpl$fmul)
    _fmul                                    0x08005d65   Thumb Code   258  fmul.o(x$fpl$fmul)
    __fpl_fnaninf                            0x08005e67   Thumb Code   140  fnaninf.o(x$fpl$fnaninf)
    __fpl_fretinf                            0x08005ef3   Thumb Code    10  fretinf.o(x$fpl$fretinf)
    __fpl_return_NaN                         0x08005efd   Thumb Code   100  retnan.o(x$fpl$retnan)
    __ARM_scalbn                             0x08005f61   Thumb Code    92  scalbn.o(x$fpl$scalbn)
    _scanf_real                              0x08005fbd   Thumb Code     4  scanf1.o(x$fpl$scanf1)
    _scanf_hex_real                          0x08005fc1   Thumb Code     4  scanf2.o(x$fpl$scanf2)
    _scanf_infnan                            0x08005fc5   Thumb Code     4  scanf2.o(x$fpl$scanf2)
    __fpl_cmpreturn                          0x08005fc9   Thumb Code    48  trapv.o(x$fpl$trapveneer)
    __I$use$fp                               0x08005ff8   Number         0  usenofp.o(x$fpl$usenofp)
    Region$$Table$$Base                      0x0800608c   Number         0  anon$$obj.o(Region$$Table)
    Region$$Table$$Limit                     0x080060ac   Number         0  anon$$obj.o(Region$$Table)
    __aeabi_HUGE_VAL                         0x080060ac   Data           0  fpconst.o(c$$dinf)
    __aeabi_HUGE_VALL                        0x080060ac   Data           0  fpconst.o(c$$dinf)
    __aeabi_INFINITY                         0x080060ac   Data           0  fpconst.o(c$$dinf)
    __dInf                                   0x080060ac   Data           0  fpconst.o(c$$dinf)
    __huge_val                               0x080060ac   Data           0  fpconst.o(c$$dinf)
    __ctype                                  0x080060dd   Data           0  lc_ctype_c.o(locale$$data)
    speed_target_1                           0x20000000   Data           8  main.o(.data)
    speed_target_2                           0x20000008   Data           8  main.o(.data)
    speed_target_3                           0x20000010   Data           8  main.o(.data)
    speed_target_4                           0x20000018   Data           8  main.o(.data)
    t                                        0x20000020   Data           1  main.o(.data)
    Speed_Flag                               0x20000021   Data           1  main.o(.data)
    pwm2                                     0x20000028   Data           8  main.o(.data)
    timeflag                                 0x20000030   Data           4  stm32f10x_it.o(.data)
    SystemCoreClock                          0x20000034   Data           4  system_stm32f10x.o(.data)
    AHBPrescTable                            0x20000038   Data          16  system_stm32f10x.o(.data)
    __stdout                                 0x20000060   Data           4  usart.o(.data)
    USART_RX_STA                             0x20000064   Data           2  usart.o(.data)
    vPID                                     0x20000068   Data         256  pid.o(.data)
    flag                                     0x20000168   Data           4  pid.o(.data)
    speed_target                             0x20000170   Data          32  main.o(.bss)
    speed_target_Prv                         0x20000190   Data          32  main.o(.bss)
    pid                                      0x200001b0   Data          64  main.o(.bss)
    tmp_buf                                  0x200001f0   Data          30  main.o(.bss)
    update_count                             0x20000210   Data          16  stm32f10x_it.o(.bss)
    firstcount                               0x20000220   Data          16  stm32f10x_it.o(.bss)
    secondcount                              0x20000230   Data          16  stm32f10x_it.o(.bss)
    speed_pulse                              0x20000240   Data          16  stm32f10x_it.o(.bss)
    speed                                    0x20000250   Data          32  stm32f10x_it.o(.bss)
    USART_RX_BUF                             0x20000270   Data         200  usart.o(.bss)
    pwmA                                     0x20000338   Data          32  pwm.o(.bss)
    pwmB                                     0x20000358   Data          32  pwm.o(.bss)
    TxMessage                                0x20000378   Data          20  can.o(.bss)
    RxMessage                                0x2000038c   Data          20  can.o(.bss)
    __libspace_start                         0x200003a0   Data          96  libspace.o(.bss)
    __temporary_stack_top$libspace           0x20000400   Data           0  libspace.o(.bss)



==============================================================================

Memory Map of the image

  Image Entry point : 0x08000131

  Load Region LR_IROM1 (Base: 0x08000000, Size: 0x0000634c, Max: 0x00080000, ABSOLUTE, COMPRESSED[0x00006208])

    Execution Region ER_IROM1 (Base: 0x08000000, Size: 0x000061e0, Max: 0x00080000, ABSOLUTE)

    Base Addr    Size         Type   Attr      Idx    E Section Name        Object

    0x08000000   0x00000130   Data   RO          192    RESET               startup_stm32f10x_hd.o
    0x08000130   0x00000008   Code   RO          646  * !!!main             c_w.l(__main.o)
    0x08000138   0x00000034   Code   RO          960    !!!scatter          c_w.l(__scatter.o)
    0x0800016c   0x0000005a   Code   RO          958    !!dczerorl2         c_w.l(__dczerorl2.o)
    0x080001c6   0x00000002   PAD
    0x080001c8   0x0000001c   Code   RO          962    !!handler_zi        c_w.l(__scatter_zi.o)
    0x080001e4   0x00000002   Code   RO          753    .ARM.Collect$$libinit$$00000000  c_w.l(libinit.o)
    0x080001e6   0x00000000   Code   RO          755    .ARM.Collect$$libinit$$00000002  c_w.l(libinit2.o)
    0x080001e6   0x00000000   Code   RO          758    .ARM.Collect$$libinit$$00000008  c_w.l(libinit2.o)
    0x080001e6   0x00000000   Code   RO          760    .ARM.Collect$$libinit$$0000000A  c_w.l(libinit2.o)
    0x080001e6   0x00000000   Code   RO          762    .ARM.Collect$$libinit$$0000000C  c_w.l(libinit2.o)
    0x080001e6   0x00000006   Code   RO          763    .ARM.Collect$$libinit$$0000000D  c_w.l(libinit2.o)
    0x080001ec   0x00000000   Code   RO          765    .ARM.Collect$$libinit$$0000000F  c_w.l(libinit2.o)
    0x080001ec   0x0000000c   Code   RO          766    .ARM.Collect$$libinit$$00000010  c_w.l(libinit2.o)
    0x080001f8   0x00000000   Code   RO          767    .ARM.Collect$$libinit$$00000011  c_w.l(libinit2.o)
    0x080001f8   0x00000000   Code   RO          769    .ARM.Collect$$libinit$$00000013  c_w.l(libinit2.o)
    0x080001f8   0x0000000a   Code   RO          770    .ARM.Collect$$libinit$$00000014  c_w.l(libinit2.o)
    0x08000202   0x00000000   Code   RO          771    .ARM.Collect$$libinit$$00000015  c_w.l(libinit2.o)
    0x08000202   0x00000000   Code   RO          773    .ARM.Collect$$libinit$$00000017  c_w.l(libinit2.o)
    0x08000202   0x00000000   Code   RO          775    .ARM.Collect$$libinit$$00000019  c_w.l(libinit2.o)
    0x08000202   0x00000000   Code   RO          777    .ARM.Collect$$libinit$$0000001B  c_w.l(libinit2.o)
    0x08000202   0x00000000   Code   RO          779    .ARM.Collect$$libinit$$0000001D  c_w.l(libinit2.o)
    0x08000202   0x00000000   Code   RO          781    .ARM.Collect$$libinit$$0000001F  c_w.l(libinit2.o)
    0x08000202   0x00000000   Code   RO          783    .ARM.Collect$$libinit$$00000021  c_w.l(libinit2.o)
    0x08000202   0x00000000   Code   RO          785    .ARM.Collect$$libinit$$00000023  c_w.l(libinit2.o)
    0x08000202   0x00000000   Code   RO          789    .ARM.Collect$$libinit$$0000002A  c_w.l(libinit2.o)
    0x08000202   0x00000000   Code   RO          791    .ARM.Collect$$libinit$$0000002C  c_w.l(libinit2.o)
    0x08000202   0x00000000   Code   RO          793    .ARM.Collect$$libinit$$0000002E  c_w.l(libinit2.o)
    0x08000202   0x00000000   Code   RO          795    .ARM.Collect$$libinit$$00000030  c_w.l(libinit2.o)
    0x08000202   0x00000002   Code   RO          796    .ARM.Collect$$libinit$$00000031  c_w.l(libinit2.o)
    0x08000204   0x00000002   Code   RO          886    .ARM.Collect$$libshutdown$$00000000  c_w.l(libshutdown.o)
    0x08000206   0x00000000   Code   RO          910    .ARM.Collect$$libshutdown$$00000003  c_w.l(libshutdown2.o)
    0x08000206   0x00000000   Code   RO          913    .ARM.Collect$$libshutdown$$00000006  c_w.l(libshutdown2.o)
    0x08000206   0x00000000   Code   RO          916    .ARM.Collect$$libshutdown$$00000009  c_w.l(libshutdown2.o)
    0x08000206   0x00000000   Code   RO          918    .ARM.Collect$$libshutdown$$0000000B  c_w.l(libshutdown2.o)
    0x08000206   0x00000000   Code   RO          921    .ARM.Collect$$libshutdown$$0000000E  c_w.l(libshutdown2.o)
    0x08000206   0x00000002   Code   RO          922    .ARM.Collect$$libshutdown$$0000000F  c_w.l(libshutdown2.o)
    0x08000208   0x00000000   Code   RO          688    .ARM.Collect$$rtentry$$00000000  c_w.l(rtentry.o)
    0x08000208   0x00000000   Code   RO          705    .ARM.Collect$$rtentry$$00000002  c_w.l(rtentry2.o)
    0x08000208   0x00000006   Code   RO          717    .ARM.Collect$$rtentry$$00000004  c_w.l(rtentry4.o)
    0x0800020e   0x00000000   Code   RO          707    .ARM.Collect$$rtentry$$00000009  c_w.l(rtentry2.o)
    0x0800020e   0x00000004   Code   RO          708    .ARM.Collect$$rtentry$$0000000A  c_w.l(rtentry2.o)
    0x08000212   0x00000000   Code   RO          710    .ARM.Collect$$rtentry$$0000000C  c_w.l(rtentry2.o)
    0x08000212   0x00000008   Code   RO          711    .ARM.Collect$$rtentry$$0000000D  c_w.l(rtentry2.o)
    0x0800021a   0x00000002   Code   RO          797    .ARM.Collect$$rtexit$$00000000  c_w.l(rtexit.o)
    0x0800021c   0x00000000   Code   RO          854    .ARM.Collect$$rtexit$$00000002  c_w.l(rtexit2.o)
    0x0800021c   0x00000004   Code   RO          855    .ARM.Collect$$rtexit$$00000003  c_w.l(rtexit2.o)
    0x08000220   0x00000006   Code   RO          856    .ARM.Collect$$rtexit$$00000004  c_w.l(rtexit2.o)
    0x08000226   0x00000002   PAD
    0x08000228   0x00000188   Code   RO            1    .text               main.o
    0x080003b0   0x000001f0   Code   RO          110    .text               stm32f10x_it.o
    0x080005a0   0x000001e0   Code   RO          161    .text               system_stm32f10x.o
    0x08000780   0x00000040   Code   RO          193    .text               startup_stm32f10x_hd.o
    0x080007c0   0x000000dc   Code   RO          197    .text               misc.o
    0x0800089c   0x000009f0   Code   RO          239    .text               stm32f10x_can.o
    0x0800128c   0x0000035c   Code   RO          365    .text               stm32f10x_gpio.o
    0x080015e8   0x000003a4   Code   RO          416    .text               stm32f10x_rcc.o
    0x0800198c   0x00000e1a   Code   RO          472    .text               stm32f10x_tim.o
    0x080027a6   0x00000002   PAD
    0x080027a8   0x00000408   Code   RO          484    .text               stm32f10x_usart.o
    0x08002bb0   0x000000d4   Code   RO          511    .text               delay.o
    0x08002c84   0x0000000c   Code   RO          525    .text               sys.o
    0x08002c90   0x00000150   Code   RO          537    .text               usart.o
    0x08002de0   0x0000004c   Code   RO          560    .text               led.o
    0x08002e2c   0x00000150   Code   RO          572    .text               pwm.o
    0x08002f7c   0x00000834   Code   RO          590    .text               pid.o
    0x080037b0   0x00000370   Code   RO          606    .text               encooder.o
    0x08003b20   0x000001c4   Code   RO          618    .text               can.o
    0x08003ce4   0x00000002   Code   RO          640    .text               c_w.l(use_no_semi_2.o)
    0x08003ce6   0x0000004e   Code   RO          642    .text               c_w.l(rt_memclr_w.o)
    0x08003d34   0x00000006   Code   RO          644    .text               c_w.l(heapauxi.o)
    0x08003d3a   0x00000002   Code   RO          686    .text               c_w.l(use_no_semi.o)
    0x08003d3c   0x00000016   Code   RO          689    .text               c_w.l(_rserrno.o)
    0x08003d52   0x00000002   PAD
    0x08003d54   0x000000a0   Code   RO          691    .text               c_w.l(strtod.o)
    0x08003df4   0x00000008   Code   RO          722    .text               c_w.l(rt_errno_addr_intlibspace.o)
    0x08003dfc   0x00000012   Code   RO          724    .text               c_w.l(isspace.o)
    0x08003e0e   0x00000040   Code   RO          726    .text               c_w.l(_sgetc.o)
    0x08003e4e   0x00000002   PAD
    0x08003e50   0x00000008   Code   RO          733    .text               c_w.l(libspace.o)
    0x08003e58   0x0000004a   Code   RO          736    .text               c_w.l(sys_stackheap_outer.o)
    0x08003ea2   0x00000002   PAD
    0x08003ea4   0x00000010   Code   RO          738    .text               c_w.l(rt_ctype_table.o)
    0x08003eb4   0x000004a4   Code   RO          740    .text               c_w.l(scanf_fp.o)
    0x08004358   0x0000000c   Code   RO          744    .text               c_w.l(exit.o)
    0x08004364   0x00000080   Code   RO          746    .text               c_w.l(strcmpv7m.o)
    0x080043e4   0x00000008   Code   RO          802    .text               c_w.l(rt_locale_intlibspace.o)
    0x080043ec   0x000000d8   Code   RO          804    .text               c_w.l(bigflt0.o)
    0x080044c4   0x00000318   Code   RO          860    .text               c_w.l(scanf_hexfp.o)
    0x080047dc   0x00000134   Code   RO          862    .text               c_w.l(scanf_infnan.o)
    0x08004910   0x00000026   Code   RO          876    .text               c_w.l(llshl.o)
    0x08004936   0x0000001c   Code   RO          878    .text               c_w.l(_chval.o)
    0x08004952   0x00000338   Code   RO          817    CL$$btod_div_common  c_w.l(btod.o)
    0x08004c8a   0x00000002   PAD
    0x08004c8c   0x00000054   Code   RO          815    CL$$btod_e2d        c_w.l(btod.o)
    0x08004ce0   0x000000c6   Code   RO          814    CL$$btod_e2e        c_w.l(btod.o)
    0x08004da6   0x00000028   Code   RO          811    CL$$btod_ediv       c_w.l(btod.o)
    0x08004dce   0x00000028   Code   RO          813    CL$$btod_edivd      c_w.l(btod.o)
    0x08004df6   0x00000028   Code   RO          810    CL$$btod_emul       c_w.l(btod.o)
    0x08004e1e   0x00000028   Code   RO          812    CL$$btod_emuld      c_w.l(btod.o)
    0x08004e46   0x00000244   Code   RO          816    CL$$btod_mult_common  c_w.l(btod.o)
    0x0800508a   0x00000002   PAD
    0x0800508c   0x00000010   Code   RO          925    i.__mathlib_dbl_underflow  m_ws.l(dunder.o)
    0x0800509c   0x00000010   Code   RO          847    i.__mathlib_narrow  m_ws.l(narrow.o)
    0x080050ac   0x00000088   Code   RO          848    i.__mathlib_tofloat  m_ws.l(narrow.o)
    0x08005134   0x00000016   Code   RO          890    i.__support_ldexp   m_ws.l(ldexp.o)
    0x0800514a   0x0000000e   Code   RO          742    i._is_digit         c_w.l(scanf_fp.o)
    0x08005158   0x0000002a   Code   RO          683    i.atof              m_ws.l(atof.o)
    0x08005182   0x00000002   PAD
    0x08005184   0x00000058   Code   RO          869    i.frexp             m_ws.l(frexp.o)
    0x080051dc   0x0000007e   Code   RO          891    i.ldexp             m_ws.l(ldexp.o)
    0x0800525a   0x00000002   PAD
    0x0800525c   0x0000002c   Code   RO          729    locale$$code        c_w.l(lc_numeric_c.o)
    0x08005288   0x0000002c   Code   RO          830    locale$$code        c_w.l(lc_ctype_c.o)
    0x080052b4   0x00000062   Code   RO          648    x$fpl$d2f           fz_ws.l(d2f.o)
    0x08005316   0x00000002   PAD
    0x08005318   0x00000150   Code   RO          650    x$fpl$dadd          fz_ws.l(daddsub_clz.o)
    0x08005468   0x00000010   Code   RO          923    x$fpl$dcheck1       fz_ws.l(dcheck1.o)
    0x08005478   0x00000018   Code   RO          693    x$fpl$dcmpinf       fz_ws.l(dcmpi.o)
    0x08005490   0x000002b0   Code   RO          657    x$fpl$ddiv          fz_ws.l(ddiv.o)
    0x08005740   0x00000078   Code   RO          660    x$fpl$deqf          fz_ws.l(deqf.o)
    0x080057b8   0x0000005a   Code   RO          662    x$fpl$dfixu         fz_ws.l(dfixu.o)
    0x08005812   0x0000002e   Code   RO          667    x$fpl$dflt          fz_ws.l(dflt_clz.o)
    0x08005840   0x00000078   Code   RO          672    x$fpl$dleqf         fz_ws.l(dleqf.o)
    0x080058b8   0x00000154   Code   RO          674    x$fpl$dmul          fz_ws.l(dmul.o)
    0x08005a0c   0x0000009c   Code   RO          695    x$fpl$dnaninf       fz_ws.l(dnaninf.o)
    0x08005aa8   0x0000000c   Code   RO          697    x$fpl$dretinf       fz_ws.l(dretinf.o)
    0x08005ab4   0x0000006c   Code   RO          676    x$fpl$drleqf        fz_ws.l(drleqf.o)
    0x08005b20   0x00000016   Code   RO          651    x$fpl$drsb          fz_ws.l(daddsub_clz.o)
    0x08005b36   0x00000002   PAD
    0x08005b38   0x000001d4   Code   RO          652    x$fpl$dsub          fz_ws.l(daddsub_clz.o)
    0x08005d0c   0x00000056   Code   RO          678    x$fpl$f2d           fz_ws.l(f2d.o)
    0x08005d62   0x00000002   PAD
    0x08005d64   0x00000102   Code   RO          680    x$fpl$fmul          fz_ws.l(fmul.o)
    0x08005e66   0x0000008c   Code   RO          699    x$fpl$fnaninf       fz_ws.l(fnaninf.o)
    0x08005ef2   0x0000000a   Code   RO          701    x$fpl$fretinf       fz_ws.l(fretinf.o)
    0x08005efc   0x00000064   Code   RO          932    x$fpl$retnan        fz_ws.l(retnan.o)
    0x08005f60   0x0000005c   Code   RO          887    x$fpl$scalbn        fz_ws.l(scalbn.o)
    0x08005fbc   0x00000004   Code   RO          731    x$fpl$scanf1        fz_ws.l(scanf1.o)
    0x08005fc0   0x00000008   Code   RO          841    x$fpl$scanf2        fz_ws.l(scanf2.o)
    0x08005fc8   0x00000030   Code   RO          938    x$fpl$trapveneer    fz_ws.l(trapv.o)
    0x08005ff8   0x00000000   Code   RO          703    x$fpl$usenofp       fz_ws.l(usenofp.o)
    0x08005ff8   0x00000094   Data   RO          805    .constdata          c_w.l(bigflt0.o)
    0x0800608c   0x00000020   Data   RO          956    Region$$Table       anon$$obj.o
    0x080060ac   0x00000008   Data   RO          834    c$$dinf             fz_ws.l(fpconst.o)
    0x080060b4   0x0000001c   Data   RO          728    locale$$data        c_w.l(lc_numeric_c.o)
    0x080060d0   0x00000110   Data   RO          829    locale$$data        c_w.l(lc_ctype_c.o)


    Execution Region RW_IRAM1 (Base: 0x20000000, Size: 0x00000a00, Max: 0x00010000, ABSOLUTE, COMPRESSED[0x00000028])

    Base Addr    Size         Type   Attr      Idx    E Section Name        Object

    0x20000000   0x00000030   Data   RW            3    .data               main.o
    0x20000030   0x00000004   Data   RW          112    .data               stm32f10x_it.o
    0x20000034   0x00000014   Data   RW          162    .data               system_stm32f10x.o
    0x20000048   0x00000014   Data   RW          417    .data               stm32f10x_rcc.o
    0x2000005c   0x00000004   Data   RW          512    .data               delay.o
    0x20000060   0x00000006   Data   RW          539    .data               usart.o
    0x20000066   0x00000002   PAD
    0x20000068   0x00000104   Data   RW          591    .data               pid.o
    0x2000016c   0x00000004   PAD
    0x20000170   0x0000009e   Zero   RW            2    .bss                main.o
    0x2000020e   0x00000002   PAD
    0x20000210   0x00000060   Zero   RW          111    .bss                stm32f10x_it.o
    0x20000270   0x000000c8   Zero   RW          538    .bss                usart.o
    0x20000338   0x00000040   Zero   RW          573    .bss                pwm.o
    0x20000378   0x00000028   Zero   RW          619    .bss                can.o
    0x200003a0   0x00000060   Zero   RW          734    .bss                c_w.l(libspace.o)
    0x20000400   0x00000200   Zero   RW          191    HEAP                startup_stm32f10x_hd.o
    0x20000600   0x00000400   Zero   RW          190    STACK               startup_stm32f10x_hd.o


==============================================================================

Image component sizes


      Code (inc. data)   RO Data    RW Data    ZI Data      Debug   Object Name

       452         34          0          0         40       2023   can.o
         0          0          0          0          0         32   core_cm3.o
       212         18          0          4          0       1087   delay.o
       880         34          0          0          0       1811   encooder.o
        76          8          0          0          0        531   led.o
       392         38          0         48        158     263888   main.o
       220         22          0          0          0       1869   misc.o
      2100        120          0        260          0       2660   pid.o
       336         16          0          0         64       1942   pwm.o
        64         26        304          0       1536        796   startup_stm32f10x_hd.o
      2544         38          0          0          0       7924   stm32f10x_can.o
       860         38          0          0          0       5713   stm32f10x_gpio.o
       496         54          0          4         96     206125   stm32f10x_it.o
       932         36          0         20          0       8920   stm32f10x_rcc.o
      3610         88          0          0          0      22200   stm32f10x_tim.o
      1032         22          0          0          0       8440   stm32f10x_usart.o
        12          0          0          0          0        485   sys.o
       480         38          0         20          0       1839   system_stm32f10x.o
       336         16          0          6        200       3298   usart.o

    ----------------------------------------------------------------------
     15036        646        336        364       2100     541583   Object Totals
         0          0         32          0          0          0   (incl. Generated)
         2          0          0          2          6          0   (incl. Padding)

    ----------------------------------------------------------------------

      Code (inc. data)   RO Data    RW Data    ZI Data      Debug   Library Member Name

        90          0          0          0          0          0   __dczerorl2.o
         8          0          0          0          0         68   __main.o
        52          8          0          0          0          0   __scatter.o
        28          0          0          0          0          0   __scatter_zi.o
        28          0          0          0          0         68   _chval.o
        22          0          0          0          0        100   _rserrno.o
        64          0          0          0          0         84   _sgetc.o
       216          4        148          0          0         96   bigflt0.o
      1846        132          0          0          0        736   btod.o
        12          0          0          0          0         72   exit.o
         6          0          0          0          0        152   heapauxi.o
        18          0          0          0          0         76   isspace.o
        44         10        272          0          0         76   lc_ctype_c.o
        44         10         28          0          0         76   lc_numeric_c.o
         2          0          0          0          0          0   libinit.o
        30          0          0          0          0          0   libinit2.o
         2          0          0          0          0          0   libshutdown.o
         2          0          0          0          0          0   libshutdown2.o
         8          4          0          0         96         68   libspace.o
        38          0          0          0          0         68   llshl.o
        16          4          0          0          0         76   rt_ctype_table.o
         8          4          0          0          0         68   rt_errno_addr_intlibspace.o
         8          4          0          0          0         68   rt_locale_intlibspace.o
        78          0          0          0          0         80   rt_memclr_w.o
         0          0          0          0          0          0   rtentry.o
        12          0          0          0          0          0   rtentry2.o
         6          0          0          0          0          0   rtentry4.o
         2          0          0          0          0          0   rtexit.o
        10          0          0          0          0          0   rtexit2.o
      1202         12          0          0          0        216   scanf_fp.o
       792         14          0          0          0        100   scanf_hexfp.o
       308         16          0          0          0        100   scanf_infnan.o
       128          0          0          0          0         68   strcmpv7m.o
       160         12          0          0          0        120   strtod.o
        74          0          0          0          0         80   sys_stackheap_outer.o
         2          0          0          0          0         68   use_no_semi.o
         2          0          0          0          0         68   use_no_semi_2.o
        98          4          0          0          0         92   d2f.o
       826         16          0          0          0        348   daddsub_clz.o
        16          4          0          0          0         68   dcheck1.o
        24          0          0          0          0         68   dcmpi.o
       688        140          0          0          0        208   ddiv.o
       120          4          0          0          0         92   deqf.o
        90          4          0          0          0         92   dfixu.o
        46          0          0          0          0         68   dflt_clz.o
       120          4          0          0          0         92   dleqf.o
       340         12          0          0          0        104   dmul.o
       156          4          0          0          0         92   dnaninf.o
        12          0          0          0          0         68   dretinf.o
       108          0          0          0          0         80   drleqf.o
        86          4          0          0          0         84   f2d.o
       258          4          0          0          0         84   fmul.o
       140          4          0          0          0         84   fnaninf.o
         0          0          8          0          0          0   fpconst.o
        10          0          0          0          0         68   fretinf.o
       100          0          0          0          0         68   retnan.o
        92          0          0          0          0         68   scalbn.o
         4          0          0          0          0         68   scanf1.o
         8          0          0          0          0         84   scanf2.o
        48          0          0          0          0         68   trapv.o
         0          0          0          0          0          0   usenofp.o
        42          0          0          0          0         84   atof.o
        16          6          0          0          0         68   dunder.o
        88          8          0          0          0         76   frexp.o
       148          0          0          0          0        160   ldexp.o
       152          4          0          0          0        160   narrow.o

    ----------------------------------------------------------------------
      9228        458        456          0         96       5548   Library Totals
        24          2          0          0          0          0   (incl. Padding)

    ----------------------------------------------------------------------

      Code (inc. data)   RO Data    RW Data    ZI Data      Debug   Library Name

      5368        234        448          0         96       2852   c_w.l
      3390        204          8          0          0       2148   fz_ws.l
       446         18          0          0          0        548   m_ws.l

    ----------------------------------------------------------------------
      9228        458        456          0         96       5548   Library Totals

    ----------------------------------------------------------------------

==============================================================================


      Code (inc. data)   RO Data    RW Data    ZI Data      Debug   

     24264       1104        792        364       2196     542655   Grand Totals
     24264       1104        792         40       2196     542655   ELF Image Totals (compressed)
     24264       1104        792         40          0          0   ROM Totals

==============================================================================

    Total RO  Size (Code + RO Data)                25056 (  24.47kB)
    Total RW  Size (RW Data + ZI Data)              2560 (   2.50kB)
    Total ROM Size (Code + RO Data + RW Data)      25096 (  24.51kB)

==============================================================================

