<html>
<body>
<pre>
<h1>µVision Build Log</h1>
<h2>Tool Versions:</h2>
IDE-Version: ¦ÌVision V5.14.0.0
Copyright (C) 2015 ARM Ltd and ARM Germany GmbH. All rights reserved.
License Information: µÄ ÕÅ½ðÑô, vf, LIC=----
 
Tool Versions:
Toolchain:       MDK-Lite  Version: 5.14.0.0
Toolchain Path:  C:\Keil_v5\ARM\ARMCC\Bin
C Compiler:      Armcc.exe V5.05 update 1 (build 106)
Assembler:       Armasm.exe V5.05 update 1 (build 106)
Linker/Locator:  ArmLink.exe V5.05 update 1 (build 106)
Library Manager: ArmAr.exe V5.05 update 1 (build 106)
Hex Converter:   FromElf.exe V5.05 update 1 (build 106)
CPU DLL:         SARMCM3.DLL V5.14.0.0
Dialog DLL:      DCM.DLL V1.13.1.0
Target DLL:      STLink\ST-LINKIII-KEIL_SWO.dll V2.0.14.0_KEIL
Dialog DLL:      TCM.DLL V1.14.4.0
 
<h2>Project:</h2>
C:\STM32\RCT6\mo ni\USER\Template.uvprojx
Project File Date:  09/16/2016

<h2>Output:</h2>
Build target 'Template'
compiling main.c...
main.c(97): warning:  #111-D: statement is unreachable
                cap1_1 = cap1_2;
main.c(26): warning:  #550-D: variable "diff3" was set but never used
        float diff3;
main.c(27): warning:  #550-D: variable "diff4" was set but never used
        float diff4;
main.c(28): warning:  #550-D: variable "diff5" was set but never used
        float diff5;
main.c(29): warning:  #550-D: variable "diff6" was set but never used
        float diff6;    
main.c: 5 warnings, 0 errors
linking...
Program Size: Code=8768 RO-data=512 RW-data=52 ZI-data=1836  
FromELF: creating hex file...
"..\OBJ\Template.axf" - 0 Error(s), 5 Warning(s).

<h2>Collection of Component include folders:</h2>
  C:\STM32\RCT6\mo ni\USER\RTE
  C:\Keil_v5\ARM\PACK\Keil\STM32F1xx_DFP\1.0.5\Device\Include

<h2>Collection of Component Files used:</h2>
</pre>
</body>
</html>
