<html>
<body>
<pre>
<h1>µVision Build Log</h1>
<h2>Tool Versions:</h2>
IDE-Version: ¦ÌVision V5.14.0.0
Copyright (C) 2015 ARM Ltd and ARM Germany GmbH. All rights reserved.
License Information: zhang zhang, zhang, LIC=1WSCX-HR329-JN0A8-31W0K-78GHK-PFFBW
 
Tool Versions:
Toolchain:       MDK-ARM Professional  Version: 5.14.0.0
Toolchain Path:  C:\Keil_v5\ARM\ARMCC\Bin
C Compiler:      Armcc.exe V5.05 update 1 (build 106)
Assembler:       Armasm.exe V5.05 update 1 (build 106)
Linker/Locator:  ArmLink.exe V5.05 update 1 (build 106)
Library Manager: ArmAr.exe V5.05 update 1 (build 106)
Hex Converter:   FromElf.exe V5.05 update 1 (build 106)
CPU DLL:         SARMCM3.DLL V5.14.0.0
Dialog DLL:      DARMSTM.DLL V1.65.0.0
Target DLL:      STLink\ST-LINKIII-KEIL_SWO.dll V2.0.14.0_KEIL
Dialog DLL:      TARMSTM.DLL V1.64.0.0
 
<h2>Project:</h2>
C:\Users\zhang\Documents\STM32´úÂë\RCT6\vl53l0x\USER\Template.uvprojx
Project File Date:  10/06/2016

<h2>Output:</h2>
Build target 'Template'
compiling main.c...
main.c(20): warning:  #550-D: variable "acnt" was set but never used
        u16 acnt;
main.c(21): warning:  #550-D: variable "scnt" was set but never used
        u16 scnt;
main.c(23): warning:  #550-D: variable "DeviceRangeStatusInternal" was set but never used
        u8 DeviceRangeStatusInternal;
main.c: 3 warnings, 0 errors
linking...
Program Size: Code=4188 RO-data=336 RW-data=52 ZI-data=1852  
FromELF: creating hex file...
"..\OBJ\Template.axf" - 0 Error(s), 3 Warning(s).

<h2>Collection of Component include folders:</h2>
  C:\Users\zhang\Documents\STM32´úÂë\RCT6\vl53l0x\USER\RTE
  C:\Keil_v5\ARM\PACK\Keil\STM32F1xx_DFP\1.0.5\Device\Include

<h2>Collection of Component Files used:</h2>
</pre>
</body>
</html>
