<html>
<body>
<pre>
<h1>礦ision Build Log</h1>
<h2>Project:</h2>
D:\竞赛\救援机器人\云台 test 3 +mpu\USER\USART.uvproj
Project File Date:  03/12/2016

<h2>Output:</h2>
Build target 'Target 1'
linking...
Program Size: Code=23410 RO-data=774 RW-data=252 ZI-data=2300  
FromELF: creating hex file...
"..\OBJ\USART.axf" - 0 Error(s), 0 Warning(s).
Load "..\\OBJ\\USART.axf" 
Set JLink Project File to "D:\竞赛\救援机器人\云台 test 3 +mpu\USER\JLinkSettings.ini"
* JLink Info: Device "STM32F103RC" selected (256 KB flash, 48 KB RAM).
 
JLink info:
------------
DLL: V4.80g, compiled Feb 13 2014 20:50:02
Firmware: J-Link ARM V8 compiled Nov 25 2013 19:20:08
Hardware: V8.00
S/N : 286370559 
Feature(s) : RDI,FlashDL,FlashBP,JFlash 
 
* JLink Info: STM32F1xxx: Can not attach to CPU. Trying connect under reset.
Error: Flash Download failed  -  Target DLL has been cancelled
Load "..\\OBJ\\USART.axf" 
Set JLink Project File to "D:\竞赛\救援机器人\云台 test 3 +mpu\USER\JLinkSettings.ini"
* JLink Info: Device "STM32F103RC" selected (256 KB flash, 48 KB RAM).
 
JLink info:
------------
DLL: V4.80g, compiled Feb 13 2014 20:50:02
Firmware: J-Link ARM V8 compiled Nov 25 2013 19:20:08
Hardware: V8.00
S/N : 286370559 
Feature(s) : RDI,FlashDL,FlashBP,JFlash 
 
* JLink Info: STM32F1xxx: Can not attach to CPU. Trying connect under reset.
Error: Flash Download failed  -  Target DLL has been cancelled
Load "..\\OBJ\\USART.axf" 
Set JLink Project File to "D:\竞赛\救援机器人\云台 test 3 +mpu\USER\JLinkSettings.ini"
* JLink Info: Device "STM32F103RC" selected (256 KB flash, 48 KB RAM).
 
JLink info:
------------
DLL: V4.80g, compiled Feb 13 2014 20:50:02
Firmware: J-Link ARM V8 compiled Nov 25 2013 19:20:08
Hardware: V8.00
S/N : 286370559 
Feature(s) : RDI,FlashDL,FlashBP,JFlash 
 
* JLink Info: Found SWD-DP with ID 0x1BA01477
* JLink Info: Found SWD-DP with ID 0x1BA01477
* JLink Info: Found Cortex-M3 r1p1, Little endian.
* JLink Info: FPUnit: 6 code (BP) slots and 2 literal slots
* JLink Info: TPIU fitted.
* JLink Info: ETM fitted.
ROMTableAddr = 0xE00FF003
 
Target info:
------------
Device: STM32F103RC
VTarget = 3.293V
State of Pins: 
TCK: 0, TDI: 0, TDO: 0, TMS: 1, TRES: 1, TRST: 1
Hardware-Breakpoints: 6
Software-Breakpoints: 8192
Watchpoints:          4
JTAG speed: 4000 kHz
 
Erase Done.
Programming Done.
Verify OK.
Application running ...
</pre>
</body>
</html>
